../../../../../../../../Drivers/CMSIS/Include/core_cm4.h:1790:22:NVIC_SystemReset	4	static,ignoring_inline_asm
D:/EduKit/Edukit_Rotary_Inverted_Pendulum_Project/Edukit_Rotary_Inverted_Pendulum_Project/Projects/Multi/Examples/MotionControl/IHM01A1_ExampleFor1Motor/Src/main.c:252:5:Delay_Pulse	4	static
D:/EduKit/Edukit_Rotary_Inverted_Pendulum_Project/Edukit_Rotary_Inverted_Pendulum_Project/Projects/Multi/Examples/MotionControl/IHM01A1_ExampleFor1Motor/Src/main.c:259:6:Main_StepClockHandler	16	static
D:/EduKit/Edukit_Rotary_Inverted_Pendulum_Project/Edukit_Rotary_Inverted_Pendulum_Project/Projects/Multi/Examples/MotionControl/IHM01A1_ExampleFor1Motor/Src/main.c:278:6:apply_acceleration	88	static
D:/EduKit/Edukit_Rotary_Inverted_Pendulum_Project/Edukit_Rotary_Inverted_Pendulum_Project/Projects/Multi/Examples/MotionControl/IHM01A1_ExampleFor1Motor/Src/main.c:657:6:initialize	8	static
D:/EduKit/Edukit_Rotary_Inverted_Pendulum_Project/Edukit_Rotary_Inverted_Pendulum_Project/Projects/Multi/Examples/MotionControl/IHM01A1_ExampleFor1Motor/Src/main.c:844:6:initialize_main_loop	8	static
D:/EduKit/Edukit_Rotary_Inverted_Pendulum_Project/Edukit_Rotary_Inverted_Pendulum_Project/Projects/Multi/Examples/MotionControl/IHM01A1_ExampleFor1Motor/Src/main.c:928:5:main	8	static
D:/EduKit/Edukit_Rotary_Inverted_Pendulum_Project/Edukit_Rotary_Inverted_Pendulum_Project/Projects/Multi/Examples/MotionControl/IHM01A1_ExampleFor1Motor/Src/main.c:1007:6:MX_TIM3_Init	56	static
D:/EduKit/Edukit_Rotary_Inverted_Pendulum_Project/Edukit_Rotary_Inverted_Pendulum_Project/Projects/Multi/Examples/MotionControl/IHM01A1_ExampleFor1Motor/Src/main.c:1041:6:MX_USART2_UART_Init	16	static
D:/EduKit/Edukit_Rotary_Inverted_Pendulum_Project/Edukit_Rotary_Inverted_Pendulum_Project/Projects/Multi/Examples/MotionControl/IHM01A1_ExampleFor1Motor/Src/main.c:1081:6:MyFlagInterruptHandler	16	static
D:/EduKit/Edukit_Rotary_Inverted_Pendulum_Project/Edukit_Rotary_Inverted_Pendulum_Project/Projects/Multi/Examples/MotionControl/IHM01A1_ExampleFor1Motor/Src/main.c:1147:6:Error_Handler	16	static
D:/EduKit/Edukit_Rotary_Inverted_Pendulum_Project/Edukit_Rotary_Inverted_Pendulum_Project/Projects/Multi/Examples/MotionControl/IHM01A1_ExampleFor1Motor/Src/main.c:1171:15:oppositeSigns	16	static
D:/EduKit/Edukit_Rotary_Inverted_Pendulum_Project/Edukit_Rotary_Inverted_Pendulum_Project/Projects/Multi/Examples/MotionControl/IHM01A1_ExampleFor1Motor/Src/main.c:1180:6:rotor_position_set	16	static
D:/EduKit/Edukit_Rotary_Inverted_Pendulum_Project/Edukit_Rotary_Inverted_Pendulum_Project/Projects/Multi/Examples/MotionControl/IHM01A1_ExampleFor1Motor/Src/main.c:1193:14:rotor_position_read	24	static
D:/EduKit/Edukit_Rotary_Inverted_Pendulum_Project/Edukit_Rotary_Inverted_Pendulum_Project/Projects/Multi/Examples/MotionControl/IHM01A1_ExampleFor1Motor/Src/main.c:1220:6:set_default_configurations	8	static
D:/EduKit/Edukit_Rotary_Inverted_Pendulum_Project/Edukit_Rotary_Inverted_Pendulum_Project/Projects/Multi/Examples/MotionControl/IHM01A1_ExampleFor1Motor/Src/main.c:1258:6:Send_Output_Response	8	static
D:/EduKit/Edukit_Rotary_Inverted_Pendulum_Project/Edukit_Rotary_Inverted_Pendulum_Project/Projects/Multi/Examples/MotionControl/IHM01A1_ExampleFor1Motor/Src/main.c:1272:6:STATE_Pendulum_Stablisation_Postprocessing	8	static
D:/EduKit/Edukit_Rotary_Inverted_Pendulum_Project/Edukit_Rotary_Inverted_Pendulum_Project/Projects/Multi/Examples/MotionControl/IHM01A1_ExampleFor1Motor/Src/main.c:1409:6:STATE_Swinp_Up_Postprocessing	8	static
D:/EduKit/Edukit_Rotary_Inverted_Pendulum_Project/Edukit_Rotary_Inverted_Pendulum_Project/Projects/Multi/Examples/MotionControl/IHM01A1_ExampleFor1Motor/Src/main.c:1436:5:read_Frame	24	static
D:/EduKit/Edukit_Rotary_Inverted_Pendulum_Project/Edukit_Rotary_Inverted_Pendulum_Project/Projects/Multi/Examples/MotionControl/IHM01A1_ExampleFor1Motor/Src/main.c:1516:5:Process_Input_Requests	8	static
