../../../../../../../../Drivers/CMSIS/Include/core_cm4.h:1790:22:NVIC_SystemReset	4	static,ignoring_inline_asm
D:/EduKit/Edukit_Rotary_Inverted_Pendulum_Project/Edukit_Rotary_Inverted_Pendulum_Project/Projects/Multi/Examples/MotionControl/IHM01A1_ExampleFor1Motor/Src/main.c:262:5:Delay_Pulse	4	static
D:/EduKit/Edukit_Rotary_Inverted_Pendulum_Project/Edukit_Rotary_Inverted_Pendulum_Project/Projects/Multi/Examples/MotionControl/IHM01A1_ExampleFor1Motor/Src/main.c:269:6:Main_StepClockHandler	16	static
D:/EduKit/Edukit_Rotary_Inverted_Pendulum_Project/Edukit_Rotary_Inverted_Pendulum_Project/Projects/Multi/Examples/MotionControl/IHM01A1_ExampleFor1Motor/Src/main.c:288:6:apply_acceleration	96	static
D:/EduKit/Edukit_Rotary_Inverted_Pendulum_Project/Edukit_Rotary_Inverted_Pendulum_Project/Projects/Multi/Examples/MotionControl/IHM01A1_ExampleFor1Motor/Src/main.c:393:22:DWT_Delay_until_cycle	16	static
D:/EduKit/Edukit_Rotary_Inverted_Pendulum_Project/Edukit_Rotary_Inverted_Pendulum_Project/Projects/Multi/Examples/MotionControl/IHM01A1_ExampleFor1Motor/Src/main.c:846:6:initialize	8	static
D:/EduKit/Edukit_Rotary_Inverted_Pendulum_Project/Edukit_Rotary_Inverted_Pendulum_Project/Projects/Multi/Examples/MotionControl/IHM01A1_ExampleFor1Motor/Src/main.c:1166:6:initialize_main_loop	8	static
D:/EduKit/Edukit_Rotary_Inverted_Pendulum_Project/Edukit_Rotary_Inverted_Pendulum_Project/Projects/Multi/Examples/MotionControl/IHM01A1_ExampleFor1Motor/Src/main.c:1457:6:setControlCycle	8	static
D:/EduKit/Edukit_Rotary_Inverted_Pendulum_Project/Edukit_Rotary_Inverted_Pendulum_Project/Projects/Multi/Examples/MotionControl/IHM01A1_ExampleFor1Motor/Src/main.c:1514:5:main	8	static
D:/EduKit/Edukit_Rotary_Inverted_Pendulum_Project/Edukit_Rotary_Inverted_Pendulum_Project/Projects/Multi/Examples/MotionControl/IHM01A1_ExampleFor1Motor/Src/main.c:1603:10:Extract_Msg	32	static
D:/EduKit/Edukit_Rotary_Inverted_Pendulum_Project/Edukit_Rotary_Inverted_Pendulum_Project/Projects/Multi/Examples/MotionControl/IHM01A1_ExampleFor1Motor/Src/main.c:1639:7:MX_TIM3_Init	56	static
D:/EduKit/Edukit_Rotary_Inverted_Pendulum_Project/Edukit_Rotary_Inverted_Pendulum_Project/Projects/Multi/Examples/MotionControl/IHM01A1_ExampleFor1Motor/Src/main.c:1673:7:MX_USART2_UART_Init	16	static
D:/EduKit/Edukit_Rotary_Inverted_Pendulum_Project/Edukit_Rotary_Inverted_Pendulum_Project/Projects/Multi/Examples/MotionControl/IHM01A1_ExampleFor1Motor/Src/main.c:1713:6:MyFlagInterruptHandler	16	static
D:/EduKit/Edukit_Rotary_Inverted_Pendulum_Project/Edukit_Rotary_Inverted_Pendulum_Project/Projects/Multi/Examples/MotionControl/IHM01A1_ExampleFor1Motor/Src/main.c:1779:6:Error_Handler	16	static
D:/EduKit/Edukit_Rotary_Inverted_Pendulum_Project/Edukit_Rotary_Inverted_Pendulum_Project/Projects/Multi/Examples/MotionControl/IHM01A1_ExampleFor1Motor/Src/main.c:1801:15:pid_filter_control_execute	40	static
D:/EduKit/Edukit_Rotary_Inverted_Pendulum_Project/Edukit_Rotary_Inverted_Pendulum_Project/Projects/Multi/Examples/MotionControl/IHM01A1_ExampleFor1Motor/Src/main.c:1839:14:encoder_position_read	24	static
D:/EduKit/Edukit_Rotary_Inverted_Pendulum_Project/Edukit_Rotary_Inverted_Pendulum_Project/Projects/Multi/Examples/MotionControl/IHM01A1_ExampleFor1Motor/Src/main.c:1906:15:oppositeSigns	16	static
D:/EduKit/Edukit_Rotary_Inverted_Pendulum_Project/Edukit_Rotary_Inverted_Pendulum_Project/Projects/Multi/Examples/MotionControl/IHM01A1_ExampleFor1Motor/Src/main.c:1915:6:rotor_position_set	16	static
D:/EduKit/Edukit_Rotary_Inverted_Pendulum_Project/Edukit_Rotary_Inverted_Pendulum_Project/Projects/Multi/Examples/MotionControl/IHM01A1_ExampleFor1Motor/Src/main.c:1929:14:rotor_position_read	24	static
D:/EduKit/Edukit_Rotary_Inverted_Pendulum_Project/Edukit_Rotary_Inverted_Pendulum_Project/Projects/Multi/Examples/MotionControl/IHM01A1_ExampleFor1Motor/Src/main.c:1955:6:read_float	40	static
D:/EduKit/Edukit_Rotary_Inverted_Pendulum_Project/Edukit_Rotary_Inverted_Pendulum_Project/Projects/Multi/Examples/MotionControl/IHM01A1_ExampleFor1Motor/Src/main.c:1982:6:read_int	40	static
D:/EduKit/Edukit_Rotary_Inverted_Pendulum_Project/Edukit_Rotary_Inverted_Pendulum_Project/Projects/Multi/Examples/MotionControl/IHM01A1_ExampleFor1Motor/Src/main.c:2010:6:read_char	40	static
D:/EduKit/Edukit_Rotary_Inverted_Pendulum_Project/Edukit_Rotary_Inverted_Pendulum_Project/Projects/Multi/Examples/MotionControl/IHM01A1_ExampleFor1Motor/Src/main.c:2042:6:assign_mode_1	16	static
D:/EduKit/Edukit_Rotary_Inverted_Pendulum_Project/Edukit_Rotary_Inverted_Pendulum_Project/Projects/Multi/Examples/MotionControl/IHM01A1_ExampleFor1Motor/Src/main.c:2061:6:assign_mode_2	16	static
D:/EduKit/Edukit_Rotary_Inverted_Pendulum_Project/Edukit_Rotary_Inverted_Pendulum_Project/Projects/Multi/Examples/MotionControl/IHM01A1_ExampleFor1Motor/Src/main.c:2080:6:assign_mode_3	16	static
D:/EduKit/Edukit_Rotary_Inverted_Pendulum_Project/Edukit_Rotary_Inverted_Pendulum_Project/Projects/Multi/Examples/MotionControl/IHM01A1_ExampleFor1Motor/Src/main.c:2104:6:user_configuration	8	static
D:/EduKit/Edukit_Rotary_Inverted_Pendulum_Project/Edukit_Rotary_Inverted_Pendulum_Project/Projects/Multi/Examples/MotionControl/IHM01A1_ExampleFor1Motor/Src/main.c:2150:6:rotor_encoder_test	16	static
D:/EduKit/Edukit_Rotary_Inverted_Pendulum_Project/Edukit_Rotary_Inverted_Pendulum_Project/Projects/Multi/Examples/MotionControl/IHM01A1_ExampleFor1Motor/Src/main.c:2332:6:SendGAMInput	4	static
D:/EduKit/Edukit_Rotary_Inverted_Pendulum_Project/Edukit_Rotary_Inverted_Pendulum_Project/Projects/Multi/Examples/MotionControl/IHM01A1_ExampleFor1Motor/Src/main.c:2365:6:SendGAMInputMain	16	static
D:/EduKit/Edukit_Rotary_Inverted_Pendulum_Project/Edukit_Rotary_Inverted_Pendulum_Project/Projects/Multi/Examples/MotionControl/IHM01A1_ExampleFor1Motor/Src/main.c:2412:6:STATE_Pendulum_Stablisation_Postprocessing	8	static
D:/EduKit/Edukit_Rotary_Inverted_Pendulum_Project/Edukit_Rotary_Inverted_Pendulum_Project/Projects/Multi/Examples/MotionControl/IHM01A1_ExampleFor1Motor/Src/main.c:2765:6:STATE_Swinp_Up_Postprocessing	8	static
D:/EduKit/Edukit_Rotary_Inverted_Pendulum_Project/Edukit_Rotary_Inverted_Pendulum_Project/Projects/Multi/Examples/MotionControl/IHM01A1_ExampleFor1Motor/Src/main.c:2791:5:read_Frame	24	static
D:/EduKit/Edukit_Rotary_Inverted_Pendulum_Project/Edukit_Rotary_Inverted_Pendulum_Project/Projects/Multi/Examples/MotionControl/IHM01A1_ExampleFor1Motor/Src/main.c:2864:5:ProcessGAMOutput	8	static
