../../../../../../../../Drivers/CMSIS/Include/core_cm4.h:1790:22:NVIC_SystemReset	1
D:/EduKit/Edukit_Rotary_Inverted_Pendulum_Project/Edukit_Rotary_Inverted_Pendulum_Project/Projects/Multi/Examples/MotionControl/IHM01A1_ExampleFor1Motor/Src/main.c:262:5:Delay_Pulse	1
D:/EduKit/Edukit_Rotary_Inverted_Pendulum_Project/Edukit_Rotary_Inverted_Pendulum_Project/Projects/Multi/Examples/MotionControl/IHM01A1_ExampleFor1Motor/Src/main.c:269:6:Main_StepClockHandler	2
D:/EduKit/Edukit_Rotary_Inverted_Pendulum_Project/Edukit_Rotary_Inverted_Pendulum_Project/Projects/Multi/Examples/MotionControl/IHM01A1_ExampleFor1Motor/Src/main.c:288:6:apply_acceleration	18
D:/EduKit/Edukit_Rotary_Inverted_Pendulum_Project/Edukit_Rotary_Inverted_Pendulum_Project/Projects/Multi/Examples/MotionControl/IHM01A1_ExampleFor1Motor/Src/main.c:393:22:DWT_Delay_until_cycle	2
D:/EduKit/Edukit_Rotary_Inverted_Pendulum_Project/Edukit_Rotary_Inverted_Pendulum_Project/Projects/Multi/Examples/MotionControl/IHM01A1_ExampleFor1Motor/Src/main.c:846:6:initialize	1
D:/EduKit/Edukit_Rotary_Inverted_Pendulum_Project/Edukit_Rotary_Inverted_Pendulum_Project/Projects/Multi/Examples/MotionControl/IHM01A1_ExampleFor1Motor/Src/main.c:1166:6:initialize_main_loop	2
D:/EduKit/Edukit_Rotary_Inverted_Pendulum_Project/Edukit_Rotary_Inverted_Pendulum_Project/Projects/Multi/Examples/MotionControl/IHM01A1_ExampleFor1Motor/Src/main.c:1457:6:setControlCycle	8
D:/EduKit/Edukit_Rotary_Inverted_Pendulum_Project/Edukit_Rotary_Inverted_Pendulum_Project/Projects/Multi/Examples/MotionControl/IHM01A1_ExampleFor1Motor/Src/main.c:1514:5:main	3
D:/EduKit/Edukit_Rotary_Inverted_Pendulum_Project/Edukit_Rotary_Inverted_Pendulum_Project/Projects/Multi/Examples/MotionControl/IHM01A1_ExampleFor1Motor/Src/main.c:1603:10:Extract_Msg	5
D:/EduKit/Edukit_Rotary_Inverted_Pendulum_Project/Edukit_Rotary_Inverted_Pendulum_Project/Projects/Multi/Examples/MotionControl/IHM01A1_ExampleFor1Motor/Src/main.c:1639:7:MX_TIM3_Init	3
D:/EduKit/Edukit_Rotary_Inverted_Pendulum_Project/Edukit_Rotary_Inverted_Pendulum_Project/Projects/Multi/Examples/MotionControl/IHM01A1_ExampleFor1Motor/Src/main.c:1673:7:MX_USART2_UART_Init	3
D:/EduKit/Edukit_Rotary_Inverted_Pendulum_Project/Edukit_Rotary_Inverted_Pendulum_Project/Projects/Multi/Examples/MotionControl/IHM01A1_ExampleFor1Motor/Src/main.c:1713:6:MyFlagInterruptHandler	1
D:/EduKit/Edukit_Rotary_Inverted_Pendulum_Project/Edukit_Rotary_Inverted_Pendulum_Project/Projects/Multi/Examples/MotionControl/IHM01A1_ExampleFor1Motor/Src/main.c:1779:6:Error_Handler	1
D:/EduKit/Edukit_Rotary_Inverted_Pendulum_Project/Edukit_Rotary_Inverted_Pendulum_Project/Projects/Multi/Examples/MotionControl/IHM01A1_ExampleFor1Motor/Src/main.c:1801:15:pid_filter_control_execute	1
D:/EduKit/Edukit_Rotary_Inverted_Pendulum_Project/Edukit_Rotary_Inverted_Pendulum_Project/Projects/Multi/Examples/MotionControl/IHM01A1_ExampleFor1Motor/Src/main.c:1839:14:encoder_position_read	8
D:/EduKit/Edukit_Rotary_Inverted_Pendulum_Project/Edukit_Rotary_Inverted_Pendulum_Project/Projects/Multi/Examples/MotionControl/IHM01A1_ExampleFor1Motor/Src/main.c:1906:15:oppositeSigns	1
D:/EduKit/Edukit_Rotary_Inverted_Pendulum_Project/Edukit_Rotary_Inverted_Pendulum_Project/Projects/Multi/Examples/MotionControl/IHM01A1_ExampleFor1Motor/Src/main.c:1915:6:rotor_position_set	1
D:/EduKit/Edukit_Rotary_Inverted_Pendulum_Project/Edukit_Rotary_Inverted_Pendulum_Project/Projects/Multi/Examples/MotionControl/IHM01A1_ExampleFor1Motor/Src/main.c:1929:14:rotor_position_read	4
D:/EduKit/Edukit_Rotary_Inverted_Pendulum_Project/Edukit_Rotary_Inverted_Pendulum_Project/Projects/Multi/Examples/MotionControl/IHM01A1_ExampleFor1Motor/Src/main.c:1955:6:read_float	3
D:/EduKit/Edukit_Rotary_Inverted_Pendulum_Project/Edukit_Rotary_Inverted_Pendulum_Project/Projects/Multi/Examples/MotionControl/IHM01A1_ExampleFor1Motor/Src/main.c:1982:6:read_int	3
D:/EduKit/Edukit_Rotary_Inverted_Pendulum_Project/Edukit_Rotary_Inverted_Pendulum_Project/Projects/Multi/Examples/MotionControl/IHM01A1_ExampleFor1Motor/Src/main.c:2010:6:read_char	3
D:/EduKit/Edukit_Rotary_Inverted_Pendulum_Project/Edukit_Rotary_Inverted_Pendulum_Project/Projects/Multi/Examples/MotionControl/IHM01A1_ExampleFor1Motor/Src/main.c:2042:6:assign_mode_1	1
D:/EduKit/Edukit_Rotary_Inverted_Pendulum_Project/Edukit_Rotary_Inverted_Pendulum_Project/Projects/Multi/Examples/MotionControl/IHM01A1_ExampleFor1Motor/Src/main.c:2061:6:assign_mode_2	1
D:/EduKit/Edukit_Rotary_Inverted_Pendulum_Project/Edukit_Rotary_Inverted_Pendulum_Project/Projects/Multi/Examples/MotionControl/IHM01A1_ExampleFor1Motor/Src/main.c:2080:6:assign_mode_3	1
D:/EduKit/Edukit_Rotary_Inverted_Pendulum_Project/Edukit_Rotary_Inverted_Pendulum_Project/Projects/Multi/Examples/MotionControl/IHM01A1_ExampleFor1Motor/Src/main.c:2104:6:user_configuration	1
D:/EduKit/Edukit_Rotary_Inverted_Pendulum_Project/Edukit_Rotary_Inverted_Pendulum_Project/Projects/Multi/Examples/MotionControl/IHM01A1_ExampleFor1Motor/Src/main.c:2150:6:rotor_encoder_test	3
D:/EduKit/Edukit_Rotary_Inverted_Pendulum_Project/Edukit_Rotary_Inverted_Pendulum_Project/Projects/Multi/Examples/MotionControl/IHM01A1_ExampleFor1Motor/Src/main.c:2332:6:SendGAMInput	1
D:/EduKit/Edukit_Rotary_Inverted_Pendulum_Project/Edukit_Rotary_Inverted_Pendulum_Project/Projects/Multi/Examples/MotionControl/IHM01A1_ExampleFor1Motor/Src/main.c:2365:6:SendGAMInputMain	1
D:/EduKit/Edukit_Rotary_Inverted_Pendulum_Project/Edukit_Rotary_Inverted_Pendulum_Project/Projects/Multi/Examples/MotionControl/IHM01A1_ExampleFor1Motor/Src/main.c:2412:6:STATE_Pendulum_Stablisation_Postprocessing	6
D:/EduKit/Edukit_Rotary_Inverted_Pendulum_Project/Edukit_Rotary_Inverted_Pendulum_Project/Projects/Multi/Examples/MotionControl/IHM01A1_ExampleFor1Motor/Src/main.c:2765:6:STATE_Swinp_Up_Postprocessing	1
D:/EduKit/Edukit_Rotary_Inverted_Pendulum_Project/Edukit_Rotary_Inverted_Pendulum_Project/Projects/Multi/Examples/MotionControl/IHM01A1_ExampleFor1Motor/Src/main.c:2791:5:read_Frame	5
D:/EduKit/Edukit_Rotary_Inverted_Pendulum_Project/Edukit_Rotary_Inverted_Pendulum_Project/Projects/Multi/Examples/MotionControl/IHM01A1_ExampleFor1Motor/Src/main.c:2864:5:ProcessGAMOutput	12
