../../../../../../../../Drivers/CMSIS/Include/core_cm4.h:1790:22:NVIC_SystemReset	4	static,ignoring_inline_asm
D:/EduKit/Edukit_Rotary_Inverted_Pendulum_Project/Edukit_Rotary_Inverted_Pendulum_Project/Projects/Multi/Examples/MotionControl/IHM01A1_ExampleFor1Motor/Src/main.c:262:5:Delay_Pulse	4	static
D:/EduKit/Edukit_Rotary_Inverted_Pendulum_Project/Edukit_Rotary_Inverted_Pendulum_Project/Projects/Multi/Examples/MotionControl/IHM01A1_ExampleFor1Motor/Src/main.c:269:6:Main_StepClockHandler	16	static
D:/EduKit/Edukit_Rotary_Inverted_Pendulum_Project/Edukit_Rotary_Inverted_Pendulum_Project/Projects/Multi/Examples/MotionControl/IHM01A1_ExampleFor1Motor/Src/main.c:288:6:apply_acceleration	96	static
D:/EduKit/Edukit_Rotary_Inverted_Pendulum_Project/Edukit_Rotary_Inverted_Pendulum_Project/Projects/Multi/Examples/MotionControl/IHM01A1_ExampleFor1Motor/Src/main.c:692:6:initialize	8	static
D:/EduKit/Edukit_Rotary_Inverted_Pendulum_Project/Edukit_Rotary_Inverted_Pendulum_Project/Projects/Multi/Examples/MotionControl/IHM01A1_ExampleFor1Motor/Src/main.c:882:6:initialize_main_loop	8	static
D:/EduKit/Edukit_Rotary_Inverted_Pendulum_Project/Edukit_Rotary_Inverted_Pendulum_Project/Projects/Multi/Examples/MotionControl/IHM01A1_ExampleFor1Motor/Src/main.c:965:5:main	8	static
D:/EduKit/Edukit_Rotary_Inverted_Pendulum_Project/Edukit_Rotary_Inverted_Pendulum_Project/Projects/Multi/Examples/MotionControl/IHM01A1_ExampleFor1Motor/Src/main.c:1044:6:MX_TIM3_Init	56	static
D:/EduKit/Edukit_Rotary_Inverted_Pendulum_Project/Edukit_Rotary_Inverted_Pendulum_Project/Projects/Multi/Examples/MotionControl/IHM01A1_ExampleFor1Motor/Src/main.c:1078:6:MX_USART2_UART_Init	16	static
D:/EduKit/Edukit_Rotary_Inverted_Pendulum_Project/Edukit_Rotary_Inverted_Pendulum_Project/Projects/Multi/Examples/MotionControl/IHM01A1_ExampleFor1Motor/Src/main.c:1118:6:MyFlagInterruptHandler	16	static
D:/EduKit/Edukit_Rotary_Inverted_Pendulum_Project/Edukit_Rotary_Inverted_Pendulum_Project/Projects/Multi/Examples/MotionControl/IHM01A1_ExampleFor1Motor/Src/main.c:1184:6:Error_Handler	16	static
D:/EduKit/Edukit_Rotary_Inverted_Pendulum_Project/Edukit_Rotary_Inverted_Pendulum_Project/Projects/Multi/Examples/MotionControl/IHM01A1_ExampleFor1Motor/Src/main.c:1208:15:oppositeSigns	16	static
D:/EduKit/Edukit_Rotary_Inverted_Pendulum_Project/Edukit_Rotary_Inverted_Pendulum_Project/Projects/Multi/Examples/MotionControl/IHM01A1_ExampleFor1Motor/Src/main.c:1217:6:rotor_position_set	16	static
D:/EduKit/Edukit_Rotary_Inverted_Pendulum_Project/Edukit_Rotary_Inverted_Pendulum_Project/Projects/Multi/Examples/MotionControl/IHM01A1_ExampleFor1Motor/Src/main.c:1230:14:rotor_position_read	24	static
D:/EduKit/Edukit_Rotary_Inverted_Pendulum_Project/Edukit_Rotary_Inverted_Pendulum_Project/Projects/Multi/Examples/MotionControl/IHM01A1_ExampleFor1Motor/Src/main.c:1257:6:set_default_configurations	8	static
D:/EduKit/Edukit_Rotary_Inverted_Pendulum_Project/Edukit_Rotary_Inverted_Pendulum_Project/Projects/Multi/Examples/MotionControl/IHM01A1_ExampleFor1Motor/Src/main.c:1295:6:Send_Output_Response	16	static
D:/EduKit/Edukit_Rotary_Inverted_Pendulum_Project/Edukit_Rotary_Inverted_Pendulum_Project/Projects/Multi/Examples/MotionControl/IHM01A1_ExampleFor1Motor/Src/main.c:1333:6:STATE_Pendulum_Stablisation_Postprocessing	8	static
D:/EduKit/Edukit_Rotary_Inverted_Pendulum_Project/Edukit_Rotary_Inverted_Pendulum_Project/Projects/Multi/Examples/MotionControl/IHM01A1_ExampleFor1Motor/Src/main.c:1460:6:STATE_Swinp_Up_Postprocessing	8	static
D:/EduKit/Edukit_Rotary_Inverted_Pendulum_Project/Edukit_Rotary_Inverted_Pendulum_Project/Projects/Multi/Examples/MotionControl/IHM01A1_ExampleFor1Motor/Src/main.c:1487:5:read_Frame	24	static
D:/EduKit/Edukit_Rotary_Inverted_Pendulum_Project/Edukit_Rotary_Inverted_Pendulum_Project/Projects/Multi/Examples/MotionControl/IHM01A1_ExampleFor1Motor/Src/main.c:1560:5:Process_Input_Requests	8	static
