../../../../../../../../Drivers/CMSIS/Include/core_cm4.h:1790:22:NVIC_SystemReset	1
D:/EduKit/Edukit_Rotary_Inverted_Pendulum_Project/Edukit_Rotary_Inverted_Pendulum_Project/Projects/Multi/Examples/MotionControl/IHM01A1_ExampleFor1Motor/Src/main.c:244:5:Delay_Pulse	1
D:/EduKit/Edukit_Rotary_Inverted_Pendulum_Project/Edukit_Rotary_Inverted_Pendulum_Project/Projects/Multi/Examples/MotionControl/IHM01A1_ExampleFor1Motor/Src/main.c:251:6:Main_StepClockHandler	2
D:/EduKit/Edukit_Rotary_Inverted_Pendulum_Project/Edukit_Rotary_Inverted_Pendulum_Project/Projects/Multi/Examples/MotionControl/IHM01A1_ExampleFor1Motor/Src/main.c:270:6:apply_acceleration	18
D:/EduKit/Edukit_Rotary_Inverted_Pendulum_Project/Edukit_Rotary_Inverted_Pendulum_Project/Projects/Multi/Examples/MotionControl/IHM01A1_ExampleFor1Motor/Src/main.c:375:22:DWT_Delay_until_cycle	2
D:/EduKit/Edukit_Rotary_Inverted_Pendulum_Project/Edukit_Rotary_Inverted_Pendulum_Project/Projects/Multi/Examples/MotionControl/IHM01A1_ExampleFor1Motor/Src/main.c:798:6:initialize	1
D:/EduKit/Edukit_Rotary_Inverted_Pendulum_Project/Edukit_Rotary_Inverted_Pendulum_Project/Projects/Multi/Examples/MotionControl/IHM01A1_ExampleFor1Motor/Src/main.c:1111:6:initialize_main_loop	22
D:/EduKit/Edukit_Rotary_Inverted_Pendulum_Project/Edukit_Rotary_Inverted_Pendulum_Project/Projects/Multi/Examples/MotionControl/IHM01A1_ExampleFor1Motor/Src/main.c:1772:6:control_logic_old	16
D:/EduKit/Edukit_Rotary_Inverted_Pendulum_Project/Edukit_Rotary_Inverted_Pendulum_Project/Projects/Multi/Examples/MotionControl/IHM01A1_ExampleFor1Motor/Src/main.c:2734:6:setControlCycle	8
D:/EduKit/Edukit_Rotary_Inverted_Pendulum_Project/Edukit_Rotary_Inverted_Pendulum_Project/Projects/Multi/Examples/MotionControl/IHM01A1_ExampleFor1Motor/Src/main.c:2791:5:main	3
D:/EduKit/Edukit_Rotary_Inverted_Pendulum_Project/Edukit_Rotary_Inverted_Pendulum_Project/Projects/Multi/Examples/MotionControl/IHM01A1_ExampleFor1Motor/Src/main.c:2876:10:Extract_Msg	5
D:/EduKit/Edukit_Rotary_Inverted_Pendulum_Project/Edukit_Rotary_Inverted_Pendulum_Project/Projects/Multi/Examples/MotionControl/IHM01A1_ExampleFor1Motor/Src/main.c:2912:7:MX_TIM3_Init	3
D:/EduKit/Edukit_Rotary_Inverted_Pendulum_Project/Edukit_Rotary_Inverted_Pendulum_Project/Projects/Multi/Examples/MotionControl/IHM01A1_ExampleFor1Motor/Src/main.c:2946:7:MX_USART2_UART_Init	3
D:/EduKit/Edukit_Rotary_Inverted_Pendulum_Project/Edukit_Rotary_Inverted_Pendulum_Project/Projects/Multi/Examples/MotionControl/IHM01A1_ExampleFor1Motor/Src/main.c:2986:6:MyFlagInterruptHandler	1
D:/EduKit/Edukit_Rotary_Inverted_Pendulum_Project/Edukit_Rotary_Inverted_Pendulum_Project/Projects/Multi/Examples/MotionControl/IHM01A1_ExampleFor1Motor/Src/main.c:3052:6:Error_Handler	1
D:/EduKit/Edukit_Rotary_Inverted_Pendulum_Project/Edukit_Rotary_Inverted_Pendulum_Project/Projects/Multi/Examples/MotionControl/IHM01A1_ExampleFor1Motor/Src/main.c:3074:15:pid_filter_control_execute	1
D:/EduKit/Edukit_Rotary_Inverted_Pendulum_Project/Edukit_Rotary_Inverted_Pendulum_Project/Projects/Multi/Examples/MotionControl/IHM01A1_ExampleFor1Motor/Src/main.c:3112:14:encoder_position_read	8
D:/EduKit/Edukit_Rotary_Inverted_Pendulum_Project/Edukit_Rotary_Inverted_Pendulum_Project/Projects/Multi/Examples/MotionControl/IHM01A1_ExampleFor1Motor/Src/main.c:3179:15:oppositeSigns	1
D:/EduKit/Edukit_Rotary_Inverted_Pendulum_Project/Edukit_Rotary_Inverted_Pendulum_Project/Projects/Multi/Examples/MotionControl/IHM01A1_ExampleFor1Motor/Src/main.c:3188:6:rotor_position_set	1
D:/EduKit/Edukit_Rotary_Inverted_Pendulum_Project/Edukit_Rotary_Inverted_Pendulum_Project/Projects/Multi/Examples/MotionControl/IHM01A1_ExampleFor1Motor/Src/main.c:3202:14:rotor_position_read	4
D:/EduKit/Edukit_Rotary_Inverted_Pendulum_Project/Edukit_Rotary_Inverted_Pendulum_Project/Projects/Multi/Examples/MotionControl/IHM01A1_ExampleFor1Motor/Src/main.c:3228:6:read_float	3
D:/EduKit/Edukit_Rotary_Inverted_Pendulum_Project/Edukit_Rotary_Inverted_Pendulum_Project/Projects/Multi/Examples/MotionControl/IHM01A1_ExampleFor1Motor/Src/main.c:3255:6:read_int	3
D:/EduKit/Edukit_Rotary_Inverted_Pendulum_Project/Edukit_Rotary_Inverted_Pendulum_Project/Projects/Multi/Examples/MotionControl/IHM01A1_ExampleFor1Motor/Src/main.c:3283:6:read_char	3
D:/EduKit/Edukit_Rotary_Inverted_Pendulum_Project/Edukit_Rotary_Inverted_Pendulum_Project/Projects/Multi/Examples/MotionControl/IHM01A1_ExampleFor1Motor/Src/main.c:3315:6:assign_mode_1	1
D:/EduKit/Edukit_Rotary_Inverted_Pendulum_Project/Edukit_Rotary_Inverted_Pendulum_Project/Projects/Multi/Examples/MotionControl/IHM01A1_ExampleFor1Motor/Src/main.c:3334:6:assign_mode_2	1
D:/EduKit/Edukit_Rotary_Inverted_Pendulum_Project/Edukit_Rotary_Inverted_Pendulum_Project/Projects/Multi/Examples/MotionControl/IHM01A1_ExampleFor1Motor/Src/main.c:3353:6:assign_mode_3	1
D:/EduKit/Edukit_Rotary_Inverted_Pendulum_Project/Edukit_Rotary_Inverted_Pendulum_Project/Projects/Multi/Examples/MotionControl/IHM01A1_ExampleFor1Motor/Src/main.c:3379:5:mode_index_identification	68
D:/EduKit/Edukit_Rotary_Inverted_Pendulum_Project/Edukit_Rotary_Inverted_Pendulum_Project/Projects/Multi/Examples/MotionControl/IHM01A1_ExampleFor1Motor/Src/main.c:3654:6:set_mode_strings	1
D:/EduKit/Edukit_Rotary_Inverted_Pendulum_Project/Edukit_Rotary_Inverted_Pendulum_Project/Projects/Multi/Examples/MotionControl/IHM01A1_ExampleFor1Motor/Src/main.c:3751:6:user_prompt	1
D:/EduKit/Edukit_Rotary_Inverted_Pendulum_Project/Edukit_Rotary_Inverted_Pendulum_Project/Projects/Multi/Examples/MotionControl/IHM01A1_ExampleFor1Motor/Src/main.c:3772:6:get_user_mode_index	16
D:/EduKit/Edukit_Rotary_Inverted_Pendulum_Project/Edukit_Rotary_Inverted_Pendulum_Project/Projects/Multi/Examples/MotionControl/IHM01A1_ExampleFor1Motor/Src/main.c:3864:6:user_configuration_default	1
D:/EduKit/Edukit_Rotary_Inverted_Pendulum_Project/Edukit_Rotary_Inverted_Pendulum_Project/Projects/Multi/Examples/MotionControl/IHM01A1_ExampleFor1Motor/Src/main.c:3889:6:user_configuration	1
D:/EduKit/Edukit_Rotary_Inverted_Pendulum_Project/Edukit_Rotary_Inverted_Pendulum_Project/Projects/Multi/Examples/MotionControl/IHM01A1_ExampleFor1Motor/Src/main.c:5602:6:rotor_encoder_test	3
D:/EduKit/Edukit_Rotary_Inverted_Pendulum_Project/Edukit_Rotary_Inverted_Pendulum_Project/Projects/Multi/Examples/MotionControl/IHM01A1_ExampleFor1Motor/Src/main.c:5775:6:motor_actuator_characterization_mode	58
D:/EduKit/Edukit_Rotary_Inverted_Pendulum_Project/Edukit_Rotary_Inverted_Pendulum_Project/Projects/Multi/Examples/MotionControl/IHM01A1_ExampleFor1Motor/Src/main.c:6059:6:interactive_rotor_actuator_control	4
D:/EduKit/Edukit_Rotary_Inverted_Pendulum_Project/Edukit_Rotary_Inverted_Pendulum_Project/Projects/Multi/Examples/MotionControl/IHM01A1_ExampleFor1Motor/Src/main.c:6184:6:SendGAMInput	3
D:/EduKit/Edukit_Rotary_Inverted_Pendulum_Project/Edukit_Rotary_Inverted_Pendulum_Project/Projects/Multi/Examples/MotionControl/IHM01A1_ExampleFor1Motor/Src/main.c:6250:6:HandleGAMOutput	6
D:/EduKit/Edukit_Rotary_Inverted_Pendulum_Project/Edukit_Rotary_Inverted_Pendulum_Project/Projects/Multi/Examples/MotionControl/IHM01A1_ExampleFor1Motor/Src/main.c:6280:6:ProcessGAMOutput	4
