D:/EduKit/Edukit_Rotary_Inverted_Pendulum_Project/Edukit_Rotary_Inverted_Pendulum_Project/Drivers/BSP/Components/l6474/l6474.c:240:6:L6474_AttachErrorHandler	16	static
D:/EduKit/Edukit_Rotary_Inverted_Pendulum_Project/Edukit_Rotary_Inverted_Pendulum_Project/Drivers/BSP/Components/l6474/l6474.c:255:6:L6474_AttachFlagInterrupt	16	static
D:/EduKit/Edukit_Rotary_Inverted_Pendulum_Project/Edukit_Rotary_Inverted_Pendulum_Project/Drivers/BSP/Components/l6474/l6474.c:265:6:L6474_CmdDisable	16	static
D:/EduKit/Edukit_Rotary_Inverted_Pendulum_Project/Edukit_Rotary_Inverted_Pendulum_Project/Drivers/BSP/Components/l6474/l6474.c:275:6:L6474_CmdEnable	16	static
D:/EduKit/Edukit_Rotary_Inverted_Pendulum_Project/Edukit_Rotary_Inverted_Pendulum_Project/Drivers/BSP/Components/l6474/l6474.c:286:10:L6474_CmdGetParam	32	static
D:/EduKit/Edukit_Rotary_Inverted_Pendulum_Project/Edukit_Rotary_Inverted_Pendulum_Project/Drivers/BSP/Components/l6474/l6474.c:364:10:L6474_CmdGetStatus	24	static
D:/EduKit/Edukit_Rotary_Inverted_Pendulum_Project/Edukit_Rotary_Inverted_Pendulum_Project/Drivers/BSP/Components/l6474/l6474.c:414:6:L6474_CmdNop	16	static
D:/EduKit/Edukit_Rotary_Inverted_Pendulum_Project/Edukit_Rotary_Inverted_Pendulum_Project/Drivers/BSP/Components/l6474/l6474.c:426:6:L6474_CmdSetParam	32	static
D:/EduKit/Edukit_Rotary_Inverted_Pendulum_Project/Edukit_Rotary_Inverted_Pendulum_Project/Drivers/BSP/Components/l6474/l6474.c:493:6:L6474_Init	16	static
D:/EduKit/Edukit_Rotary_Inverted_Pendulum_Project/Edukit_Rotary_Inverted_Pendulum_Project/Drivers/BSP/Components/l6474/l6474.c:536:10:L6474_GetAcceleration	16	static
D:/EduKit/Edukit_Rotary_Inverted_Pendulum_Project/Edukit_Rotary_Inverted_Pendulum_Project/Drivers/BSP/Components/l6474/l6474.c:551:7:L6474_GetAnalogValue	24	static
D:/EduKit/Edukit_Rotary_Inverted_Pendulum_Project/Edukit_Rotary_Inverted_Pendulum_Project/Drivers/BSP/Components/l6474/l6474.c:582:10:L6474_GetCurrentSpeed	16	static
D:/EduKit/Edukit_Rotary_Inverted_Pendulum_Project/Edukit_Rotary_Inverted_Pendulum_Project/Drivers/BSP/Components/l6474/l6474.c:592:10:L6474_GetDeceleration	16	static
D:/EduKit/Edukit_Rotary_Inverted_Pendulum_Project/Edukit_Rotary_Inverted_Pendulum_Project/Drivers/BSP/Components/l6474/l6474.c:602:14:L6474_GetDeviceState	16	static
D:/EduKit/Edukit_Rotary_Inverted_Pendulum_Project/Edukit_Rotary_Inverted_Pendulum_Project/Drivers/BSP/Components/l6474/l6474.c:612:12:L6474_GetDirection	16	static
D:/EduKit/Edukit_Rotary_Inverted_Pendulum_Project/Edukit_Rotary_Inverted_Pendulum_Project/Drivers/BSP/Components/l6474/l6474.c:621:10:L6474_GetFwVersion	4	static
D:/EduKit/Edukit_Rotary_Inverted_Pendulum_Project/Edukit_Rotary_Inverted_Pendulum_Project/Drivers/BSP/Components/l6474/l6474.c:630:13:L6474_GetMotorHandle	4	static
D:/EduKit/Edukit_Rotary_Inverted_Pendulum_Project/Edukit_Rotary_Inverted_Pendulum_Project/Drivers/BSP/Components/l6474/l6474.c:640:9:L6474_GetMark	16	static
D:/EduKit/Edukit_Rotary_Inverted_Pendulum_Project/Edukit_Rotary_Inverted_Pendulum_Project/Drivers/BSP/Components/l6474/l6474.c:650:10:L6474_GetMaxSpeed	16	static
D:/EduKit/Edukit_Rotary_Inverted_Pendulum_Project/Edukit_Rotary_Inverted_Pendulum_Project/Drivers/BSP/Components/l6474/l6474.c:660:10:L6474_GetMinSpeed	16	static
D:/EduKit/Edukit_Rotary_Inverted_Pendulum_Project/Edukit_Rotary_Inverted_Pendulum_Project/Drivers/BSP/Components/l6474/l6474.c:669:9:L6474_GetNbDevices	4	static
D:/EduKit/Edukit_Rotary_Inverted_Pendulum_Project/Edukit_Rotary_Inverted_Pendulum_Project/Drivers/BSP/Components/l6474/l6474.c:679:9:L6474_GetPosition	16	static
D:/EduKit/Edukit_Rotary_Inverted_Pendulum_Project/Edukit_Rotary_Inverted_Pendulum_Project/Drivers/BSP/Components/l6474/l6474.c:689:17:L6474_GetStepMode	24	static
D:/EduKit/Edukit_Rotary_Inverted_Pendulum_Project/Edukit_Rotary_Inverted_Pendulum_Project/Drivers/BSP/Components/l6474/l6474.c:727:17:L6474_GetStopMode	16	static
D:/EduKit/Edukit_Rotary_Inverted_Pendulum_Project/Edukit_Rotary_Inverted_Pendulum_Project/Drivers/BSP/Components/l6474/l6474.c:737:6:L6474_GoHome	16	static
D:/EduKit/Edukit_Rotary_Inverted_Pendulum_Project/Edukit_Rotary_Inverted_Pendulum_Project/Drivers/BSP/Components/l6474/l6474.c:747:6:L6474_GoMark	24	static
D:/EduKit/Edukit_Rotary_Inverted_Pendulum_Project/Edukit_Rotary_Inverted_Pendulum_Project/Drivers/BSP/Components/l6474/l6474.c:761:6:L6474_GoTo	32	static
D:/EduKit/Edukit_Rotary_Inverted_Pendulum_Project/Edukit_Rotary_Inverted_Pendulum_Project/Drivers/BSP/Components/l6474/l6474.c:811:6:L6474_HardStop	16	static
D:/EduKit/Edukit_Rotary_Inverted_Pendulum_Project/Edukit_Rotary_Inverted_Pendulum_Project/Drivers/BSP/Components/l6474/l6474.c:836:6:L6474_HizStop	16	static
D:/EduKit/Edukit_Rotary_Inverted_Pendulum_Project/Edukit_Rotary_Inverted_Pendulum_Project/Drivers/BSP/Components/l6474/l6474.c:858:6:L6474_Move	24	static
D:/EduKit/Edukit_Rotary_Inverted_Pendulum_Project/Edukit_Rotary_Inverted_Pendulum_Project/Drivers/BSP/Components/l6474/l6474.c:890:10:L6474_ReadId	4	static
D:/EduKit/Edukit_Rotary_Inverted_Pendulum_Project/Edukit_Rotary_Inverted_Pendulum_Project/Drivers/BSP/Components/l6474/l6474.c:902:10:L6474_ReadStatusRegister	16	static
D:/EduKit/Edukit_Rotary_Inverted_Pendulum_Project/Edukit_Rotary_Inverted_Pendulum_Project/Drivers/BSP/Components/l6474/l6474.c:911:6:L6474_ReleaseReset	16	static
D:/EduKit/Edukit_Rotary_Inverted_Pendulum_Project/Edukit_Rotary_Inverted_Pendulum_Project/Drivers/BSP/Components/l6474/l6474.c:921:6:L6474_Reset	16	static
D:/EduKit/Edukit_Rotary_Inverted_Pendulum_Project/Edukit_Rotary_Inverted_Pendulum_Project/Drivers/BSP/Components/l6474/l6474.c:930:6:L6474_ResetAllDevices	16	static
D:/EduKit/Edukit_Rotary_Inverted_Pendulum_Project/Edukit_Rotary_Inverted_Pendulum_Project/Drivers/BSP/Components/l6474/l6474.c:952:6:L6474_Run	16	static
D:/EduKit/Edukit_Rotary_Inverted_Pendulum_Project/Edukit_Rotary_Inverted_Pendulum_Project/Drivers/BSP/Components/l6474/l6474.c:975:6:L6474_SelectStepMode	24	static
D:/EduKit/Edukit_Rotary_Inverted_Pendulum_Project/Edukit_Rotary_Inverted_Pendulum_Project/Drivers/BSP/Components/l6474/l6474.c:1023:6:L6474_SetAcceleration	24	static
D:/EduKit/Edukit_Rotary_Inverted_Pendulum_Project/Edukit_Rotary_Inverted_Pendulum_Project/Drivers/BSP/Components/l6474/l6474.c:1046:6:L6474_SetAnalogValue	32	static
D:/EduKit/Edukit_Rotary_Inverted_Pendulum_Project/Edukit_Rotary_Inverted_Pendulum_Project/Drivers/BSP/Components/l6474/l6474.c:1139:6:L6474_SetDeceleration	24	static
D:/EduKit/Edukit_Rotary_Inverted_Pendulum_Project/Edukit_Rotary_Inverted_Pendulum_Project/Drivers/BSP/Components/l6474/l6474.c:1160:6:L6474_SetDirection	16	static
D:/EduKit/Edukit_Rotary_Inverted_Pendulum_Project/Edukit_Rotary_Inverted_Pendulum_Project/Drivers/BSP/Components/l6474/l6474.c:1175:6:L6474_SetHome	24	static
D:/EduKit/Edukit_Rotary_Inverted_Pendulum_Project/Edukit_Rotary_Inverted_Pendulum_Project/Drivers/BSP/Components/l6474/l6474.c:1198:6:L6474_SetNbDevices	16	static
D:/EduKit/Edukit_Rotary_Inverted_Pendulum_Project/Edukit_Rotary_Inverted_Pendulum_Project/Drivers/BSP/Components/l6474/l6474.c:1218:6:L6474_SetMark	24	static
D:/EduKit/Edukit_Rotary_Inverted_Pendulum_Project/Edukit_Rotary_Inverted_Pendulum_Project/Drivers/BSP/Components/l6474/l6474.c:1241:6:L6474_SetMaxSpeed	24	static
D:/EduKit/Edukit_Rotary_Inverted_Pendulum_Project/Edukit_Rotary_Inverted_Pendulum_Project/Drivers/BSP/Components/l6474/l6474.c:1264:6:L6474_SetMinSpeed	24	static
D:/EduKit/Edukit_Rotary_Inverted_Pendulum_Project/Edukit_Rotary_Inverted_Pendulum_Project/Drivers/BSP/Components/l6474/l6474.c:1285:6:L6474_SetStopMode	16	static
D:/EduKit/Edukit_Rotary_Inverted_Pendulum_Project/Edukit_Rotary_Inverted_Pendulum_Project/Drivers/BSP/Components/l6474/l6474.c:1296:6:L6474_SoftStop	24	static
D:/EduKit/Edukit_Rotary_Inverted_Pendulum_Project/Edukit_Rotary_Inverted_Pendulum_Project/Drivers/BSP/Components/l6474/l6474.c:1312:6:L6474_WaitWhileActive	16	static
D:/EduKit/Edukit_Rotary_Inverted_Pendulum_Project/Edukit_Rotary_Inverted_Pendulum_Project/Drivers/BSP/Components/l6474/l6474.c:1332:6:L6474_ApplySpeed	16	static
D:/EduKit/Edukit_Rotary_Inverted_Pendulum_Project/Edukit_Rotary_Inverted_Pendulum_Project/Drivers/BSP/Components/l6474/l6474.c:1375:6:L6474_ComputeSpeedProfile	40	static
D:/EduKit/Edukit_Rotary_Inverted_Pendulum_Project/Edukit_Rotary_Inverted_Pendulum_Project/Drivers/BSP/Components/l6474/l6474.c:1431:9:L6474_ConvertPosition	24	static
D:/EduKit/Edukit_Rotary_Inverted_Pendulum_Project/Edukit_Rotary_Inverted_Pendulum_Project/Drivers/BSP/Components/l6474/l6474.c:1456:6:L6474_ErrorHandler	16	static
D:/EduKit/Edukit_Rotary_Inverted_Pendulum_Project/Edukit_Rotary_Inverted_Pendulum_Project/Drivers/BSP/Components/l6474/l6474.c:1475:6:L6474_FlagInterruptHandler	8	static
D:/EduKit/Edukit_Rotary_Inverted_Pendulum_Project/Edukit_Rotary_Inverted_Pendulum_Project/Drivers/BSP/Components/l6474/l6474.c:1495:6:L6474_SendCommand	24	static
D:/EduKit/Edukit_Rotary_Inverted_Pendulum_Project/Edukit_Rotary_Inverted_Pendulum_Project/Drivers/BSP/Components/l6474/l6474.c:1535:6:L6474_SetDeviceParamsToGivenValues	16	static
D:/EduKit/Edukit_Rotary_Inverted_Pendulum_Project/Edukit_Rotary_Inverted_Pendulum_Project/Drivers/BSP/Components/l6474/l6474.c:1562:6:L6474_SetDeviceParamsToPredefinedValues	16	static
D:/EduKit/Edukit_Rotary_Inverted_Pendulum_Project/Edukit_Rotary_Inverted_Pendulum_Project/Drivers/BSP/Components/l6474/l6474.c:1590:6:L6474_SetRegisterToGivenValues	16	static
D:/EduKit/Edukit_Rotary_Inverted_Pendulum_Project/Edukit_Rotary_Inverted_Pendulum_Project/Drivers/BSP/Components/l6474/l6474.c:1641:6:L6474_SetRegisterToPredefinedValues	16	static
D:/EduKit/Edukit_Rotary_Inverted_Pendulum_Project/Edukit_Rotary_Inverted_Pendulum_Project/Drivers/BSP/Components/l6474/l6474.c:1784:6:L6474_StartMovement	16	static
D:/EduKit/Edukit_Rotary_Inverted_Pendulum_Project/Edukit_Rotary_Inverted_Pendulum_Project/Drivers/BSP/Components/l6474/l6474.c:1807:6:L6474_StepClockHandler	56	static
D:/EduKit/Edukit_Rotary_Inverted_Pendulum_Project/Edukit_Rotary_Inverted_Pendulum_Project/Drivers/BSP/Components/l6474/l6474.c:1945:16:L6474_Ocd_Th_to_Par	16	static
D:/EduKit/Edukit_Rotary_Inverted_Pendulum_Project/Edukit_Rotary_Inverted_Pendulum_Project/Drivers/BSP/Components/l6474/l6474.c:1955:14:L6474_Ocd_Par_to_Th	16	static
D:/EduKit/Edukit_Rotary_Inverted_Pendulum_Project/Edukit_Rotary_Inverted_Pendulum_Project/Drivers/BSP/Components/l6474/l6474.c:1965:16:L6474_Tval_Current_to_Par	16	static
D:/EduKit/Edukit_Rotary_Inverted_Pendulum_Project/Edukit_Rotary_Inverted_Pendulum_Project/Drivers/BSP/Components/l6474/l6474.c:1975:14:L6474_Tval_Par_to_Current	16	static
D:/EduKit/Edukit_Rotary_Inverted_Pendulum_Project/Edukit_Rotary_Inverted_Pendulum_Project/Drivers/BSP/Components/l6474/l6474.c:1985:14:L6474_Tmin_Par_to_Time	16	static
D:/EduKit/Edukit_Rotary_Inverted_Pendulum_Project/Edukit_Rotary_Inverted_Pendulum_Project/Drivers/BSP/Components/l6474/l6474.c:1996:16:L6474_Tmin_Time_to_Par	16	static
D:/EduKit/Edukit_Rotary_Inverted_Pendulum_Project/Edukit_Rotary_Inverted_Pendulum_Project/Drivers/BSP/Components/l6474/l6474.c:2007:6:L6474_WriteBytes	16	static
