Archive member included to satisfy reference by file (symbol)

D:/ST/STM32CubeIDE_1.14.0/STM32CubeIDE/plugins/com.st.stm32cube.ide.mcu.externaltools.gnu-tools-for-stm32.11.3.rel1.win32_1.1.100.202309141235/tools/bin/../lib/gcc/arm-none-eabi/11.3.1/../../../../arm-none-eabi/lib/thumb/v7e-m+fp/hard\libc.a(libc_a-atof.o)
                              ./Example/User/main.o (atof)
D:/ST/STM32CubeIDE_1.14.0/STM32CubeIDE/plugins/com.st.stm32cube.ide.mcu.externaltools.gnu-tools-for-stm32.11.3.rel1.win32_1.1.100.202309141235/tools/bin/../lib/gcc/arm-none-eabi/11.3.1/../../../../arm-none-eabi/lib/thumb/v7e-m+fp/hard\libc.a(libc_a-atoi.o)
                              ./Example/User/main.o (atoi)
D:/ST/STM32CubeIDE_1.14.0/STM32CubeIDE/plugins/com.st.stm32cube.ide.mcu.externaltools.gnu-tools-for-stm32.11.3.rel1.win32_1.1.100.202309141235/tools/bin/../lib/gcc/arm-none-eabi/11.3.1/../../../../arm-none-eabi/lib/thumb/v7e-m+fp/hard\libc.a(libc_a-exit.o)
                              D:/ST/STM32CubeIDE_1.14.0/STM32CubeIDE/plugins/com.st.stm32cube.ide.mcu.externaltools.gnu-tools-for-stm32.11.3.rel1.win32_1.1.100.202309141235/tools/bin/../lib/gcc/arm-none-eabi/11.3.1/../../../../arm-none-eabi/lib/thumb/v7e-m+fp/hard/crt0.o (exit)
D:/ST/STM32CubeIDE_1.14.0/STM32CubeIDE/plugins/com.st.stm32cube.ide.mcu.externaltools.gnu-tools-for-stm32.11.3.rel1.win32_1.1.100.202309141235/tools/bin/../lib/gcc/arm-none-eabi/11.3.1/../../../../arm-none-eabi/lib/thumb/v7e-m+fp/hard\libc.a(libc_a-strtod.o)
                              D:/ST/STM32CubeIDE_1.14.0/STM32CubeIDE/plugins/com.st.stm32cube.ide.mcu.externaltools.gnu-tools-for-stm32.11.3.rel1.win32_1.1.100.202309141235/tools/bin/../lib/gcc/arm-none-eabi/11.3.1/../../../../arm-none-eabi/lib/thumb/v7e-m+fp/hard\libc.a(libc_a-atof.o) (strtod)
D:/ST/STM32CubeIDE_1.14.0/STM32CubeIDE/plugins/com.st.stm32cube.ide.mcu.externaltools.gnu-tools-for-stm32.11.3.rel1.win32_1.1.100.202309141235/tools/bin/../lib/gcc/arm-none-eabi/11.3.1/../../../../arm-none-eabi/lib/thumb/v7e-m+fp/hard\libc.a(libc_a-strtol.o)
                              D:/ST/STM32CubeIDE_1.14.0/STM32CubeIDE/plugins/com.st.stm32cube.ide.mcu.externaltools.gnu-tools-for-stm32.11.3.rel1.win32_1.1.100.202309141235/tools/bin/../lib/gcc/arm-none-eabi/11.3.1/../../../../arm-none-eabi/lib/thumb/v7e-m+fp/hard\libc.a(libc_a-atoi.o) (_strtol_r)
D:/ST/STM32CubeIDE_1.14.0/STM32CubeIDE/plugins/com.st.stm32cube.ide.mcu.externaltools.gnu-tools-for-stm32.11.3.rel1.win32_1.1.100.202309141235/tools/bin/../lib/gcc/arm-none-eabi/11.3.1/../../../../arm-none-eabi/lib/thumb/v7e-m+fp/hard\libc.a(libc_a-ctype_.o)
                              D:/ST/STM32CubeIDE_1.14.0/STM32CubeIDE/plugins/com.st.stm32cube.ide.mcu.externaltools.gnu-tools-for-stm32.11.3.rel1.win32_1.1.100.202309141235/tools/bin/../lib/gcc/arm-none-eabi/11.3.1/../../../../arm-none-eabi/lib/thumb/v7e-m+fp/hard\libc.a(libc_a-strtol.o) (_ctype_)
D:/ST/STM32CubeIDE_1.14.0/STM32CubeIDE/plugins/com.st.stm32cube.ide.mcu.externaltools.gnu-tools-for-stm32.11.3.rel1.win32_1.1.100.202309141235/tools/bin/../lib/gcc/arm-none-eabi/11.3.1/../../../../arm-none-eabi/lib/thumb/v7e-m+fp/hard\libc.a(libc_a-findfp.o)
                              D:/ST/STM32CubeIDE_1.14.0/STM32CubeIDE/plugins/com.st.stm32cube.ide.mcu.externaltools.gnu-tools-for-stm32.11.3.rel1.win32_1.1.100.202309141235/tools/bin/../lib/gcc/arm-none-eabi/11.3.1/../../../../arm-none-eabi/lib/thumb/v7e-m+fp/hard\libc.a(libc_a-exit.o) (__stdio_exit_handler)
D:/ST/STM32CubeIDE_1.14.0/STM32CubeIDE/plugins/com.st.stm32cube.ide.mcu.externaltools.gnu-tools-for-stm32.11.3.rel1.win32_1.1.100.202309141235/tools/bin/../lib/gcc/arm-none-eabi/11.3.1/../../../../arm-none-eabi/lib/thumb/v7e-m+fp/hard\libc.a(libc_a-fwalk.o)
                              D:/ST/STM32CubeIDE_1.14.0/STM32CubeIDE/plugins/com.st.stm32cube.ide.mcu.externaltools.gnu-tools-for-stm32.11.3.rel1.win32_1.1.100.202309141235/tools/bin/../lib/gcc/arm-none-eabi/11.3.1/../../../../arm-none-eabi/lib/thumb/v7e-m+fp/hard\libc.a(libc_a-findfp.o) (_fwalk_sglue)
D:/ST/STM32CubeIDE_1.14.0/STM32CubeIDE/plugins/com.st.stm32cube.ide.mcu.externaltools.gnu-tools-for-stm32.11.3.rel1.win32_1.1.100.202309141235/tools/bin/../lib/gcc/arm-none-eabi/11.3.1/../../../../arm-none-eabi/lib/thumb/v7e-m+fp/hard\libc.a(libc_a-printf.o)
                              ./Example/User/main.o (printf)
D:/ST/STM32CubeIDE_1.14.0/STM32CubeIDE/plugins/com.st.stm32cube.ide.mcu.externaltools.gnu-tools-for-stm32.11.3.rel1.win32_1.1.100.202309141235/tools/bin/../lib/gcc/arm-none-eabi/11.3.1/../../../../arm-none-eabi/lib/thumb/v7e-m+fp/hard\libc.a(libc_a-sprintf.o)
                              ./Example/User/main.o (sprintf)
D:/ST/STM32CubeIDE_1.14.0/STM32CubeIDE/plugins/com.st.stm32cube.ide.mcu.externaltools.gnu-tools-for-stm32.11.3.rel1.win32_1.1.100.202309141235/tools/bin/../lib/gcc/arm-none-eabi/11.3.1/../../../../arm-none-eabi/lib/thumb/v7e-m+fp/hard\libc.a(libc_a-stdio.o)
[...]
Memory Configuration

Name             Origin             Length             Attributes
FLASH            0x0000000008000000 0x0000000000080000 xr
RAM              0x0000000020000000 0x0000000000018000 xrw
*default*        0x0000000000000000 0xffffffffffffffff

Linker script and memory map

LOAD D:/ST/STM32CubeIDE_1.14.0/STM32CubeIDE/plugins/com.st.stm32cube.ide.mcu.externaltools.gnu-tools-for-stm32.11.3.rel1.win32_1.1.100.202309141235/tools/bin/../lib/gcc/arm-none-eabi/11.3.1/thumb/v7e-m+fp/hard/crti.o
LOAD D:/ST/STM32CubeIDE_1.14.0/STM32CubeIDE/plugins/com.st.stm32cube.ide.mcu.externaltools.gnu-tools-for-stm32.11.3.rel1.win32_1.1.100.202309141235/tools/bin/../lib/gcc/arm-none-eabi/11.3.1/thumb/v7e-m+fp/hard/crtbegin.o
LOAD D:/ST/STM32CubeIDE_1.14.0/STM32CubeIDE/plugins/com.st.stm32cube.ide.mcu.externaltools.gnu-tools-for-stm32.11.3.rel1.win32_1.1.100.202309141235/tools/bin/../lib/gcc/arm-none-eabi/11.3.1/../../../../arm-none-eabi/lib/thumb/v7e-m+fp/hard/crt0.o
LOAD ./Drivers/BSP/Components/l6474/l6474.o
LOAD ./Drivers/BSP/STM32F4xx-Nucleo/stm32f4xx_nucleo.o
LOAD ./Drivers/BSP/STM32F4xx-Nucleo/x_nucleo_ihm01a1_stm32f4xx.o
LOAD ./Drivers/BSP/X-NUCLEO-IHMxx/x_nucleo_ihmxx.o
LOAD ./Drivers/CMSIS/system_stm32f4xx.o
LOAD ./Drivers/STM32F4xx_HAL_Driver/stm32f4xx_hal.o
LOAD ./Drivers/STM32F4xx_HAL_Driver/stm32f4xx_hal_cortex.o
LOAD ./Drivers/STM32F4xx_HAL_Driver/stm32f4xx_hal_dma.o
LOAD ./Drivers/STM32F4xx_HAL_Driver/stm32f4xx_hal_flash.o
LOAD ./Drivers/STM32F4xx_HAL_Driver/stm32f4xx_hal_flash_ex.o
LOAD ./Drivers/STM32F4xx_HAL_Driver/stm32f4xx_hal_gpio.o
LOAD ./Drivers/STM32F4xx_HAL_Driver/stm32f4xx_hal_rcc.o
LOAD ./Drivers/STM32F4xx_HAL_Driver/stm32f4xx_hal_rcc_ex.o
LOAD ./Drivers/STM32F4xx_HAL_Driver/stm32f4xx_hal_spi.o
LOAD ./Drivers/STM32F4xx_HAL_Driver/stm32f4xx_hal_tim.o
LOAD ./Drivers/STM32F4xx_HAL_Driver/stm32f4xx_hal_tim_ex.o
LOAD ./Drivers/STM32F4xx_HAL_Driver/stm32f4xx_hal_uart.o
LOAD ./Example/User/clock_f4.o
LOAD ./Example/User/edukit_system.o
LOAD ./Example/User/main.o
LOAD ./Example/User/stm32f4xx_hal_msp.o
LOAD ./Example/User/stm32f4xx_it.o
LOAD ./startup/startup_stm32f401xe.o
START GROUP
LOAD D:/ST/STM32CubeIDE_1.14.0/STM32CubeIDE/plugins/com.st.stm32cube.ide.mcu.externaltools.gnu-tools-for-stm32.11.3.rel1.win32_1.1.100.202309141235/tools/bin/../lib/gcc/arm-none-eabi/11.3.1/../../../../arm-none-eabi/lib/thumb/v7e-m+fp/hard\libc.a
LOAD D:/ST/STM32CubeIDE_1.14.0/STM32CubeIDE/plugins/com.st.stm32cube.ide.mcu.externaltools.gnu-tools-for-stm32.11.3.rel1.win32_1.1.100.202309141235/tools/bin/../lib/gcc/arm-none-eabi/11.3.1/../../../../arm-none-eabi/lib/thumb/v7e-m+fp/hard\libm.a
END GROUP
START GROUP
LOAD D:/ST/STM32CubeIDE_1.14.0/STM32CubeIDE/plugins/com.st.stm32cube.ide.mcu.externaltools.gnu-tools-for-stm32.11.3.rel1.win32_1.1.100.202309141235/tools/bin/../lib/gcc/arm-none-eabi/11.3.1/thumb/v7e-m+fp/hard\libgcc.a
LOAD D:/ST/STM32CubeIDE_1.14.0/STM32CubeIDE/plugins/com.st.stm32cube.ide.mcu.externaltools.gnu-tools-for-stm32.11.3.rel1.win32_1.1.100.202309141235/tools/bin/../lib/gcc/arm-none-eabi/11.3.1/../../../../arm-none-eabi/lib/thumb/v7e-m+fp/hard\libc.a
END GROUP
START GROUP
LOAD D:/ST/STM32CubeIDE_1.14.0/STM32CubeIDE/plugins/com.st.stm32cube.ide.mcu.externaltools.gnu-tools-for-stm32.11.3.rel1.win32_1.1.100.202309141235/tools/bin/../lib/gcc/arm-none-eabi/11.3.1/thumb/v7e-m+fp/hard\libgcc.a
LOAD D:/ST/STM32CubeIDE_1.14.0/STM32CubeIDE/plugins/com.st.stm32cube.ide.mcu.externaltools.gnu-tools-for-stm32.11.3.rel1.win32_1.1.100.202309141235/tools/bin/../lib/gcc/arm-none-eabi/11.3.1/../../../../arm-none-eabi/lib/thumb/v7e-m+fp/hard\libc.a
LOAD D:/ST/STM32CubeIDE_1.14.0/STM32CubeIDE/plugins/com.st.stm32cube.ide.mcu.externaltools.gnu-tools-for-stm32.11.3.rel1.win32_1.1.100.202309141235/tools/bin/../lib/gcc/arm-none-eabi/11.3.1/../../../../arm-none-eabi/lib/thumb/v7e-m+fp/hard\libnosys.a
END GROUP
LOAD D:/ST/STM32CubeIDE_1.14.0/STM32CubeIDE/plugins/com.st.stm32cube.ide.mcu.externaltools.gnu-tools-for-stm32.11.3.rel1.win32_1.1.100.202309141235/tools/bin/../lib/gcc/arm-none-eabi/11.3.1/thumb/v7e-m+fp/hard/crtend.o
LOAD D:/ST/STM32CubeIDE_1.14.0/STM32CubeIDE/plugins/com.st.stm32cube.ide.mcu.externaltools.gnu-tools-for-stm32.11.3.rel1.win32_1.1.100.202309141235/tools/bin/../lib/gcc/arm-none-eabi/11.3.1/thumb/v7e-m+fp/hard/crtn.o
                0x0000000020018000                _estack = 0x20018000
                0x0000000000000200                _Min_Heap_Size = 0x200
                0x0000000000000400                _Min_Stack_Size = 0x400

.isr_vector     0x0000000008000000      0x194
                0x0000000008000000                . = ALIGN (0x4)
 *(.isr_vector)
 .isr_vector    0x0000000008000000      0x194 ./startup/startup_stm32f401xe.o
                0x0000000008000000                g_pfnVectors
                0x0000000008000194                . = ALIGN (0x4)

.text           0x00000000080001a0     0xee3c
                0x00000000080001a0                . = ALIGN (0x4)
 *(.text)
 .text          0x00000000080001a0       0x40 D:/ST/STM32CubeIDE_1.14.0/STM32CubeIDE/plugins/com.st.stm32cube.ide.mcu.externaltools.gnu-tools-for-stm32.11.3.rel1.win32_1.1.100.202309141235/tools/bin/../lib/gcc/arm-none-eabi/11.3.1/thumb/v7e-m+fp/hard/crtbegin.o
 .text          0x00000000080001e0       0x10 D:/ST/STM32CubeIDE_1.14.0/STM32CubeIDE/plugins/com.st.stm32cube.ide.mcu.externaltools.gnu-tools-for-stm32.11.3.rel1.win32_1.1.100.202309141235/tools/bin/../lib/gcc/arm-none-eabi/11.3.1/../../../../arm-none-eabi/lib/thumb/v7e-m+fp/hard\libc.a(libc_a-strlen.o)
                0x00000000080001e0                strlen
 .text          0x00000000080001f0       0xa0 D:/ST/STM32CubeIDE_1.14.0/STM32CubeIDE/plugins/com.st.stm32cube.ide.mcu.externaltools.gnu-tools-for-stm32.11.3.rel1.win32_1.1.100.202309141235/tools/bin/../lib/gcc/arm-none-eabi/11.3.1/../../../../arm-none-eabi/lib/thumb/v7e-m+fp/hard\libc.a(libc_a-memchr.o)
                0x00000000080001f0                memchr
 .text          0x0000000008000290      0x378 D:/ST/STM32CubeIDE_1.14.0/STM32CubeIDE/plugins/com.st.stm32cube.ide.mcu.externaltools.gnu-tools-for-stm32.11.3.rel1.win32_1.1.100.202309141235/tools/bin/../lib/gcc/arm-none-eabi/11.3.1/thumb/v7e-m+fp/hard\libgcc.a(_arm_addsubdf3.o)
                0x0000000008000290                __aeabi_drsub
                0x0000000008000298                __aeabi_dsub
                0x0000000008000298                __subdf3
                0x000000000800029c                __aeabi_dadd
                0x000000000800029c                __adddf3
                0x0000000008000514                __floatunsidf
                0x0000000008000514                __aeabi_ui2d
                0x0000000008000534                __floatsidf
                0x0000000008000534                __aeabi_i2d
                0x0000000008000558                __aeabi_f2d
                0x0000000008000558                __extendsfdf2
                0x000000000800059c                __floatundidf
                0x000000000800059c                __aeabi_ul2d
                0x00000000080005ac                __floatdidf
                0x00000000080005ac                __aeabi_l2d
 .text          0x0000000008000608      0x424 D:/ST/STM32CubeIDE_1.14.0/STM32CubeIDE/plugins/com.st.stm32cube.ide.mcu.externaltools.gnu-tools-for-stm32.11.3.rel1.win32_1.1.100.202309141235/tools/bin/../lib/gcc/arm-none-eabi/11.3.1/thumb/v7e-m+fp/hard\libgcc.a(_arm_muldivdf3.o)
                0x0000000008000608                __aeabi_dmul
                0x0000000008000608                __muldf3
                0x000000000800085c                __divdf3
                0x000000000800085c                __aeabi_ddiv
 .text          0x0000000008000a2c      0x110 D:/ST/STM32CubeIDE_1.14.0/STM32CubeIDE/plugins/com.st.stm32cube.ide.mcu.externaltools.gnu-tools-for-stm32.11.3.rel1.win32_1.1.100.202309141235/tools/bin/../lib/gcc/arm-none-eabi/11.3.1/thumb/v7e-m+fp/hard\libgcc.a(_arm_cmpdf2.o)
                0x0000000008000a2c                __gtdf2
                0x0000000008000a2c                __gedf2
                0x0000000008000a34                __ltdf2
                0x0000000008000a34                __ledf2
                0x0000000008000a3c                __nedf2
                0x0000000008000a3c                __eqdf2
                0x0000000008000a3c                __cmpdf2
                0x0000000008000ab8                __aeabi_cdrcmple
                0x0000000008000ac8                __aeabi_cdcmpeq
                0x0000000008000ac8                __aeabi_cdcmple
                0x0000000008000ad8                __aeabi_dcmpeq
                0x0000000008000aec                __aeabi_dcmplt
                0x0000000008000b00                __aeabi_dcmple
                0x0000000008000b14                __aeabi_dcmpge
                0x0000000008000b28                __aeabi_dcmpgt
 .text          0x0000000008000b3c       0x2c D:/ST/STM32CubeIDE_1.14.0/STM32CubeIDE/plugins/com.st.stm32cube.ide.mcu.externaltools.gnu-tools-for-stm32.11.3.rel1.win32_1.1.100.202309141235/tools/bin/../lib/gcc/arm-none-eabi/11.3.1/thumb/v7e-m+fp/hard\libgcc.a(_arm_unorddf2.o)
                0x0000000008000b3c                __unorddf2
                0x0000000008000b3c                __aeabi_dcmpun
 .text          0x0000000008000b68       0x50 D:/ST/STM32CubeIDE_1.14.0/STM32CubeIDE/plugins/com.st.stm32cube.ide.mcu.externaltools.gnu-tools-for-stm32.11.3.rel1.win32_1.1.100.202309141235/tools/bin/../lib/gcc/arm-none-eabi/11.3.1/thumb/v7e-m+fp/hard\libgcc.a(_arm_fixdfsi.o)
                0x0000000008000b68                __aeabi_d2iz
                0x0000000008000b68                __fixdfsi
 .text          0x0000000008000bb8       0xa0 D:/ST/STM32CubeIDE_1.14.0/STM32CubeIDE/plugins/com.st.stm32cube.ide.mcu.externaltools.gnu-tools-for-stm32.11.3.rel1.win32_1.1.100.202309141235/tools/bin/../lib/gcc/arm-none-eabi/11.3.1/thumb/v7e-m+fp/hard\libgcc.a(_arm_truncdfsf2.o)
                0x0000000008000bb8                __truncdfsf2
                0x0000000008000bb8                __aeabi_d2f
 .text          0x0000000008000c58       0x30 D:/ST/STM32CubeIDE_1.14.0/STM32CubeIDE/plugins/com.st.stm32cube.ide.mcu.externaltools.gnu-tools-for-stm32.11.3.rel1.win32_1.1.100.202309141235/tools/bin/../lib/gcc/arm-none-eabi/11.3.1/thumb/v7e-m+fp/hard\libgcc.a(_aeabi_uldivmod.o)
                0x0000000008000c58                __aeabi_uldivmod
 .text          0x0000000008000c88      0x2c8 D:/ST/STM32CubeIDE_1.14.0/STM32CubeIDE/plugins/com.st.stm32cube.ide.mcu.externaltools.gnu-tools-for-stm32.11.3.rel1.win32_1.1.100.202309141235/tools/bin/../lib/gcc/arm-none-eabi/11.3.1/thumb/v7e-m+fp/hard\libgcc.a(_udivmoddi4.o)
                0x0000000008000c88                __udivmoddi4
 .text          0x0000000008000f50        0x4 D:/ST/STM32CubeIDE_1.14.0/STM32CubeIDE/plugins/com.st.stm32cube.ide.mcu.externaltools.gnu-tools-for-stm32.11.3.rel1.win32_1.1.100.202309141235/tools/bin/../lib/gcc/arm-none-eabi/11.3.1/thumb/v7e-m+fp/hard\libgcc.a(_dvmd_tls.o)
                0x0000000008000f50                __aeabi_idiv0
                0x0000000008000f50                __aeabi_ldiv0
 *(.text*)
 .text.L6474_AttachErrorHandler
                0x0000000008000f54       0x20 ./Drivers/BSP/Components/l6474/l6474.o
                0x0000000008000f54                L6474_AttachErrorHandler
 .text.L6474_AttachFlagInterrupt
                0x0000000008000f74       0x20 ./Drivers/BSP/Components/l6474/l6474.o
                0x0000000008000f74                L6474_AttachFlagInterrupt
 .text.L6474_CmdDisable
                0x0000000008000f94       0x1c ./Drivers/BSP/Components/l6474/l6474.o
                0x0000000008000f94                L6474_CmdDisable
 .text.L6474_CmdEnable
                0x0000000008000fb0       0x1c ./Drivers/BSP/Components/l6474/l6474.o
                0x0000000008000fb0                L6474_CmdEnable
 .text.L6474_CmdGetParam
                0x0000000008000fcc      0x1e8 ./Drivers/BSP/Components/l6474/l6474.o
                0x0000000008000fcc                L6474_CmdGetParam
 .text.L6474_CmdGetStatus
                0x00000000080011b4      0x10c ./Drivers/BSP/Components/l6474/l6474.o
                0x00000000080011b4                L6474_CmdGetStatus
 .text.L6474_CmdNop
                0x00000000080012c0       0x1c ./Drivers/BSP/Components/l6474/l6474.o
                0x00000000080012c0                L6474_CmdNop
 .text.L6474_CmdSetParam
                0x00000000080012dc      0x1c8 ./Drivers/BSP/Components/l6474/l6474.o
                0x00000000080012dc                L6474_CmdSetParam
 .text.L6474_Init
                0x00000000080014a4       0x98 ./Drivers/BSP/Components/l6474/l6474.o
                0x00000000080014a4                L6474_Init
 .text.L6474_GetAcceleration
                0x000000000800153c       0x30 ./Drivers/BSP/Components/l6474/l6474.o
                0x000000000800153c                L6474_GetAcceleration
 .text.L6474_GetAnalogValue
                0x000000000800156c       0xd8 ./Drivers/BSP/Components/l6474/l6474.o
                0x000000000800156c                L6474_GetAnalogValue
 .text.L6474_GetCurrentSpeed
                0x0000000008001644       0x30 ./Drivers/BSP/Components/l6474/l6474.o
                0x0000000008001644                L6474_GetCurrentSpeed
 .text.L6474_GetDeceleration
                0x0000000008001674       0x30 ./Drivers/BSP/Components/l6474/l6474.o
                0x0000000008001674                L6474_GetDeceleration
 .text.L6474_GetDeviceState
                0x00000000080016a4       0x30 ./Drivers/BSP/Components/l6474/l6474.o
                0x00000000080016a4                L6474_GetDeviceState
 .text.L6474_GetDirection
                0x00000000080016d4       0x30 ./Drivers/BSP/Components/l6474/l6474.o
                0x00000000080016d4                L6474_GetDirection
 .text.L6474_GetFwVersion
                0x0000000008001704       0x12 ./Drivers/BSP/Components/l6474/l6474.o
                0x0000000008001704                L6474_GetFwVersion
 *fill*         0x0000000008001716        0x2 
 .text.L6474_GetMotorHandle
                0x0000000008001718       0x14 ./Drivers/BSP/Components/l6474/l6474.o
                0x0000000008001718                L6474_GetMotorHandle
 .text.L6474_GetMark
                0x000000000800172c       0x26 ./Drivers/BSP/Components/l6474/l6474.o
                0x000000000800172c                L6474_GetMark
 *fill*         0x0000000008001752        0x2 
 .text.L6474_GetMaxSpeed
                0x0000000008001754       0x30 ./Drivers/BSP/Components/l6474/l6474.o
                0x0000000008001754                L6474_GetMaxSpeed
 .text.L6474_GetMinSpeed
                0x0000000008001784       0x30 ./Drivers/BSP/Components/l6474/l6474.o
                0x0000000008001784                L6474_GetMinSpeed
 .text.L6474_GetNbDevices
                0x00000000080017b4       0x18 ./Drivers/BSP/Components/l6474/l6474.o
                0x00000000080017b4                L6474_GetNbDevices
 .text.L6474_GetPosition
                0x00000000080017cc       0x26 ./Drivers/BSP/Components/l6474/l6474.o
                0x00000000080017cc                L6474_GetPosition
 *fill*         0x00000000080017f2        0x2 
 .text.L6474_GetStepMode
                0x00000000080017f4       0x78 ./Drivers/BSP/Components/l6474/l6474.o
                0x00000000080017f4                L6474_GetStepMode
 .text.L6474_GetStopMode
                0x000000000800186c       0x30 ./Drivers/BSP/Components/l6474/l6474.o
                0x000000000800186c                L6474_GetStopMode
 .text.L6474_GoHome
                0x000000000800189c       0x1c ./Drivers/BSP/Components/l6474/l6474.o
                0x000000000800189c                L6474_GoHome
 .text.L6474_GoMark
                0x00000000080018b8       0x34 ./Drivers/BSP/Components/l6474/l6474.o
                0x00000000080018b8                L6474_GoMark
 .text.L6474_GoTo
                0x00000000080018ec       0xfc ./Drivers/BSP/Components/l6474/l6474.o
                0x00000000080018ec                L6474_GoTo
 .text.L6474_HardStop
                0x00000000080019e8       0x94 ./Drivers/BSP/Components/l6474/l6474.o
                0x00000000080019e8                L6474_HardStop
 .text.L6474_HizStop
                0x0000000008001a7c       0x78 ./Drivers/BSP/Components/l6474/l6474.o
                0x0000000008001a7c                L6474_HizStop
 .text.L6474_Move
                0x0000000008001af4       0xb0 ./Drivers/BSP/Components/l6474/l6474.o
                0x0000000008001af4                L6474_Move
 .text.L6474_ReadId
                0x0000000008001ba4       0x18 ./Drivers/BSP/Components/l6474/l6474.o
                0x0000000008001ba4                L6474_ReadId
 .text.L6474_ReadStatusRegister
                0x0000000008001bbc       0x20 ./Drivers/BSP/Components/l6474/l6474.o
                0x0000000008001bbc                L6474_ReadStatusRegister
 .text.L6474_ReleaseReset
                0x0000000008001bdc       0x1a ./Drivers/BSP/Components/l6474/l6474.o
                0x0000000008001bdc                L6474_ReleaseReset
 .text.L6474_Reset
                0x0000000008001bf6       0x1a ./Drivers/BSP/Components/l6474/l6474.o
                0x0000000008001bf6                L6474_Reset
 .text.L6474_ResetAllDevices
                0x0000000008001c10       0x50 ./Drivers/BSP/Components/l6474/l6474.o
                0x0000000008001c10                L6474_ResetAllDevices
 .text.L6474_Run
                0x0000000008001c60       0x64 ./Drivers/BSP/Components/l6474/l6474.o
                0x0000000008001c60                L6474_Run
 .text.L6474_SelectStepMode
                0x0000000008001cc4       0x90 ./Drivers/BSP/Components/l6474/l6474.o
                0x0000000008001cc4                L6474_SelectStepMode
 .text.L6474_SetAcceleration
                0x0000000008001d54       0x74 ./Drivers/BSP/Components/l6474/l6474.o
                0x0000000008001d54                L6474_SetAcceleration
 .text.L6474_SetAnalogValue
                0x0000000008001dc8      0x20c ./Drivers/BSP/Components/l6474/l6474.o
                0x0000000008001dc8                L6474_SetAnalogValue
 .text.L6474_SetDeceleration
                0x0000000008001fd4       0x74 ./Drivers/BSP/Components/l6474/l6474.o
                0x0000000008001fd4                L6474_SetDeceleration
 .text.L6474_SetDirection
                0x0000000008002048       0x54 ./Drivers/BSP/Components/l6474/l6474.o
                0x0000000008002048                L6474_SetDirection
 .text.L6474_SetHome
                0x000000000800209c       0x56 ./Drivers/BSP/Components/l6474/l6474.o
                0x000000000800209c                L6474_SetHome
 *fill*         0x00000000080020f2        0x2 
 .text.L6474_SetNbDevices
                0x00000000080020f4       0x38 ./Drivers/BSP/Components/l6474/l6474.o
                0x00000000080020f4                L6474_SetNbDevices
 .text.L6474_SetMark
                0x000000000800212c       0x3c ./Drivers/BSP/Components/l6474/l6474.o
                0x000000000800212c                L6474_SetMark
 .text.L6474_SetMaxSpeed
                0x0000000008002168       0x98 ./Drivers/BSP/Components/l6474/l6474.o
                0x0000000008002168                L6474_SetMaxSpeed
 .text.L6474_SetMinSpeed
                0x0000000008002200       0x98 ./Drivers/BSP/Components/l6474/l6474.o
                0x0000000008002200                L6474_SetMinSpeed
 .text.L6474_SetStopMode
                0x0000000008002298       0x34 ./Drivers/BSP/Components/l6474/l6474.o
                0x0000000008002298                L6474_SetStopMode
 .text.L6474_SoftStop
                0x00000000080022cc       0x50 ./Drivers/BSP/Components/l6474/l6474.o
                0x00000000080022cc                L6474_SoftStop
 .text.L6474_WaitWhileActive
                0x000000000800231c       0x24 ./Drivers/BSP/Components/l6474/l6474.o
                0x000000000800231c                L6474_WaitWhileActive
 .text.L6474_ApplySpeed
                0x0000000008002340       0x80 ./Drivers/BSP/Components/l6474/l6474.o
                0x0000000008002340                L6474_ApplySpeed
 .text.L6474_ComputeSpeedProfile
                0x00000000080023c0      0x17c ./Drivers/BSP/Components/l6474/l6474.o
                0x00000000080023c0                L6474_ComputeSpeedProfile
 .text.L6474_ConvertPosition
                0x000000000800253c       0x40 ./Drivers/BSP/Components/l6474/l6474.o
                0x000000000800253c                L6474_ConvertPosition
 .text.L6474_ErrorHandler
                0x000000000800257c       0x2c ./Drivers/BSP/Components/l6474/l6474.o
                0x000000000800257c                L6474_ErrorHandler
 .text.L6474_FlagInterruptHandler
                0x00000000080025a8       0x2c ./Drivers/BSP/Components/l6474/l6474.o
                0x00000000080025a8                L6474_FlagInterruptHandler
 .text.L6474_SendCommand
                0x00000000080025d4       0xa4 ./Drivers/BSP/Components/l6474/l6474.o
                0x00000000080025d4                L6474_SendCommand
 .text.L6474_SetDeviceParamsToGivenValues
                0x0000000008002678      0x148 ./Drivers/BSP/Components/l6474/l6474.o
                0x0000000008002678                L6474_SetDeviceParamsToGivenValues
 .text.L6474_SetDeviceParamsToPredefinedValues
                0x00000000080027c0      0x13c ./Drivers/BSP/Components/l6474/l6474.o
                0x00000000080027c0                L6474_SetDeviceParamsToPredefinedValues
 .text.L6474_SetRegisterToGivenValues
                0x00000000080028fc       0xf6 ./Drivers/BSP/Components/l6474/l6474.o
                0x00000000080028fc                L6474_SetRegisterToGivenValues
 *fill*         0x00000000080029f2        0x2 
 .text.L6474_SetRegisterToPredefinedValues
                0x00000000080029f4      0x1f8 ./Drivers/BSP/Components/l6474/l6474.o
                0x00000000080029f4                L6474_SetRegisterToPredefinedValues
 .text.L6474_StartMovement
                0x0000000008002bec       0xa4 ./Drivers/BSP/Components/l6474/l6474.o
                0x0000000008002bec                L6474_StartMovement
 .text.L6474_StepClockHandler
                0x0000000008002c90      0x5c0 ./Drivers/BSP/Components/l6474/l6474.o
                0x0000000008002c90                L6474_StepClockHandler
 .text.L6474_Ocd_Th_to_Par
                0x0000000008003250       0x48 ./Drivers/BSP/Components/l6474/l6474.o
                0x0000000008003250                L6474_Ocd_Th_to_Par
 .text.L6474_Ocd_Par_to_Th
                0x0000000008003298       0x30 ./Drivers/BSP/Components/l6474/l6474.o
                0x0000000008003298                L6474_Ocd_Par_to_Th
 .text.L6474_Tval_Current_to_Par
                0x00000000080032c8       0x48 ./Drivers/BSP/Components/l6474/l6474.o
                0x00000000080032c8                L6474_Tval_Current_to_Par
 .text.L6474_Tval_Par_to_Current
                0x0000000008003310       0x30 ./Drivers/BSP/Components/l6474/l6474.o
                0x0000000008003310                L6474_Tval_Par_to_Current
 .text.L6474_Tmin_Par_to_Time
                0x0000000008003340       0x2c ./Drivers/BSP/Components/l6474/l6474.o
                0x0000000008003340                L6474_Tmin_Par_to_Time
 .text.L6474_Tmin_Time_to_Par
                0x000000000800336c       0x3a ./Drivers/BSP/Components/l6474/l6474.o
                0x000000000800336c                L6474_Tmin_Time_to_Par
 *fill*         0x00000000080033a6        0x2 
 .text.L6474_WriteBytes
                0x00000000080033a8       0x4c ./Drivers/BSP/Components/l6474/l6474.o
                0x00000000080033a8                L6474_WriteBytes
 .text.L6474_Board_Delay
                0x00000000080033f4       0x16 ./Drivers/BSP/STM32F4xx-Nucleo/x_nucleo_ihm01a1_stm32f4xx.o
                0x00000000080033f4                L6474_Board_Delay
 .text.L6474_Board_DisableIrq
                0x000000000800340a       0x12 ./Drivers/BSP/STM32F4xx-Nucleo/x_nucleo_ihm01a1_stm32f4xx.o
                0x000000000800340a                L6474_Board_DisableIrq
 .text.L6474_Board_EnableIrq
                0x000000000800341c       0x12 ./Drivers/BSP/STM32F4xx-Nucleo/x_nucleo_ihm01a1_stm32f4xx.o
                0x000000000800341c                L6474_Board_EnableIrq
 *fill*         0x000000000800342e        0x2 
 .text.L6474_Board_GpioInit
                0x0000000008003430      0x164 ./Drivers/BSP/STM32F4xx-Nucleo/x_nucleo_ihm01a1_stm32f4xx.o
                0x0000000008003430                L6474_Board_GpioInit
 .text.L6474_Board_Pwm1GetCounter
                0x0000000008003594       0x18 ./Drivers/BSP/STM32F4xx-Nucleo/x_nucleo_ihm01a1_stm32f4xx.o
                0x0000000008003594                L6474_Board_Pwm1GetCounter
 .text.L6474_Board_Pwm1SetPeriod
                0x00000000080035ac       0x38 ./Drivers/BSP/STM32F4xx-Nucleo/x_nucleo_ihm01a1_stm32f4xx.o
                0x00000000080035ac                L6474_Board_Pwm1SetPeriod
 .text.L6474_Board_Pwm1SetFreq
                0x00000000080035e4       0x4c ./Drivers/BSP/STM32F4xx-Nucleo/x_nucleo_ihm01a1_stm32f4xx.o
                0x00000000080035e4                L6474_Board_Pwm1SetFreq
 .text.L6474_Board_Pwm2SetFreq
                0x0000000008003630       0x50 ./Drivers/BSP/STM32F4xx-Nucleo/x_nucleo_ihm01a1_stm32f4xx.o
                0x0000000008003630                L6474_Board_Pwm2SetFreq
 .text.L6474_Board_Pwm3SetFreq
                0x0000000008003680       0x50 ./Drivers/BSP/STM32F4xx-Nucleo/x_nucleo_ihm01a1_stm32f4xx.o
                0x0000000008003680                L6474_Board_Pwm3SetFreq
 .text.L6474_Board_PwmInit
                0x00000000080036d0       0xb0 ./Drivers/BSP/STM32F4xx-Nucleo/x_nucleo_ihm01a1_stm32f4xx.o
                0x00000000080036d0                L6474_Board_PwmInit
 .text.L6474_Board_PwmStop
                0x0000000008003780       0x54 ./Drivers/BSP/STM32F4xx-Nucleo/x_nucleo_ihm01a1_stm32f4xx.o
                0x0000000008003780                L6474_Board_PwmStop
 .text.L6474_Board_ReleaseReset
                0x00000000080037d4       0x24 ./Drivers/BSP/STM32F4xx-Nucleo/x_nucleo_ihm01a1_stm32f4xx.o
                0x00000000080037d4                L6474_Board_ReleaseReset
 .text.L6474_Board_Reset
                0x00000000080037f8       0x24 ./Drivers/BSP/STM32F4xx-Nucleo/x_nucleo_ihm01a1_stm32f4xx.o
                0x00000000080037f8                L6474_Board_Reset
 .text.L6474_Board_SetDirectionGpio
                0x000000000800381c       0x60 ./Drivers/BSP/STM32F4xx-Nucleo/x_nucleo_ihm01a1_stm32f4xx.o
                0x000000000800381c                L6474_Board_SetDirectionGpio
 .text.L6474_Board_SpiInit
                0x000000000800387c       0x70 ./Drivers/BSP/STM32F4xx-Nucleo/x_nucleo_ihm01a1_stm32f4xx.o
                0x000000000800387c                L6474_Board_SpiInit
 .text.L6474_Board_SpiWriteBytes
                0x00000000080038ec       0x74 ./Drivers/BSP/STM32F4xx-Nucleo/x_nucleo_ihm01a1_stm32f4xx.o
                0x00000000080038ec                L6474_Board_SpiWriteBytes
 .text.l647x_GetMotorHandle
                0x0000000008003960       0x10 ./Drivers/BSP/X-NUCLEO-IHMxx/x_nucleo_ihmxx.o
                0x0000000008003960                l647x_GetMotorHandle
 .text.l648x_GetMotorHandle
                0x0000000008003970       0x10 ./Drivers/BSP/X-NUCLEO-IHMxx/x_nucleo_ihmxx.o
                0x0000000008003970                l648x_GetMotorHandle
 .text.Powerstep01_GetMotorHandle
                0x0000000008003980       0x10 ./Drivers/BSP/X-NUCLEO-IHMxx/x_nucleo_ihmxx.o
                0x0000000008003980                Powerstep01_GetMotorHandle
 .text.L6206_GetMotorHandle
                0x0000000008003990       0x10 ./Drivers/BSP/X-NUCLEO-IHMxx/x_nucleo_ihmxx.o
                0x0000000008003990                L6206_GetMotorHandle
 .text.L6208_GetMotorHandle
                0x00000000080039a0       0x10 ./Drivers/BSP/X-NUCLEO-IHMxx/x_nucleo_ihmxx.o
                0x00000000080039a0                L6208_GetMotorHandle
 .text.Stspin220_GetMotorHandle
                0x00000000080039b0       0x10 ./Drivers/BSP/X-NUCLEO-IHMxx/x_nucleo_ihmxx.o
                0x00000000080039b0                Stspin220_GetMotorHandle
 .text.Stspin240_250_GetMotorHandle
                0x00000000080039c0       0x10 ./Drivers/BSP/X-NUCLEO-IHMxx/x_nucleo_ihmxx.o
                0x00000000080039c0                Stspin240_250_GetMotorHandle
 .text.BSP_MotorControl_AttachErrorHandler
                0x00000000080039d0       0x3c ./Drivers/BSP/X-NUCLEO-IHMxx/x_nucleo_ihmxx.o
                0x00000000080039d0                BSP_MotorControl_AttachErrorHandler
 .text.BSP_MotorControl_AttachFlagInterrupt
                0x0000000008003a0c       0x3c ./Drivers/BSP/X-NUCLEO-IHMxx/x_nucleo_ihmxx.o
                0x0000000008003a0c                BSP_MotorControl_AttachFlagInterrupt
 .text.BSP_MotorControl_ErrorHandler
                0x0000000008003a48       0x3c ./Drivers/BSP/X-NUCLEO-IHMxx/x_nucleo_ihmxx.o
                0x0000000008003a48                BSP_MotorControl_ErrorHandler
 .text.BSP_MotorControl_Init
                0x0000000008003a84       0x40 ./Drivers/BSP/X-NUCLEO-IHMxx/x_nucleo_ihmxx.o
                0x0000000008003a84                BSP_MotorControl_Init
 .text.BSP_MotorControl_FlagInterruptHandler
                0x0000000008003ac4       0x34 ./Drivers/BSP/X-NUCLEO-IHMxx/x_nucleo_ihmxx.o
                0x0000000008003ac4                BSP_MotorControl_FlagInterruptHandler
 .text.BSP_MotorControl_GetDeviceState
                0x0000000008003af8       0x48 ./Drivers/BSP/X-NUCLEO-IHMxx/x_nucleo_ihmxx.o
                0x0000000008003af8                BSP_MotorControl_GetDeviceState
 .text.BSP_MotorControl_GetPosition
                0x0000000008003b40       0x48 ./Drivers/BSP/X-NUCLEO-IHMxx/x_nucleo_ihmxx.o
                0x0000000008003b40                BSP_MotorControl_GetPosition
 .text.BSP_MotorControl_GoTo
                0x0000000008003b88       0x44 ./Drivers/BSP/X-NUCLEO-IHMxx/x_nucleo_ihmxx.o
                0x0000000008003b88                BSP_MotorControl_GoTo
 .text.BSP_MotorControl_HardStop
                0x0000000008003bcc       0x40 ./Drivers/BSP/X-NUCLEO-IHMxx/x_nucleo_ihmxx.o
                0x0000000008003bcc                BSP_MotorControl_HardStop
 .text.BSP_MotorControl_Move
                0x0000000008003c0c       0x48 ./Drivers/BSP/X-NUCLEO-IHMxx/x_nucleo_ihmxx.o
                0x0000000008003c0c                BSP_MotorControl_Move
 .text.BSP_MotorControl_SetAcceleration
                0x0000000008003c54       0x50 ./Drivers/BSP/X-NUCLEO-IHMxx/x_nucleo_ihmxx.o
                0x0000000008003c54                BSP_MotorControl_SetAcceleration
 .text.BSP_MotorControl_SetDeceleration
                0x0000000008003ca4       0x50 ./Drivers/BSP/X-NUCLEO-IHMxx/x_nucleo_ihmxx.o
                0x0000000008003ca4                BSP_MotorControl_SetDeceleration
 .text.BSP_MotorControl_SetMaxSpeed
                0x0000000008003cf4       0x50 ./Drivers/BSP/X-NUCLEO-IHMxx/x_nucleo_ihmxx.o
                0x0000000008003cf4                BSP_MotorControl_SetMaxSpeed
 .text.BSP_MotorControl_SetMinSpeed
                0x0000000008003d44       0x50 ./Drivers/BSP/X-NUCLEO-IHMxx/x_nucleo_ihmxx.o
                0x0000000008003d44                BSP_MotorControl_SetMinSpeed
 .text.BSP_MotorControl_SoftStop
                0x0000000008003d94       0x48 ./Drivers/BSP/X-NUCLEO-IHMxx/x_nucleo_ihmxx.o
                0x0000000008003d94                BSP_MotorControl_SoftStop
 .text.BSP_MotorControl_StepClockHandler
                0x0000000008003ddc       0x40 ./Drivers/BSP/X-NUCLEO-IHMxx/x_nucleo_ihmxx.o
                0x0000000008003ddc                BSP_MotorControl_StepClockHandler
 .text.BSP_MotorControl_WaitWhileActive
                0x0000000008003e1c       0x40 ./Drivers/BSP/X-NUCLEO-IHMxx/x_nucleo_ihmxx.o
                0x0000000008003e1c                BSP_MotorControl_WaitWhileActive
 .text.BSP_MotorControl_CmdGetStatus
                0x0000000008003e5c       0x4c ./Drivers/BSP/X-NUCLEO-IHMxx/x_nucleo_ihmxx.o
                0x0000000008003e5c                BSP_MotorControl_CmdGetStatus
 .text.BSP_MotorControl_SetNbDevices
                0x0000000008003ea8      0x11c ./Drivers/BSP/X-NUCLEO-IHMxx/x_nucleo_ihmxx.o
                0x0000000008003ea8                BSP_MotorControl_SetNbDevices
 .text.SystemInit
                0x0000000008003fc4       0x6c ./Drivers/CMSIS/system_stm32f4xx.o
                0x0000000008003fc4                SystemInit
 .text.HAL_Init
                0x0000000008004030       0x44 ./Drivers/STM32F4xx_HAL_Driver/stm32f4xx_hal.o
                0x0000000008004030                HAL_Init
 .text.HAL_MspInit
                0x0000000008004074        0xe ./Drivers/STM32F4xx_HAL_Driver/stm32f4xx_hal.o
                0x0000000008004074                HAL_MspInit
 *fill*         0x0000000008004082        0x2 
 .text.HAL_InitTick
                0x0000000008004084       0x60 ./Drivers/STM32F4xx_HAL_Driver/stm32f4xx_hal.o
                0x0000000008004084                HAL_InitTick
 .text.HAL_IncTick
                0x00000000080040e4       0x28 ./Drivers/STM32F4xx_HAL_Driver/stm32f4xx_hal.o
                0x00000000080040e4                HAL_IncTick
 .text.HAL_GetTick
                0x000000000800410c       0x18 ./Drivers/STM32F4xx_HAL_Driver/stm32f4xx_hal.o
                0x000000000800410c                HAL_GetTick
 .text.HAL_Delay
                0x0000000008004124       0x48 ./Drivers/STM32F4xx_HAL_Driver/stm32f4xx_hal.o
                0x0000000008004124                HAL_Delay
 .text.NVIC_SetPriorityGrouping
                0x000000000800416c       0x48 ./Drivers/STM32F4xx_HAL_Driver/stm32f4xx_hal_cortex.o
 .text.NVIC_GetPriorityGrouping
                0x00000000080041b4       0x1c ./Drivers/STM32F4xx_HAL_Driver/stm32f4xx_hal_cortex.o
 .text.NVIC_EnableIRQ
                0x00000000080041d0       0x34 ./Drivers/STM32F4xx_HAL_Driver/stm32f4xx_hal_cortex.o
 .text.NVIC_SetPriority
                0x0000000008004204       0x54 ./Drivers/STM32F4xx_HAL_Driver/stm32f4xx_hal_cortex.o
 .text.NVIC_EncodePriority
                0x0000000008004258       0x66 ./Drivers/STM32F4xx_HAL_Driver/stm32f4xx_hal_cortex.o
 *fill*         0x00000000080042be        0x2 
 .text.SysTick_Config
                0x00000000080042c0       0x44 ./Drivers/STM32F4xx_HAL_Driver/stm32f4xx_hal_cortex.o
 .text.HAL_NVIC_SetPriorityGrouping
                0x0000000008004304       0x16 ./Drivers/STM32F4xx_HAL_Driver/stm32f4xx_hal_cortex.o
                0x0000000008004304                HAL_NVIC_SetPriorityGrouping
 .text.HAL_NVIC_SetPriority
                0x000000000800431a       0x38 ./Drivers/STM32F4xx_HAL_Driver/stm32f4xx_hal_cortex.o
                0x000000000800431a                HAL_NVIC_SetPriority
 .text.HAL_NVIC_EnableIRQ
                0x0000000008004352       0x1c ./Drivers/STM32F4xx_HAL_Driver/stm32f4xx_hal_cortex.o
                0x0000000008004352                HAL_NVIC_EnableIRQ
 .text.HAL_SYSTICK_Config
                0x000000000800436e       0x18 ./Drivers/STM32F4xx_HAL_Driver/stm32f4xx_hal_cortex.o
                0x000000000800436e                HAL_SYSTICK_Config
 *fill*         0x0000000008004386        0x2 
 .text.HAL_DMA_Init
                0x0000000008004388      0x15c ./Drivers/STM32F4xx_HAL_Driver/stm32f4xx_hal_dma.o
                0x0000000008004388                HAL_DMA_Init
 .text.HAL_DMA_Start_IT
                0x00000000080044e4       0xc0 ./Drivers/STM32F4xx_HAL_Driver/stm32f4xx_hal_dma.o
                0x00000000080044e4                HAL_DMA_Start_IT
 .text.HAL_DMA_IRQHandler
                0x00000000080045a4      0x314 ./Drivers/STM32F4xx_HAL_Driver/stm32f4xx_hal_dma.o
                0x00000000080045a4                HAL_DMA_IRQHandler
 .text.DMA_SetConfig
                0x00000000080048b8       0x5c ./Drivers/STM32F4xx_HAL_Driver/stm32f4xx_hal_dma.o
 .text.DMA_CalcBaseAndBitshift
                0x0000000008004914       0x6c ./Drivers/STM32F4xx_HAL_Driver/stm32f4xx_hal_dma.o
 .text.DMA_CheckFifoParam
                0x0000000008004980       0xf8 ./Drivers/STM32F4xx_HAL_Driver/stm32f4xx_hal_dma.o
 .text.HAL_GPIO_Init
                0x0000000008004a78      0x308 ./Drivers/STM32F4xx_HAL_Driver/stm32f4xx_hal_gpio.o
                0x0000000008004a78                HAL_GPIO_Init
 .text.HAL_GPIO_WritePin
                0x0000000008004d80       0x32 ./Drivers/STM32F4xx_HAL_Driver/stm32f4xx_hal_gpio.o
                0x0000000008004d80                HAL_GPIO_WritePin
 .text.HAL_GPIO_TogglePin
                0x0000000008004db2       0x24 ./Drivers/STM32F4xx_HAL_Driver/stm32f4xx_hal_gpio.o
                0x0000000008004db2                HAL_GPIO_TogglePin
 *fill*         0x0000000008004dd6        0x2 
 .text.HAL_GPIO_EXTI_IRQHandler
                0x0000000008004dd8       0x30 ./Drivers/STM32F4xx_HAL_Driver/stm32f4xx_hal_gpio.o
                0x0000000008004dd8                HAL_GPIO_EXTI_IRQHandler
 .text.HAL_RCC_OscConfig
                0x0000000008004e08      0x47c ./Drivers/STM32F4xx_HAL_Driver/stm32f4xx_hal_rcc.o
                0x0000000008004e08                HAL_RCC_OscConfig
 .text.HAL_RCC_ClockConfig
                0x0000000008005284      0x1c4 ./Drivers/STM32F4xx_HAL_Driver/stm32f4xx_hal_rcc.o
                0x0000000008005284                HAL_RCC_ClockConfig
 .text.HAL_RCC_GetSysClockFreq
                0x0000000008005448      0x18c ./Drivers/STM32F4xx_HAL_Driver/stm32f4xx_hal_rcc.o
                0x0000000008005448                HAL_RCC_GetSysClockFreq
 .text.HAL_RCC_GetHCLKFreq
                0x00000000080055d4       0x18 ./Drivers/STM32F4xx_HAL_Driver/stm32f4xx_hal_rcc.o
                0x00000000080055d4                HAL_RCC_GetHCLKFreq
 .text.HAL_RCC_GetPCLK1Freq
                0x00000000080055ec       0x28 ./Drivers/STM32F4xx_HAL_Driver/stm32f4xx_hal_rcc.o
                0x00000000080055ec                HAL_RCC_GetPCLK1Freq
 .text.HAL_RCC_GetPCLK2Freq
                0x0000000008005614       0x28 ./Drivers/STM32F4xx_HAL_Driver/stm32f4xx_hal_rcc.o
                0x0000000008005614                HAL_RCC_GetPCLK2Freq
 .text.HAL_SPI_Init
                0x000000000800563c       0xd6 ./Drivers/STM32F4xx_HAL_Driver/stm32f4xx_hal_spi.o
                0x000000000800563c                HAL_SPI_Init
 .text.HAL_SPI_TransmitReceive
                0x0000000008005712      0x424 ./Drivers/STM32F4xx_HAL_Driver/stm32f4xx_hal_spi.o
                0x0000000008005712                HAL_SPI_TransmitReceive
 .text.SPI_WaitFlagStateUntilTimeout
                0x0000000008005b36       0xd2 ./Drivers/STM32F4xx_HAL_Driver/stm32f4xx_hal_spi.o
 .text.SPI_CheckFlag_BSY
                0x0000000008005c08       0x3c ./Drivers/STM32F4xx_HAL_Driver/stm32f4xx_hal_spi.o
 .text.HAL_TIM_PWM_Init
                0x0000000008005c44       0x56 ./Drivers/STM32F4xx_HAL_Driver/stm32f4xx_hal_tim.o
                0x0000000008005c44                HAL_TIM_PWM_Init
 *fill*         0x0000000008005c9a        0x2 
 .text.HAL_TIM_PWM_Stop
                0x0000000008005c9c       0x98 ./Drivers/STM32F4xx_HAL_Driver/stm32f4xx_hal_tim.o
                0x0000000008005c9c                HAL_TIM_PWM_Stop
 .text.HAL_TIM_PWM_Start_IT
                0x0000000008005d34       0xdc ./Drivers/STM32F4xx_HAL_Driver/stm32f4xx_hal_tim.o
                0x0000000008005d34                HAL_TIM_PWM_Start_IT
 .text.HAL_TIM_Encoder_Init
                0x0000000008005e10      0x12c ./Drivers/STM32F4xx_HAL_Driver/stm32f4xx_hal_tim.o
                0x0000000008005e10                HAL_TIM_Encoder_Init
 .text.HAL_TIM_Encoder_Start
                0x0000000008005f3c       0x70 ./Drivers/STM32F4xx_HAL_Driver/stm32f4xx_hal_tim.o
                0x0000000008005f3c                HAL_TIM_Encoder_Start
 .text.HAL_TIM_IRQHandler
                0x0000000008005fac      0x210 ./Drivers/STM32F4xx_HAL_Driver/stm32f4xx_hal_tim.o
                0x0000000008005fac                HAL_TIM_IRQHandler
 .text.HAL_TIM_PWM_ConfigChannel
                0x00000000080061bc      0x18c ./Drivers/STM32F4xx_HAL_Driver/stm32f4xx_hal_tim.o
                0x00000000080061bc                HAL_TIM_PWM_ConfigChannel
 .text.HAL_TIM_PeriodElapsedCallback
                0x0000000008006348       0x14 ./Drivers/STM32F4xx_HAL_Driver/stm32f4xx_hal_tim.o
                0x0000000008006348                HAL_TIM_PeriodElapsedCallback
 .text.HAL_TIM_OC_DelayElapsedCallback
                0x000000000800635c       0x14 ./Drivers/STM32F4xx_HAL_Driver/stm32f4xx_hal_tim.o
                0x000000000800635c                HAL_TIM_OC_DelayElapsedCallback
 .text.HAL_TIM_IC_CaptureCallback
                0x0000000008006370       0x14 ./Drivers/STM32F4xx_HAL_Driver/stm32f4xx_hal_tim.o
                0x0000000008006370                HAL_TIM_IC_CaptureCallback
 .text.HAL_TIM_TriggerCallback
                0x0000000008006384       0x14 ./Drivers/STM32F4xx_HAL_Driver/stm32f4xx_hal_tim.o
                0x0000000008006384                HAL_TIM_TriggerCallback
 .text.TIM_Base_SetConfig
                0x0000000008006398      0x108 ./Drivers/STM32F4xx_HAL_Driver/stm32f4xx_hal_tim.o
                0x0000000008006398                TIM_Base_SetConfig
 .text.TIM_OC2_SetConfig
                0x00000000080064a0       0xdc ./Drivers/STM32F4xx_HAL_Driver/stm32f4xx_hal_tim.o
                0x00000000080064a0                TIM_OC2_SetConfig
 .text.TIM_CCxChannelCmd
                0x000000000800657c       0x46 ./Drivers/STM32F4xx_HAL_Driver/stm32f4xx_hal_tim.o
                0x000000000800657c                TIM_CCxChannelCmd
 *fill*         0x00000000080065c2        0x2 
 .text.TIM_OC1_SetConfig
                0x00000000080065c4       0xd0 ./Drivers/STM32F4xx_HAL_Driver/stm32f4xx_hal_tim.o
 .text.TIM_OC3_SetConfig
                0x0000000008006694       0xd8 ./Drivers/STM32F4xx_HAL_Driver/stm32f4xx_hal_tim.o
 .text.TIM_OC4_SetConfig
                0x000000000800676c       0xac ./Drivers/STM32F4xx_HAL_Driver/stm32f4xx_hal_tim.o
 .text.HAL_TIMEx_MasterConfigSynchronization
                0x0000000008006818       0x8a ./Drivers/STM32F4xx_HAL_Driver/stm32f4xx_hal_tim_ex.o
                0x0000000008006818                HAL_TIMEx_MasterConfigSynchronization
 .text.HAL_TIMEx_CommutationCallback
                0x00000000080068a2       0x14 ./Drivers/STM32F4xx_HAL_Driver/stm32f4xx_hal_tim_ex.o
                0x00000000080068a2                HAL_TIMEx_CommutationCallback
 .text.HAL_TIMEx_BreakCallback
                0x00000000080068b6       0x14 ./Drivers/STM32F4xx_HAL_Driver/stm32f4xx_hal_tim_ex.o
                0x00000000080068b6                HAL_TIMEx_BreakCallback
 .text.HAL_UART_Init
                0x00000000080068ca       0x9a ./Drivers/STM32F4xx_HAL_Driver/stm32f4xx_hal_uart.o
                0x00000000080068ca                HAL_UART_Init
 .text.HAL_UART_Transmit
                0x0000000008006964      0x132 ./Drivers/STM32F4xx_HAL_Driver/stm32f4xx_hal_uart.o
                0x0000000008006964                HAL_UART_Transmit
 *fill*         0x0000000008006a96        0x2 
 .text.HAL_UART_Receive_DMA
                0x0000000008006a98      0x100 ./Drivers/STM32F4xx_HAL_Driver/stm32f4xx_hal_uart.o
                0x0000000008006a98                HAL_UART_Receive_DMA
 .text.HAL_UART_RxCpltCallback
                0x0000000008006b98       0x14 ./Drivers/STM32F4xx_HAL_Driver/stm32f4xx_hal_uart.o
                0x0000000008006b98                HAL_UART_RxCpltCallback
 .text.HAL_UART_RxHalfCpltCallback
                0x0000000008006bac       0x14 ./Drivers/STM32F4xx_HAL_Driver/stm32f4xx_hal_uart.o
                0x0000000008006bac                HAL_UART_RxHalfCpltCallback
 .text.HAL_UART_ErrorCallback
                0x0000000008006bc0       0x14 ./Drivers/STM32F4xx_HAL_Driver/stm32f4xx_hal_uart.o
                0x0000000008006bc0                HAL_UART_ErrorCallback
 .text.UART_DMAReceiveCplt
                0x0000000008006bd4       0x68 ./Drivers/STM32F4xx_HAL_Driver/stm32f4xx_hal_uart.o
 .text.UART_DMARxHalfCplt
                0x0000000008006c3c       0x1c ./Drivers/STM32F4xx_HAL_Driver/stm32f4xx_hal_uart.o
 .text.UART_DMAError
                0x0000000008006c58       0x94 ./Drivers/STM32F4xx_HAL_Driver/stm32f4xx_hal_uart.o
 .text.UART_WaitOnFlagUntilTimeout
                0x0000000008006cec       0x94 ./Drivers/STM32F4xx_HAL_Driver/stm32f4xx_hal_uart.o
 .text.UART_EndTxTransfer
                0x0000000008006d80       0x2c ./Drivers/STM32F4xx_HAL_Driver/stm32f4xx_hal_uart.o
 .text.UART_EndRxTransfer
                0x0000000008006dac       0x3c ./Drivers/STM32F4xx_HAL_Driver/stm32f4xx_hal_uart.o
 .text.UART_SetConfig
                0x0000000008006de8      0x438 ./Drivers/STM32F4xx_HAL_Driver/stm32f4xx_hal_uart.o
 .text.SystemClock_Config
                0x0000000008007220       0xbc ./Example/User/clock_f4.o
                0x0000000008007220                SystemClock_Config
 .text.NVIC_SystemReset
                0x00000000080072dc       0x30 ./Example/User/main.o
 .text.Delay_Pulse
                0x000000000800730c       0x24 ./Example/User/main.o
                0x000000000800730c                Delay_Pulse
 .text.Main_StepClockHandler
                0x0000000008007330       0x40 ./Example/User/main.o
                0x0000000008007330                Main_StepClockHandler
 .text.DWT_Delay_until_cycle
                0x0000000008007370       0x28 ./Example/User/main.o
 .text.initialize
                0x0000000008007398      0x498 ./Example/User/main.o
                0x0000000008007398                initialize
 .text.initialize_main_loop
                0x0000000008007830      0x93c ./Example/User/main.o
                0x0000000008007830                initialize_main_loop
 .text.setControlCycle
                0x000000000800816c      0x1dc ./Example/User/main.o
                0x000000000800816c                setControlCycle
 .text.main     0x0000000008008348       0xc4 ./Example/User/main.o
                0x0000000008008348                main
 .text.Extract_Msg
                0x000000000800840c       0x9e ./Example/User/main.o
                0x000000000800840c                Extract_Msg
 *fill*         0x00000000080084aa        0x2 
 .text.MX_TIM3_Init
                0x00000000080084ac       0x90 ./Example/User/main.o
                0x00000000080084ac                MX_TIM3_Init
 .text.MX_USART2_UART_Init
                0x000000000800853c       0xe4 ./Example/User/main.o
                0x000000000800853c                MX_USART2_UART_Init
 .text.MyFlagInterruptHandler
                0x0000000008008620       0x18 ./Example/User/main.o
                0x0000000008008620                MyFlagInterruptHandler
 .text.Error_Handler
                0x0000000008008638       0x18 ./Example/User/main.o
                0x0000000008008638                Error_Handler
 .text.encoder_position_read
                0x0000000008008650      0x13c ./Example/User/main.o
                0x0000000008008650                encoder_position_read
 .text.oppositeSigns
                0x000000000800878c       0x20 ./Example/User/main.o
                0x000000000800878c                oppositeSigns
 .text.rotor_position_read
                0x00000000080087ac       0x66 ./Example/User/main.o
                0x00000000080087ac                rotor_position_read
 *fill*         0x0000000008008812        0x2 
 .text.user_configuration_default
                0x0000000008008814       0xe4 ./Example/User/main.o
                0x0000000008008814                user_configuration_default
 .text.user_configuration
                0x00000000080088f8       0x7c ./Example/User/main.o
                0x00000000080088f8                user_configuration
 .text.SendGAMInput
                0x0000000008008974      0x144 ./Example/User/main.o
                0x0000000008008974                SendGAMInput
 .text.ProcessGAMOutput
                0x0000000008008ab8       0xd0 ./Example/User/main.o
                0x0000000008008ab8                ProcessGAMOutput
 .text.HAL_SPI_MspInit
                0x0000000008008b88       0xe0 ./Example/User/stm32f4xx_hal_msp.o
                0x0000000008008b88                HAL_SPI_MspInit
 .text.HAL_TIM_PWM_MspInit
                0x0000000008008c68       0x6c ./Example/User/stm32f4xx_hal_msp.o
                0x0000000008008c68                HAL_TIM_PWM_MspInit
 .text.HAL_TIM_PWM_PulseFinishedCallback
                0x0000000008008cd4       0x58 ./Example/User/stm32f4xx_hal_msp.o
                0x0000000008008cd4                HAL_TIM_PWM_PulseFinishedCallback
 .text.HAL_TIM_Encoder_MspInit
                0x0000000008008d2c       0x64 ./Example/User/stm32f4xx_hal_msp.o
                0x0000000008008d2c                HAL_TIM_Encoder_MspInit
 .text.HAL_UART_MspInit
                0x0000000008008d90       0x74 ./Example/User/stm32f4xx_hal_msp.o
                0x0000000008008d90                HAL_UART_MspInit
 .text.HAL_GPIO_EXTI_Callback
                0x0000000008008e04       0x1e ./Example/User/stm32f4xx_hal_msp.o
                0x0000000008008e04                HAL_GPIO_EXTI_Callback
 .text.NMI_Handler
                0x0000000008008e22        0xe ./Example/User/stm32f4xx_it.o
                0x0000000008008e22                NMI_Handler
 .text.HardFault_Handler
                0x0000000008008e30        0x6 ./Example/User/stm32f4xx_it.o
                0x0000000008008e30                HardFault_Handler
 .text.MemManage_Handler
                0x0000000008008e36        0x6 ./Example/User/stm32f4xx_it.o
                0x0000000008008e36                MemManage_Handler
 .text.BusFault_Handler
                0x0000000008008e3c        0x6 ./Example/User/stm32f4xx_it.o
                0x0000000008008e3c                BusFault_Handler
 .text.UsageFault_Handler
                0x0000000008008e42        0x6 ./Example/User/stm32f4xx_it.o
                0x0000000008008e42                UsageFault_Handler
 .text.SVC_Handler
                0x0000000008008e48        0xe ./Example/User/stm32f4xx_it.o
                0x0000000008008e48                SVC_Handler
 .text.DebugMon_Handler
                0x0000000008008e56        0xe ./Example/User/stm32f4xx_it.o
                0x0000000008008e56                DebugMon_Handler
 .text.PendSV_Handler
                0x0000000008008e64        0xe ./Example/User/stm32f4xx_it.o
                0x0000000008008e64                PendSV_Handler
 .text.SysTick_Handler
                0x0000000008008e72        0xc ./Example/User/stm32f4xx_it.o
                0x0000000008008e72                SysTick_Handler
 .text.EXTI15_10_IRQHandler
                0x0000000008008e7e       0x10 ./Example/User/stm32f4xx_it.o
                0x0000000008008e7e                EXTI15_10_IRQHandler
 *fill*         0x0000000008008e8e        0x2 
 .text.TIM2_IRQHandler
                0x0000000008008e90       0x14 ./Example/User/stm32f4xx_it.o
                0x0000000008008e90                TIM2_IRQHandler
 .text.TIM3_IRQHandler
                0x0000000008008ea4       0x14 ./Example/User/stm32f4xx_it.o
                0x0000000008008ea4                TIM3_IRQHandler
 .text.TIM4_IRQHandler
                0x0000000008008eb8       0x14 ./Example/User/stm32f4xx_it.o
                0x0000000008008eb8                TIM4_IRQHandler
 .text.DMA1_Stream5_IRQHandler
                0x0000000008008ecc       0x14 ./Example/User/stm32f4xx_it.o
                0x0000000008008ecc                DMA1_Stream5_IRQHandler
 .text.Reset_Handler
                0x0000000008008ee0       0x50 ./startup/startup_stm32f401xe.o
                0x0000000008008ee0                Reset_Handler
 .text.Default_Handler
                0x0000000008008f30        0x2 ./startup/startup_stm32f401xe.o
                0x0000000008008f30                RTC_Alarm_IRQHandler
                0x0000000008008f30                EXTI2_IRQHandler
                0x0000000008008f30                SPI4_IRQHandler
                0x0000000008008f30                TIM1_CC_IRQHandler
                0x0000000008008f30                DMA2_Stream5_IRQHandler
                0x0000000008008f30                PVD_IRQHandler
                0x0000000008008f30                SDIO_IRQHandler
                0x0000000008008f30                TAMP_STAMP_IRQHandler
                0x0000000008008f30                EXTI3_IRQHandler
                0x0000000008008f30                TIM1_UP_TIM10_IRQHandler
                0x0000000008008f30                I2C3_ER_IRQHandler
                0x0000000008008f30                EXTI0_IRQHandler
                0x0000000008008f30                I2C2_EV_IRQHandler
                0x0000000008008f30                DMA1_Stream2_IRQHandler
                0x0000000008008f30                FPU_IRQHandler
                0x0000000008008f30                DMA2_Stream2_IRQHandler
                0x0000000008008f30                SPI1_IRQHandler
                0x0000000008008f30                TIM1_BRK_TIM9_IRQHandler
                0x0000000008008f30                DMA2_Stream3_IRQHandler
                0x0000000008008f30                USART6_IRQHandler
                0x0000000008008f30                DMA2_Stream0_IRQHandler
                0x0000000008008f30                I2C1_EV_IRQHandler
                0x0000000008008f30                DMA1_Stream6_IRQHandler
                0x0000000008008f30                DMA1_Stream1_IRQHandler
                0x0000000008008f30                RCC_IRQHandler
                0x0000000008008f30                Default_Handler
                0x0000000008008f30                ADC_IRQHandler
                0x0000000008008f30                DMA1_Stream7_IRQHandler
                0x0000000008008f30                TIM5_IRQHandler
                0x0000000008008f30                DMA2_Stream7_IRQHandler
                0x0000000008008f30                I2C3_EV_IRQHandler
                0x0000000008008f30                EXTI9_5_IRQHandler
                0x0000000008008f30                RTC_WKUP_IRQHandler
                0x0000000008008f30                SPI2_IRQHandler
                0x0000000008008f30                DMA1_Stream0_IRQHandler
                0x0000000008008f30                EXTI4_IRQHandler
                0x0000000008008f30                WWDG_IRQHandler
                0x0000000008008f30                OTG_FS_WKUP_IRQHandler
                0x0000000008008f30                TIM1_TRG_COM_TIM11_IRQHandler
                0x0000000008008f30                EXTI1_IRQHandler
                0x0000000008008f30                USART2_IRQHandler
                0x0000000008008f30                I2C2_ER_IRQHandler
                0x0000000008008f30                DMA2_Stream1_IRQHandler
                0x0000000008008f30                FLASH_IRQHandler
                0x0000000008008f30                DMA2_Stream4_IRQHandler
                0x0000000008008f30                USART1_IRQHandler
                0x0000000008008f30                OTG_FS_IRQHandler
                0x0000000008008f30                SPI3_IRQHandler
                0x0000000008008f30                DMA1_Stream4_IRQHandler
                0x0000000008008f30                I2C1_ER_IRQHandler
                0x0000000008008f30                DMA2_Stream6_IRQHandler
                0x0000000008008f30                DMA1_Stream3_IRQHandler
 *fill*         0x0000000008008f32        0x2 
 .text.std      0x0000000008008f34       0x6c D:/ST/STM32CubeIDE_1.14.0/STM32CubeIDE/plugins/com.st.stm32cube.ide.mcu.externaltools.gnu-tools-for-stm32.11.3.rel1.win32_1.1.100.202309141235/tools/bin/../lib/gcc/arm-none-eabi/11.3.1/../../../../arm-none-eabi/lib/thumb/v7e-m+fp/hard\libc.a(libc_a-findfp.o)
 .text.stdio_exit_handler
                0x0000000008008fa0       0x18 D:/ST/STM32CubeIDE_1.14.0/STM32CubeIDE/plugins/com.st.stm32cube.ide.mcu.externaltools.gnu-tools-for-stm32.11.3.rel1.win32_1.1.100.202309141235/tools/bin/../lib/gcc/arm-none-eabi/11.3.1/../../../../arm-none-eabi/lib/thumb/v7e-m+fp/hard\libc.a(libc_a-findfp.o)
 .text.cleanup_stdio
                0x0000000008008fb8       0x40 D:/ST/STM32CubeIDE_1.14.0/STM32CubeIDE/plugins/com.st.stm32cube.ide.mcu.externaltools.gnu-tools-for-stm32.11.3.rel1.win32_1.1.100.202309141235/tools/bin/../lib/gcc/arm-none-eabi/11.3.1/../../../../arm-none-eabi/lib/thumb/v7e-m+fp/hard\libc.a(libc_a-findfp.o)
 .text.global_stdio_init.part.0
                0x0000000008008ff8       0x3c D:/ST/STM32CubeIDE_1.14.0/STM32CubeIDE/plugins/com.st.stm32cube.ide.mcu.externaltools.gnu-tools-for-stm32.11.3.rel1.win32_1.1.100.202309141235/tools/bin/../lib/gcc/arm-none-eabi/11.3.1/../../../../arm-none-eabi/lib/thumb/v7e-m+fp/hard\libc.a(libc_a-findfp.o)
 .text.__sfp_lock_acquire
                0x0000000008009034        0xc D:/ST/STM32CubeIDE_1.14.0/STM32CubeIDE/plugins/com.st.stm32cube.ide.mcu.externaltools.gnu-tools-for-stm32.11.3.rel1.win32_1.1.100.202309141235/tools/bin/../lib/gcc/arm-none-eabi/11.3.1/../../../../arm-none-eabi/lib/thumb/v7e-m+fp/hard\libc.a(libc_a-findfp.o)
                0x0000000008009034                __sfp_lock_acquire
 .text.__sfp_lock_release
                0x0000000008009040        0xc D:/ST/STM32CubeIDE_1.14.0/STM32CubeIDE/plugins/com.st.stm32cube.ide.mcu.externaltools.gnu-tools-for-stm32.11.3.rel1.win32_1.1.100.202309141235/tools/bin/../lib/gcc/arm-none-eabi/11.3.1/../../../../arm-none-eabi/lib/thumb/v7e-m+fp/hard\libc.a(libc_a-findfp.o)
                0x0000000008009040                __sfp_lock_release
 .text.__sinit  0x000000000800904c       0x30 D:/ST/STM32CubeIDE_1.14.0/STM32CubeIDE/plugins/com.st.stm32cube.ide.mcu.externaltools.gnu-tools-for-stm32.11.3.rel1.win32_1.1.100.202309141235/tools/bin/../lib/gcc/arm-none-eabi/11.3.1/../../../../arm-none-eabi/lib/thumb/v7e-m+fp/hard\libc.a(libc_a-findfp.o)
                0x000000000800904c                __sinit
 .text._fwalk_sglue
                0x000000000800907c       0x3c D:/ST/STM32CubeIDE_1.14.0/STM32CubeIDE/plugins/com.st.stm32cube.ide.mcu.externaltools.gnu-tools-for-stm32.11.3.rel1.win32_1.1.100.202309141235/tools/bin/../lib/gcc/arm-none-eabi/11.3.1/../../../../arm-none-eabi/lib/thumb/v7e-m+fp/hard\libc.a(libc_a-fwalk.o)
                0x000000000800907c                _fwalk_sglue
 .text.printf   0x00000000080090b8       0x24 D:/ST/STM32CubeIDE_1.14.0/STM32CubeIDE/plugins/com.st.stm32cube.ide.mcu.externaltools.gnu-tools-for-stm32.11.3.rel1.win32_1.1.100.202309141235/tools/bin/../lib/gcc/arm-none-eabi/11.3.1/../../../../arm-none-eabi/lib/thumb/v7e-m+fp/hard\libc.a(libc_a-printf.o)
                0x00000000080090b8                printf
 .text.sprintf  0x00000000080090dc       0x40 D:/ST/STM32CubeIDE_1.14.0/STM32CubeIDE/plugins/com.st.stm32cube.ide.mcu.externaltools.gnu-tools-for-stm32.11.3.rel1.win32_1.1.100.202309141235/tools/bin/../lib/gcc/arm-none-eabi/11.3.1/../../../../arm-none-eabi/lib/thumb/v7e-m+fp/hard\libc.a(libc_a-sprintf.o)
                0x00000000080090dc                sprintf
 .text.__sread  0x000000000800911c       0x22 D:/ST/STM32CubeIDE_1.14.0/STM32CubeIDE/plugins/com.st.stm32cube.ide.mcu.externaltools.gnu-tools-for-stm32.11.3.rel1.win32_1.1.100.202309141235/tools/bin/../lib/gcc/arm-none-eabi/11.3.1/../../../../arm-none-eabi/lib/thumb/v7e-m+fp/hard\libc.a(libc_a-stdio.o)
                0x000000000800911c                __sread
 .text.__swrite
                0x000000000800913e       0x38 D:/ST/STM32CubeIDE_1.14.0/STM32CubeIDE/plugins/com.st.stm32cube.ide.mcu.externaltools.gnu-tools-for-stm32.11.3.rel1.win32_1.1.100.202309141235/tools/bin/../lib/gcc/arm-none-eabi/11.3.1/../../../../arm-none-eabi/lib/thumb/v7e-m+fp/hard\libc.a(libc_a-stdio.o)
                0x000000000800913e                __swrite
 .text.__sseek  0x0000000008009176       0x24 D:/ST/STM32CubeIDE_1.14.0/STM32CubeIDE/plugins/com.st.stm32cube.ide.mcu.externaltools.gnu-tools-for-stm32.11.3.rel1.win32_1.1.100.202309141235/tools/bin/../lib/gcc/arm-none-eabi/11.3.1/../../../../arm-none-eabi/lib/thumb/v7e-m+fp/hard\libc.a(libc_a-stdio.o)
                0x0000000008009176                __sseek
 .text.__sclose
                0x000000000800919a        0x8 D:/ST/STM32CubeIDE_1.14.0/STM32CubeIDE/plugins/com.st.stm32cube.ide.mcu.externaltools.gnu-tools-for-stm32.11.3.rel1.win32_1.1.100.202309141235/tools/bin/../lib/gcc/arm-none-eabi/11.3.1/../../../../arm-none-eabi/lib/thumb/v7e-m+fp/hard\libc.a(libc_a-stdio.o)
                0x000000000800919a                __sclose
 .text.memset   0x00000000080091a2       0x10 D:/ST/STM32CubeIDE_1.14.0/STM32CubeIDE/plugins/com.st.stm32cube.ide.mcu.externaltools.gnu-tools-for-stm32.11.3.rel1.win32_1.1.100.202309141235/tools/bin/../lib/gcc/arm-none-eabi/11.3.1/../../../../arm-none-eabi/lib/thumb/v7e-m+fp/hard\libc.a(libc_a-memset.o)
                0x00000000080091a2                memset
 *fill*         0x00000000080091b2        0x2 
 .text.__locale_mb_cur_max
                0x00000000080091b4        0xc D:/ST/STM32CubeIDE_1.14.0/STM32CubeIDE/plugins/com.st.stm32cube.ide.mcu.externaltools.gnu-tools-for-stm32.11.3.rel1.win32_1.1.100.202309141235/tools/bin/../lib/gcc/arm-none-eabi/11.3.1/../../../../arm-none-eabi/lib/thumb/v7e-m+fp/hard\libc.a(libc_a-locale.o)
                0x00000000080091b4                __locale_mb_cur_max
 .text._close_r
                0x00000000080091c0       0x20 D:/ST/STM32CubeIDE_1.14.0/STM32CubeIDE/plugins/com.st.stm32cube.ide.mcu.externaltools.gnu-tools-for-stm32.11.3.rel1.win32_1.1.100.202309141235/tools/bin/../lib/gcc/arm-none-eabi/11.3.1/../../../../arm-none-eabi/lib/thumb/v7e-m+fp/hard\libc.a(libc_a-closer.o)
                0x00000000080091c0                _close_r
 .text._lseek_r
                0x00000000080091e0       0x24 D:/ST/STM32CubeIDE_1.14.0/STM32CubeIDE/plugins/com.st.stm32cube.ide.mcu.externaltools.gnu-tools-for-stm32.11.3.rel1.win32_1.1.100.202309141235/tools/bin/../lib/gcc/arm-none-eabi/11.3.1/../../../../arm-none-eabi/lib/thumb/v7e-m+fp/hard\libc.a(libc_a-lseekr.o)
                0x00000000080091e0                _lseek_r
 .text._read_r  0x0000000008009204       0x24 D:/ST/STM32CubeIDE_1.14.0/STM32CubeIDE/plugins/com.st.stm32cube.ide.mcu.externaltools.gnu-tools-for-stm32.11.3.rel1.win32_1.1.100.202309141235/tools/bin/../lib/gcc/arm-none-eabi/11.3.1/../../../../arm-none-eabi/lib/thumb/v7e-m+fp/hard\libc.a(libc_a-readr.o)
                0x0000000008009204                _read_r
 .text._write_r
                0x0000000008009228       0x24 D:/ST/STM32CubeIDE_1.14.0/STM32CubeIDE/plugins/com.st.stm32cube.ide.mcu.externaltools.gnu-tools-for-stm32.11.3.rel1.win32_1.1.100.202309141235/tools/bin/../lib/gcc/arm-none-eabi/11.3.1/../../../../arm-none-eabi/lib/thumb/v7e-m+fp/hard\libc.a(libc_a-writer.o)
                0x0000000008009228                _write_r
 .text.__errno  0x000000000800924c        0xc D:/ST/STM32CubeIDE_1.14.0/STM32CubeIDE/plugins/com.st.stm32cube.ide.mcu.externaltools.gnu-tools-for-stm32.11.3.rel1.win32_1.1.100.202309141235/tools/bin/../lib/gcc/arm-none-eabi/11.3.1/../../../../arm-none-eabi/lib/thumb/v7e-m+fp/hard\libc.a(libc_a-errno.o)
                0x000000000800924c                __errno
 .text.__libc_init_array
                0x0000000008009258       0x48 D:/ST/STM32CubeIDE_1.14.0/STM32CubeIDE/plugins/com.st.stm32cube.ide.mcu.externaltools.gnu-tools-for-stm32.11.3.rel1.win32_1.1.100.202309141235/tools/bin/../lib/gcc/arm-none-eabi/11.3.1/../../../../arm-none-eabi/lib/thumb/v7e-m+fp/hard\libc.a(libc_a-init.o)
                0x0000000008009258                __libc_init_array
 .text.__retarget_lock_init_recursive
                0x00000000080092a0        0x2 D:/ST/STM32CubeIDE_1.14.0/STM32CubeIDE/plugins/com.st.stm32cube.ide.mcu.externaltools.gnu-tools-for-stm32.11.3.rel1.win32_1.1.100.202309141235/tools/bin/../lib/gcc/arm-none-eabi/11.3.1/../../../../arm-none-eabi/lib/thumb/v7e-m+fp/hard\libc.a(libc_a-lock.o)
                0x00000000080092a0                __retarget_lock_init_recursive
 .text.__retarget_lock_close_recursive
                0x00000000080092a2        0x2 D:/ST/STM32CubeIDE_1.14.0/STM32CubeIDE/plugins/com.st.stm32cube.ide.mcu.externaltools.gnu-tools-for-stm32.11.3.rel1.win32_1.1.100.202309141235/tools/bin/../lib/gcc/arm-none-eabi/11.3.1/../../../../arm-none-eabi/lib/thumb/v7e-m+fp/hard\libc.a(libc_a-lock.o)
                0x00000000080092a2                __retarget_lock_close_recursive
 .text.__retarget_lock_acquire_recursive
                0x00000000080092a4        0x2 D:/ST/STM32CubeIDE_1.14.0/STM32CubeIDE/plugins/com.st.stm32cube.ide.mcu.externaltools.gnu-tools-for-stm32.11.3.rel1.win32_1.1.100.202309141235/tools/bin/../lib/gcc/arm-none-eabi/11.3.1/../../../../arm-none-eabi/lib/thumb/v7e-m+fp/hard\libc.a(libc_a-lock.o)
                0x00000000080092a4                __retarget_lock_acquire_recursive
 .text.__retarget_lock_release_recursive
                0x00000000080092a6        0x2 D:/ST/STM32CubeIDE_1.14.0/STM32CubeIDE/plugins/com.st.stm32cube.ide.mcu.externaltools.gnu-tools-for-stm32.11.3.rel1.win32_1.1.100.202309141235/tools/bin/../lib/gcc/arm-none-eabi/11.3.1/../../../../arm-none-eabi/lib/thumb/v7e-m+fp/hard\libc.a(libc_a-lock.o)
                0x00000000080092a6                __retarget_lock_release_recursive
 .text.memcpy   0x00000000080092a8       0x1c D:/ST/STM32CubeIDE_1.14.0/STM32CubeIDE/plugins/com.st.stm32cube.ide.mcu.externaltools.gnu-tools-for-stm32.11.3.rel1.win32_1.1.100.202309141235/tools/bin/../lib/gcc/arm-none-eabi/11.3.1/../../../../arm-none-eabi/lib/thumb/v7e-m+fp/hard\libc.a(libc_a-memcpy-stub.o)
                0x00000000080092a8                memcpy
 .text.startup.register_fini
                0x00000000080092c4       0x14 D:/ST/STM32CubeIDE_1.14.0/STM32CubeIDE/plugins/com.st.stm32cube.ide.mcu.externaltools.gnu-tools-for-stm32.11.3.rel1.win32_1.1.100.202309141235/tools/bin/../lib/gcc/arm-none-eabi/11.3.1/../../../../arm-none-eabi/lib/thumb/v7e-m+fp/hard\libc.a(libc_a-__call_atexit.o)
 .text.atexit   0x00000000080092d8        0xc D:/ST/STM32CubeIDE_1.14.0/STM32CubeIDE/plugins/com.st.stm32cube.ide.mcu.externaltools.gnu-tools-for-stm32.11.3.rel1.win32_1.1.100.202309141235/tools/bin/../lib/gcc/arm-none-eabi/11.3.1/../../../../arm-none-eabi/lib/thumb/v7e-m+fp/hard\libc.a(libc_a-atexit.o)
                0x00000000080092d8                atexit
 .text._malloc_trim_r
                0x00000000080092e4       0xa8 D:/ST/STM32CubeIDE_1.14.0/STM32CubeIDE/plugins/com.st.stm32cube.ide.mcu.externaltools.gnu-tools-for-stm32.11.3.rel1.win32_1.1.100.202309141235/tools/bin/../lib/gcc/arm-none-eabi/11.3.1/../../../../arm-none-eabi/lib/thumb/v7e-m+fp/hard\libc.a(libc_a-freer.o)
                0x00000000080092e4                _malloc_trim_r
 .text._free_r  0x000000000800938c      0x180 D:/ST/STM32CubeIDE_1.14.0/STM32CubeIDE/plugins/com.st.stm32cube.ide.mcu.externaltools.gnu-tools-for-stm32.11.3.rel1.win32_1.1.100.202309141235/tools/bin/../lib/gcc/arm-none-eabi/11.3.1/../../../../arm-none-eabi/lib/thumb/v7e-m+fp/hard\libc.a(libc_a-freer.o)
                0x000000000800938c                _free_r
 .text._malloc_r
                0x000000000800950c      0x474 D:/ST/STM32CubeIDE_1.14.0/STM32CubeIDE/plugins/com.st.stm32cube.ide.mcu.externaltools.gnu-tools-for-stm32.11.3.rel1.win32_1.1.100.202309141235/tools/bin/../lib/gcc/arm-none-eabi/11.3.1/../../../../arm-none-eabi/lib/thumb/v7e-m+fp/hard\libc.a(libc_a-mallocr.o)
                0x000000000800950c                _malloc_r
 .text.__ascii_mbtowc
                0x0000000008009980       0x24 D:/ST/STM32CubeIDE_1.14.0/STM32CubeIDE/plugins/com.st.stm32cube.ide.mcu.externaltools.gnu-tools-for-stm32.11.3.rel1.win32_1.1.100.202309141235/tools/bin/../lib/gcc/arm-none-eabi/11.3.1/../../../../arm-none-eabi/lib/thumb/v7e-m+fp/hard\libc.a(libc_a-mbtowc_r.o)
                0x0000000008009980                __ascii_mbtowc
 .text.__malloc_lock
                0x00000000080099a4        0xc D:/ST/STM32CubeIDE_1.14.0/STM32CubeIDE/plugins/com.st.stm32cube.ide.mcu.externaltools.gnu-tools-for-stm32.11.3.rel1.win32_1.1.100.202309141235/tools/bin/../lib/gcc/arm-none-eabi/11.3.1/../../../../arm-none-eabi/lib/thumb/v7e-m+fp/hard\libc.a(libc_a-mlock.o)
                0x00000000080099a4                __malloc_lock
 .text.__malloc_unlock
                0x00000000080099b0        0xc D:/ST/STM32CubeIDE_1.14.0/STM32CubeIDE/plugins/com.st.stm32cube.ide.mcu.externaltools.gnu-tools-for-stm32.11.3.rel1.win32_1.1.100.202309141235/tools/bin/../lib/gcc/arm-none-eabi/11.3.1/../../../../arm-none-eabi/lib/thumb/v7e-m+fp/hard\libc.a(libc_a-mlock.o)
                0x00000000080099b0                __malloc_unlock
 .text._Balloc  0x00000000080099bc       0x4a D:/ST/STM32CubeIDE_1.14.0/STM32CubeIDE/plugins/com.st.stm32cube.ide.mcu.externaltools.gnu-tools-for-stm32.11.3.rel1.win32_1.1.100.202309141235/tools/bin/../lib/gcc/arm-none-eabi/11.3.1/../../../../arm-none-eabi/lib/thumb/v7e-m+fp/hard\libc.a(libc_a-mprec.o)
                0x00000000080099bc                _Balloc
 .text._Bfree   0x0000000008009a06       0x12 D:/ST/STM32CubeIDE_1.14.0/STM32CubeIDE/plugins/com.st.stm32cube.ide.mcu.externaltools.gnu-tools-for-stm32.11.3.rel1.win32_1.1.100.202309141235/tools/bin/../lib/gcc/arm-none-eabi/11.3.1/../../../../arm-none-eabi/lib/thumb/v7e-m+fp/hard\libc.a(libc_a-mprec.o)
                0x0000000008009a06                _Bfree
 .text.__multadd
                0x0000000008009a18       0x8c D:/ST/STM32CubeIDE_1.14.0/STM32CubeIDE/plugins/com.st.stm32cube.ide.mcu.externaltools.gnu-tools-for-stm32.11.3.rel1.win32_1.1.100.202309141235/tools/bin/../lib/gcc/arm-none-eabi/11.3.1/../../../../arm-none-eabi/lib/thumb/v7e-m+fp/hard\libc.a(libc_a-mprec.o)
                0x0000000008009a18                __multadd
 .text.__hi0bits
                0x0000000008009aa4       0x40 D:/ST/STM32CubeIDE_1.14.0/STM32CubeIDE/plugins/com.st.stm32cube.ide.mcu.externaltools.gnu-tools-for-stm32.11.3.rel1.win32_1.1.100.202309141235/tools/bin/../lib/gcc/arm-none-eabi/11.3.1/../../../../arm-none-eabi/lib/thumb/v7e-m+fp/hard\libc.a(libc_a-mprec.o)
                0x0000000008009aa4                __hi0bits
 .text.__lo0bits
                0x0000000008009ae4       0x5a D:/ST/STM32CubeIDE_1.14.0/STM32CubeIDE/plugins/com.st.stm32cube.ide.mcu.externaltools.gnu-tools-for-stm32.11.3.rel1.win32_1.1.100.202309141235/tools/bin/../lib/gcc/arm-none-eabi/11.3.1/../../../../arm-none-eabi/lib/thumb/v7e-m+fp/hard\libc.a(libc_a-mprec.o)
                0x0000000008009ae4                __lo0bits
 *fill*         0x0000000008009b3e        0x2 
 .text.__i2b    0x0000000008009b40       0x2c D:/ST/STM32CubeIDE_1.14.0/STM32CubeIDE/plugins/com.st.stm32cube.ide.mcu.externaltools.gnu-tools-for-stm32.11.3.rel1.win32_1.1.100.202309141235/tools/bin/../lib/gcc/arm-none-eabi/11.3.1/../../../../arm-none-eabi/lib/thumb/v7e-m+fp/hard\libc.a(libc_a-mprec.o)
                0x0000000008009b40                __i2b
 .text.__multiply
                0x0000000008009b6c      0x154 D:/ST/STM32CubeIDE_1.14.0/STM32CubeIDE/plugins/com.st.stm32cube.ide.mcu.externaltools.gnu-tools-for-stm32.11.3.rel1.win32_1.1.100.202309141235/tools/bin/../lib/gcc/arm-none-eabi/11.3.1/../../../../arm-none-eabi/lib/thumb/v7e-m+fp/hard\libc.a(libc_a-mprec.o)
                0x0000000008009b6c                __multiply
 .text.__pow5mult
                0x0000000008009cc0       0x80 D:/ST/STM32CubeIDE_1.14.0/STM32CubeIDE/plugins/com.st.stm32cube.ide.mcu.externaltools.gnu-tools-for-stm32.11.3.rel1.win32_1.1.100.202309141235/tools/bin/../lib/gcc/arm-none-eabi/11.3.1/../../../../arm-none-eabi/lib/thumb/v7e-m+fp/hard\libc.a(libc_a-mprec.o)
                0x0000000008009cc0                __pow5mult
 .text.__lshift
                0x0000000008009d40       0xd8 D:/ST/STM32CubeIDE_1.14.0/STM32CubeIDE/plugins/com.st.stm32cube.ide.mcu.externaltools.gnu-tools-for-stm32.11.3.rel1.win32_1.1.100.202309141235/tools/bin/../lib/gcc/arm-none-eabi/11.3.1/../../../../arm-none-eabi/lib/thumb/v7e-m+fp/hard\libc.a(libc_a-mprec.o)
                0x0000000008009d40                __lshift
 .text.__mcmp   0x0000000008009e18       0x38 D:/ST/STM32CubeIDE_1.14.0/STM32CubeIDE/plugins/com.st.stm32cube.ide.mcu.externaltools.gnu-tools-for-stm32.11.3.rel1.win32_1.1.100.202309141235/tools/bin/../lib/gcc/arm-none-eabi/11.3.1/../../../../arm-none-eabi/lib/thumb/v7e-m+fp/hard\libc.a(libc_a-mprec.o)
                0x0000000008009e18                __mcmp
 .text.__mdiff  0x0000000008009e50      0x114 D:/ST/STM32CubeIDE_1.14.0/STM32CubeIDE/plugins/com.st.stm32cube.ide.mcu.externaltools.gnu-tools-for-stm32.11.3.rel1.win32_1.1.100.202309141235/tools/bin/../lib/gcc/arm-none-eabi/11.3.1/../../../../arm-none-eabi/lib/thumb/v7e-m+fp/hard\libc.a(libc_a-mprec.o)
                0x0000000008009e50                __mdiff
 .text.__d2b    0x0000000008009f64       0xb4 D:/ST/STM32CubeIDE_1.14.0/STM32CubeIDE/plugins/com.st.stm32cube.ide.mcu.externaltools.gnu-tools-for-stm32.11.3.rel1.win32_1.1.100.202309141235/tools/bin/../lib/gcc/arm-none-eabi/11.3.1/../../../../arm-none-eabi/lib/thumb/v7e-m+fp/hard\libc.a(libc_a-mprec.o)
                0x0000000008009f64                __d2b
 .text.__ascii_wctomb
                0x000000000800a018       0x1a D:/ST/STM32CubeIDE_1.14.0/STM32CubeIDE/plugins/com.st.stm32cube.ide.mcu.externaltools.gnu-tools-for-stm32.11.3.rel1.win32_1.1.100.202309141235/tools/bin/../lib/gcc/arm-none-eabi/11.3.1/../../../../arm-none-eabi/lib/thumb/v7e-m+fp/hard\libc.a(libc_a-wctomb_r.o)
                0x000000000800a018                __ascii_wctomb
 *fill*         0x000000000800a032        0x6 
 .text._svfprintf_r
                0x000000000800a038     0x13dc D:/ST/STM32CubeIDE_1.14.0/STM32CubeIDE/plugins/com.st.stm32cube.ide.mcu.externaltools.gnu-tools-for-stm32.11.3.rel1.win32_1.1.100.202309141235/tools/bin/../lib/gcc/arm-none-eabi/11.3.1/../../../../arm-none-eabi/lib/thumb/v7e-m+fp/hard\libc.a(libc_a-svfprintf.o)
                0x000000000800a038                _svfprintf_r
 *fill*         0x000000000800b414        0x4 
 .text._vfprintf_r
                0x000000000800b418     0x1468 D:/ST/STM32CubeIDE_1.14.0/STM32CubeIDE/plugins/com.st.stm32cube.ide.mcu.externaltools.gnu-tools-for-stm32.11.3.rel1.win32_1.1.100.202309141235/tools/bin/../lib/gcc/arm-none-eabi/11.3.1/../../../../arm-none-eabi/lib/thumb/v7e-m+fp/hard\libc.a(libc_a-vfprintf.o)
                0x000000000800b418                _vfprintf_r
 .text.__sbprintf
                0x000000000800c880       0x80 D:/ST/STM32CubeIDE_1.14.0/STM32CubeIDE/plugins/com.st.stm32cube.ide.mcu.externaltools.gnu-tools-for-stm32.11.3.rel1.win32_1.1.100.202309141235/tools/bin/../lib/gcc/arm-none-eabi/11.3.1/../../../../arm-none-eabi/lib/thumb/v7e-m+fp/hard\libc.a(libc_a-vfprintf.o)
 .text.__sprint_r
                0x000000000800c900       0x64 D:/ST/STM32CubeIDE_1.14.0/STM32CubeIDE/plugins/com.st.stm32cube.ide.mcu.externaltools.gnu-tools-for-stm32.11.3.rel1.win32_1.1.100.202309141235/tools/bin/../lib/gcc/arm-none-eabi/11.3.1/../../../../arm-none-eabi/lib/thumb/v7e-m+fp/hard\libc.a(libc_a-vfiprintf.o)
                0x000000000800c900                __sprint_r
 .text._vfiprintf_r
                0x000000000800c964      0x924 D:/ST/STM32CubeIDE_1.14.0/STM32CubeIDE/plugins/com.st.stm32cube.ide.mcu.externaltools.gnu-tools-for-stm32.11.3.rel1.win32_1.1.100.202309141235/tools/bin/../lib/gcc/arm-none-eabi/11.3.1/../../../../arm-none-eabi/lib/thumb/v7e-m+fp/hard\libc.a(libc_a-vfiprintf.o)
                0x000000000800c964                _vfiprintf_r
 .text.__sbprintf
                0x000000000800d288       0x80 D:/ST/STM32CubeIDE_1.14.0/STM32CubeIDE/plugins/com.st.stm32cube.ide.mcu.externaltools.gnu-tools-for-stm32.11.3.rel1.win32_1.1.100.202309141235/tools/bin/../lib/gcc/arm-none-eabi/11.3.1/../../../../arm-none-eabi/lib/thumb/v7e-m+fp/hard\libc.a(libc_a-vfiprintf.o)
 .text._fclose_r
                0x000000000800d308       0xae D:/ST/STM32CubeIDE_1.14.0/STM32CubeIDE/plugins/com.st.stm32cube.ide.mcu.externaltools.gnu-tools-for-stm32.11.3.rel1.win32_1.1.100.202309141235/tools/bin/../lib/gcc/arm-none-eabi/11.3.1/../../../../arm-none-eabi/lib/thumb/v7e-m+fp/hard\libc.a(libc_a-fclose.o)
                0x000000000800d308                _fclose_r
 *fill*         0x000000000800d3b6        0x2 
 .text.__sflush_r
                0x000000000800d3b8      0x11c D:/ST/STM32CubeIDE_1.14.0/STM32CubeIDE/plugins/com.st.stm32cube.ide.mcu.externaltools.gnu-tools-for-stm32.11.3.rel1.win32_1.1.100.202309141235/tools/bin/../lib/gcc/arm-none-eabi/11.3.1/../../../../arm-none-eabi/lib/thumb/v7e-m+fp/hard\libc.a(libc_a-fflush.o)
                0x000000000800d3b8                __sflush_r
 .text._fflush_r
                0x000000000800d4d4       0x4a D:/ST/STM32CubeIDE_1.14.0/STM32CubeIDE/plugins/com.st.stm32cube.ide.mcu.externaltools.gnu-tools-for-stm32.11.3.rel1.win32_1.1.100.202309141235/tools/bin/../lib/gcc/arm-none-eabi/11.3.1/../../../../arm-none-eabi/lib/thumb/v7e-m+fp/hard\libc.a(libc_a-fflush.o)
                0x000000000800d4d4                _fflush_r
 *fill*         0x000000000800d51e        0x2 
 .text.__sfvwrite_r
                0x000000000800d520      0x294 D:/ST/STM32CubeIDE_1.14.0/STM32CubeIDE/plugins/com.st.stm32cube.ide.mcu.externaltools.gnu-tools-for-stm32.11.3.rel1.win32_1.1.100.202309141235/tools/bin/../lib/gcc/arm-none-eabi/11.3.1/../../../../arm-none-eabi/lib/thumb/v7e-m+fp/hard\libc.a(libc_a-fvwrite.o)
                0x000000000800d520                __sfvwrite_r
 .text.__swsetup_r
                0x000000000800d7b4       0xb0 D:/ST/STM32CubeIDE_1.14.0/STM32CubeIDE/plugins/com.st.stm32cube.ide.mcu.externaltools.gnu-tools-for-stm32.11.3.rel1.win32_1.1.100.202309141235/tools/bin/../lib/gcc/arm-none-eabi/11.3.1/../../../../arm-none-eabi/lib/thumb/v7e-m+fp/hard\libc.a(libc_a-wsetup.o)
                0x000000000800d7b4                __swsetup_r
 .text.__fputwc
                0x000000000800d864       0x82 D:/ST/STM32CubeIDE_1.14.0/STM32CubeIDE/plugins/com.st.stm32cube.ide.mcu.externaltools.gnu-tools-for-stm32.11.3.rel1.win32_1.1.100.202309141235/tools/bin/../lib/gcc/arm-none-eabi/11.3.1/../../../../arm-none-eabi/lib/thumb/v7e-m+fp/hard\libc.a(libc_a-fputwc.o)
                0x000000000800d864                __fputwc
 .text._fputwc_r
                0x000000000800d8e6       0x54 D:/ST/STM32CubeIDE_1.14.0/STM32CubeIDE/plugins/com.st.stm32cube.ide.mcu.externaltools.gnu-tools-for-stm32.11.3.rel1.win32_1.1.100.202309141235/tools/bin/../lib/gcc/arm-none-eabi/11.3.1/../../../../arm-none-eabi/lib/thumb/v7e-m+fp/hard\libc.a(libc_a-fputwc.o)
                0x000000000800d8e6                _fputwc_r
 .text.memmove  0x000000000800d93a       0x34 D:/ST/STM32CubeIDE_1.14.0/STM32CubeIDE/plugins/com.st.stm32cube.ide.mcu.externaltools.gnu-tools-for-stm32.11.3.rel1.win32_1.1.100.202309141235/tools/bin/../lib/gcc/arm-none-eabi/11.3.1/../../../../arm-none-eabi/lib/thumb/v7e-m+fp/hard\libc.a(libc_a-memmove.o)
                0x000000000800d93a                memmove
 .text.strncpy  0x000000000800d96e       0x26 D:/ST/STM32CubeIDE_1.14.0/STM32CubeIDE/plugins/com.st.stm32cube.ide.mcu.externaltools.gnu-tools-for-stm32.11.3.rel1.win32_1.1.100.202309141235/tools/bin/../lib/gcc/arm-none-eabi/11.3.1/../../../../arm-none-eabi/lib/thumb/v7e-m+fp/hard\libc.a(libc_a-strncpy.o)
                0x000000000800d96e                strncpy
 .text._localeconv_r
                0x000000000800d994        0x8 D:/ST/STM32CubeIDE_1.14.0/STM32CubeIDE/plugins/com.st.stm32cube.ide.mcu.externaltools.gnu-tools-for-stm32.11.3.rel1.win32_1.1.100.202309141235/tools/bin/../lib/gcc/arm-none-eabi/11.3.1/../../../../arm-none-eabi/lib/thumb/v7e-m+fp/hard\libc.a(libc_a-localeconv.o)
                0x000000000800d994                _localeconv_r
 .text._sbrk_r  0x000000000800d99c       0x20 D:/ST/STM32CubeIDE_1.14.0/STM32CubeIDE/plugins/com.st.stm32cube.ide.mcu.externaltools.gnu-tools-for-stm32.11.3.rel1.win32_1.1.100.202309141235/tools/bin/../lib/gcc/arm-none-eabi/11.3.1/../../../../arm-none-eabi/lib/thumb/v7e-m+fp/hard\libc.a(libc_a-sbrkr.o)
                0x000000000800d99c                _sbrk_r
 .text.__libc_fini_array
                0x000000000800d9bc       0x28 D:/ST/STM32CubeIDE_1.14.0/STM32CubeIDE/plugins/com.st.stm32cube.ide.mcu.externaltools.gnu-tools-for-stm32.11.3.rel1.win32_1.1.100.202309141235/tools/bin/../lib/gcc/arm-none-eabi/11.3.1/../../../../arm-none-eabi/lib/thumb/v7e-m+fp/hard\libc.a(libc_a-fini.o)
                0x000000000800d9bc                __libc_fini_array
 .text.sysconf  0x000000000800d9e4       0x18 D:/ST/STM32CubeIDE_1.14.0/STM32CubeIDE/plugins/com.st.stm32cube.ide.mcu.externaltools.gnu-tools-for-stm32.11.3.rel1.win32_1.1.100.202309141235/tools/bin/../lib/gcc/arm-none-eabi/11.3.1/../../../../arm-none-eabi/lib/thumb/v7e-m+fp/hard\libc.a(libc_a-sysconf.o)
                0x000000000800d9e4                sysconf
 .text.frexp    0x000000000800d9fc       0x70 D:/ST/STM32CubeIDE_1.14.0/STM32CubeIDE/plugins/com.st.stm32cube.ide.mcu.externaltools.gnu-tools-for-stm32.11.3.rel1.win32_1.1.100.202309141235/tools/bin/../lib/gcc/arm-none-eabi/11.3.1/../../../../arm-none-eabi/lib/thumb/v7e-m+fp/hard\libc.a(libm_a-s_frexp.o)
                0x000000000800d9fc                frexp
 .text.__register_exitproc
                0x000000000800da6c       0x80 D:/ST/STM32CubeIDE_1.14.0/STM32CubeIDE/plugins/com.st.stm32cube.ide.mcu.externaltools.gnu-tools-for-stm32.11.3.rel1.win32_1.1.100.202309141235/tools/bin/../lib/gcc/arm-none-eabi/11.3.1/../../../../arm-none-eabi/lib/thumb/v7e-m+fp/hard\libc.a(libc_a-__atexit.o)
                0x000000000800da6c                __register_exitproc
 .text.__assert_func
                0x000000000800daec       0x3c D:/ST/STM32CubeIDE_1.14.0/STM32CubeIDE/plugins/com.st.stm32cube.ide.mcu.externaltools.gnu-tools-for-stm32.11.3.rel1.win32_1.1.100.202309141235/tools/bin/../lib/gcc/arm-none-eabi/11.3.1/../../../../arm-none-eabi/lib/thumb/v7e-m+fp/hard\libc.a(libc_a-assert.o)
                0x000000000800daec                __assert_func
 .text._calloc_r
                0x000000000800db28       0x6a D:/ST/STM32CubeIDE_1.14.0/STM32CubeIDE/plugins/com.st.stm32cube.ide.mcu.externaltools.gnu-tools-for-stm32.11.3.rel1.win32_1.1.100.202309141235/tools/bin/../lib/gcc/arm-none-eabi/11.3.1/../../../../arm-none-eabi/lib/thumb/v7e-m+fp/hard\libc.a(libc_a-callocr.o)
                0x000000000800db28                _calloc_r
 .text.quorem   0x000000000800db92      0x110 D:/ST/STM32CubeIDE_1.14.0/STM32CubeIDE/plugins/com.st.stm32cube.ide.mcu.externaltools.gnu-tools-for-stm32.11.3.rel1.win32_1.1.100.202309141235/tools/bin/../lib/gcc/arm-none-eabi/11.3.1/../../../../arm-none-eabi/lib/thumb/v7e-m+fp/hard\libc.a(libc_a-dtoa.o)
 *fill*         0x000000000800dca2        0x6 
 .text._dtoa_r  0x000000000800dca8      0xbac D:/ST/STM32CubeIDE_1.14.0/STM32CubeIDE/plugins/com.st.stm32cube.ide.mcu.externaltools.gnu-tools-for-stm32.11.3.rel1.win32_1.1.100.202309141235/tools/bin/../lib/gcc/arm-none-eabi/11.3.1/../../../../arm-none-eabi/lib/thumb/v7e-m+fp/hard\libc.a(libc_a-dtoa.o)
                0x000000000800dca8                _dtoa_r
 .text._realloc_r
                0x000000000800e854      0x350 D:/ST/STM32CubeIDE_1.14.0/STM32CubeIDE/plugins/com.st.stm32cube.ide.mcu.externaltools.gnu-tools-for-stm32.11.3.rel1.win32_1.1.100.202309141235/tools/bin/../lib/gcc/arm-none-eabi/11.3.1/../../../../arm-none-eabi/lib/thumb/v7e-m+fp/hard\libc.a(libc_a-reallocr.o)
                0x000000000800e854                _realloc_r
 .text._wcrtomb_r
                0x000000000800eba4       0x2c D:/ST/STM32CubeIDE_1.14.0/STM32CubeIDE/plugins/com.st.stm32cube.ide.mcu.externaltools.gnu-tools-for-stm32.11.3.rel1.win32_1.1.100.202309141235/tools/bin/../lib/gcc/arm-none-eabi/11.3.1/../../../../arm-none-eabi/lib/thumb/v7e-m+fp/hard\libc.a(libc_a-wcrtomb.o)
                0x000000000800eba4                _wcrtomb_r
 .text.fiprintf
                0x000000000800ebd0       0x24 D:/ST/STM32CubeIDE_1.14.0/STM32CubeIDE/plugins/com.st.stm32cube.ide.mcu.externaltools.gnu-tools-for-stm32.11.3.rel1.win32_1.1.100.202309141235/tools/bin/../lib/gcc/arm-none-eabi/11.3.1/../../../../arm-none-eabi/lib/thumb/v7e-m+fp/hard\libc.a(libc_a-fiprintf.o)
                0x000000000800ebd0                fiprintf
 .text.__ssprint_r
                0x000000000800ebf4       0xfa D:/ST/STM32CubeIDE_1.14.0/STM32CubeIDE/plugins/com.st.stm32cube.ide.mcu.externaltools.gnu-tools-for-stm32.11.3.rel1.win32_1.1.100.202309141235/tools/bin/../lib/gcc/arm-none-eabi/11.3.1/../../../../arm-none-eabi/lib/thumb/v7e-m+fp/hard\libc.a(libc_a-svfiprintf.o)
                0x000000000800ebf4                __ssprint_r
 .text.__swhatbuf_r
                0x000000000800ecee       0x50 D:/ST/STM32CubeIDE_1.14.0/STM32CubeIDE/plugins/com.st.stm32cube.ide.mcu.externaltools.gnu-tools-for-stm32.11.3.rel1.win32_1.1.100.202309141235/tools/bin/../lib/gcc/arm-none-eabi/11.3.1/../../../../arm-none-eabi/lib/thumb/v7e-m+fp/hard\libc.a(libc_a-makebuf.o)
                0x000000000800ecee                __swhatbuf_r
 .text.__smakebuf_r
                0x000000000800ed3e       0x78 D:/ST/STM32CubeIDE_1.14.0/STM32CubeIDE/plugins/com.st.stm32cube.ide.mcu.externaltools.gnu-tools-for-stm32.11.3.rel1.win32_1.1.100.202309141235/tools/bin/../lib/gcc/arm-none-eabi/11.3.1/../../../../arm-none-eabi/lib/thumb/v7e-m+fp/hard\libc.a(libc_a-makebuf.o)
                0x000000000800ed3e                __smakebuf_r
 .text.__swbuf_r
                0x000000000800edb6       0x92 D:/ST/STM32CubeIDE_1.14.0/STM32CubeIDE/plugins/com.st.stm32cube.ide.mcu.externaltools.gnu-tools-for-stm32.11.3.rel1.win32_1.1.100.202309141235/tools/bin/../lib/gcc/arm-none-eabi/11.3.1/../../../../arm-none-eabi/lib/thumb/v7e-m+fp/hard\libc.a(libc_a-wbuf.o)
                0x000000000800edb6                __swbuf_r
 .text._fstat_r
                0x000000000800ee48       0x24 D:/ST/STM32CubeIDE_1.14.0/STM32CubeIDE/plugins/com.st.stm32cube.ide.mcu.externaltools.gnu-tools-for-stm32.11.3.rel1.win32_1.1.100.202309141235/tools/bin/../lib/gcc/arm-none-eabi/11.3.1/../../../../arm-none-eabi/lib/thumb/v7e-m+fp/hard\libc.a(libc_a-fstatr.o)
                0x000000000800ee48                _fstat_r
 .text._isatty_r
                0x000000000800ee6c       0x20 D:/ST/STM32CubeIDE_1.14.0/STM32CubeIDE/plugins/com.st.stm32cube.ide.mcu.externaltools.gnu-tools-for-stm32.11.3.rel1.win32_1.1.100.202309141235/tools/bin/../lib/gcc/arm-none-eabi/11.3.1/../../../../arm-none-eabi/lib/thumb/v7e-m+fp/hard\libc.a(libc_a-isattyr.o)
                0x000000000800ee6c                _isatty_r
 .text.abort    0x000000000800ee8c        0xe D:/ST/STM32CubeIDE_1.14.0/STM32CubeIDE/plugins/com.st.stm32cube.ide.mcu.externaltools.gnu-tools-for-stm32.11.3.rel1.win32_1.1.100.202309141235/tools/bin/../lib/gcc/arm-none-eabi/11.3.1/../../../../arm-none-eabi/lib/thumb/v7e-m+fp/hard\libc.a(libc_a-abort.o)
                0x000000000800ee8c                abort
 .text._raise_r
                0x000000000800ee9a       0x52 D:/ST/STM32CubeIDE_1.14.0/STM32CubeIDE/plugins/com.st.stm32cube.ide.mcu.externaltools.gnu-tools-for-stm32.11.3.rel1.win32_1.1.100.202309141235/tools/bin/../lib/gcc/arm-none-eabi/11.3.1/../../../../arm-none-eabi/lib/thumb/v7e-m+fp/hard\libc.a(libc_a-signal.o)
                0x000000000800ee9a                _raise_r
 .text.raise    0x000000000800eeec       0x10 D:/ST/STM32CubeIDE_1.14.0/STM32CubeIDE/plugins/com.st.stm32cube.ide.mcu.externaltools.gnu-tools-for-stm32.11.3.rel1.win32_1.1.100.202309141235/tools/bin/../lib/gcc/arm-none-eabi/11.3.1/../../../../arm-none-eabi/lib/thumb/v7e-m+fp/hard\libc.a(libc_a-signal.o)
                0x000000000800eeec                raise
 .text._kill_r  0x000000000800eefc       0x24 D:/ST/STM32CubeIDE_1.14.0/STM32CubeIDE/plugins/com.st.stm32cube.ide.mcu.externaltools.gnu-tools-for-stm32.11.3.rel1.win32_1.1.100.202309141235/tools/bin/../lib/gcc/arm-none-eabi/11.3.1/../../../../arm-none-eabi/lib/thumb/v7e-m+fp/hard\libc.a(libc_a-signalr.o)
                0x000000000800eefc                _kill_r
 .text._getpid_r
                0x000000000800ef20        0x4 D:/ST/STM32CubeIDE_1.14.0/STM32CubeIDE/plugins/com.st.stm32cube.ide.mcu.externaltools.gnu-tools-for-stm32.11.3.rel1.win32_1.1.100.202309141235/tools/bin/../lib/gcc/arm-none-eabi/11.3.1/../../../../arm-none-eabi/lib/thumb/v7e-m+fp/hard\libc.a(libc_a-signalr.o)
                0x000000000800ef20                _getpid_r
 .text._close   0x000000000800ef24       0x10 D:/ST/STM32CubeIDE_1.14.0/STM32CubeIDE/plugins/com.st.stm32cube.ide.mcu.externaltools.gnu-tools-for-stm32.11.3.rel1.win32_1.1.100.202309141235/tools/bin/../lib/gcc/arm-none-eabi/11.3.1/../../../../arm-none-eabi/lib/thumb/v7e-m+fp/hard\libnosys.a(close.o)
                0x000000000800ef24                _close
 .text._fstat   0x000000000800ef34       0x10 D:/ST/STM32CubeIDE_1.14.0/STM32CubeIDE/plugins/com.st.stm32cube.ide.mcu.externaltools.gnu-tools-for-stm32.11.3.rel1.win32_1.1.100.202309141235/tools/bin/../lib/gcc/arm-none-eabi/11.3.1/../../../../arm-none-eabi/lib/thumb/v7e-m+fp/hard\libnosys.a(fstat.o)
                0x000000000800ef34                _fstat
 .text._getpid  0x000000000800ef44       0x10 D:/ST/STM32CubeIDE_1.14.0/STM32CubeIDE/plugins/com.st.stm32cube.ide.mcu.externaltools.gnu-tools-for-stm32.11.3.rel1.win32_1.1.100.202309141235/tools/bin/../lib/gcc/arm-none-eabi/11.3.1/../../../../arm-none-eabi/lib/thumb/v7e-m+fp/hard\libnosys.a(getpid.o)
                0x000000000800ef44                _getpid
 .text._isatty  0x000000000800ef54       0x10 D:/ST/STM32CubeIDE_1.14.0/STM32CubeIDE/plugins/com.st.stm32cube.ide.mcu.externaltools.gnu-tools-for-stm32.11.3.rel1.win32_1.1.100.202309141235/tools/bin/../lib/gcc/arm-none-eabi/11.3.1/../../../../arm-none-eabi/lib/thumb/v7e-m+fp/hard\libnosys.a(isatty.o)
                0x000000000800ef54                _isatty
 .text._kill    0x000000000800ef64       0x10 D:/ST/STM32CubeIDE_1.14.0/STM32CubeIDE/plugins/com.st.stm32cube.ide.mcu.externaltools.gnu-tools-for-stm32.11.3.rel1.win32_1.1.100.202309141235/tools/bin/../lib/gcc/arm-none-eabi/11.3.1/../../../../arm-none-eabi/lib/thumb/v7e-m+fp/hard\libnosys.a(kill.o)
                0x000000000800ef64                _kill
 .text._lseek   0x000000000800ef74       0x10 D:/ST/STM32CubeIDE_1.14.0/STM32CubeIDE/plugins/com.st.stm32cube.ide.mcu.externaltools.gnu-tools-for-stm32.11.3.rel1.win32_1.1.100.202309141235/tools/bin/../lib/gcc/arm-none-eabi/11.3.1/../../../../arm-none-eabi/lib/thumb/v7e-m+fp/hard\libnosys.a(lseek.o)
                0x000000000800ef74                _lseek
 .text._read    0x000000000800ef84       0x10 D:/ST/STM32CubeIDE_1.14.0/STM32CubeIDE/plugins/com.st.stm32cube.ide.mcu.externaltools.gnu-tools-for-stm32.11.3.rel1.win32_1.1.100.202309141235/tools/bin/../lib/gcc/arm-none-eabi/11.3.1/../../../../arm-none-eabi/lib/thumb/v7e-m+fp/hard\libnosys.a(read.o)
                0x000000000800ef84                _read
 .text._sbrk    0x000000000800ef94       0x1c D:/ST/STM32CubeIDE_1.14.0/STM32CubeIDE/plugins/com.st.stm32cube.ide.mcu.externaltools.gnu-tools-for-stm32.11.3.rel1.win32_1.1.100.202309141235/tools/bin/../lib/gcc/arm-none-eabi/11.3.1/../../../../arm-none-eabi/lib/thumb/v7e-m+fp/hard\libnosys.a(sbrk.o)
                0x000000000800ef94                _sbrk
 .text._write   0x000000000800efb0       0x10 D:/ST/STM32CubeIDE_1.14.0/STM32CubeIDE/plugins/com.st.stm32cube.ide.mcu.externaltools.gnu-tools-for-stm32.11.3.rel1.win32_1.1.100.202309141235/tools/bin/../lib/gcc/arm-none-eabi/11.3.1/../../../../arm-none-eabi/lib/thumb/v7e-m+fp/hard\libnosys.a(write.o)
                0x000000000800efb0                _write
 .text._exit    0x000000000800efc0        0x2 D:/ST/STM32CubeIDE_1.14.0/STM32CubeIDE/plugins/com.st.stm32cube.ide.mcu.externaltools.gnu-tools-for-stm32.11.3.rel1.win32_1.1.100.202309141235/tools/bin/../lib/gcc/arm-none-eabi/11.3.1/../../../../arm-none-eabi/lib/thumb/v7e-m+fp/hard\libnosys.a(_exit.o)
                0x000000000800efc0                _exit
 *(.glue_7)
 .glue_7        0x000000000800efc2        0x0 linker stubs
 *(.glue_7t)
 .glue_7t       0x000000000800efc2        0x0 linker stubs
 *(.eh_frame)
 *fill*         0x000000000800efc2        0x2 
 .eh_frame      0x000000000800efc4        0x0 D:/ST/STM32CubeIDE_1.14.0/STM32CubeIDE/plugins/com.st.stm32cube.ide.mcu.externaltools.gnu-tools-for-stm32.11.3.rel1.win32_1.1.100.202309141235/tools/bin/../lib/gcc/arm-none-eabi/11.3.1/thumb/v7e-m+fp/hard/crtbegin.o
 *(.init)
 .init          0x000000000800efc4        0x4 D:/ST/STM32CubeIDE_1.14.0/STM32CubeIDE/plugins/com.st.stm32cube.ide.mcu.externaltools.gnu-tools-for-stm32.11.3.rel1.win32_1.1.100.202309141235/tools/bin/../lib/gcc/arm-none-eabi/11.3.1/thumb/v7e-m+fp/hard/crti.o
                0x000000000800efc4                _init
 .init          0x000000000800efc8        0x8 D:/ST/STM32CubeIDE_1.14.0/STM32CubeIDE/plugins/com.st.stm32cube.ide.mcu.externaltools.gnu-tools-for-stm32.11.3.rel1.win32_1.1.100.202309141235/tools/bin/../lib/gcc/arm-none-eabi/11.3.1/thumb/v7e-m+fp/hard/crtn.o
 *(.fini)
 .fini          0x000000000800efd0        0x4 D:/ST/STM32CubeIDE_1.14.0/STM32CubeIDE/plugins/com.st.stm32cube.ide.mcu.externaltools.gnu-tools-for-stm32.11.3.rel1.win32_1.1.100.202309141235/tools/bin/../lib/gcc/arm-none-eabi/11.3.1/thumb/v7e-m+fp/hard/crti.o
                0x000000000800efd0                _fini
 .fini          0x000000000800efd4        0x8 D:/ST/STM32CubeIDE_1.14.0/STM32CubeIDE/plugins/com.st.stm32cube.ide.mcu.externaltools.gnu-tools-for-stm32.11.3.rel1.win32_1.1.100.202309141235/tools/bin/../lib/gcc/arm-none-eabi/11.3.1/thumb/v7e-m+fp/hard/crtn.o
                0x000000000800efdc                . = ALIGN (0x4)
                0x000000000800efdc                _etext = .

.vfp11_veneer   0x000000000800efdc        0x0
 .vfp11_veneer  0x000000000800efdc        0x0 linker stubs

.v4_bx          0x000000000800efdc        0x0
 .v4_bx         0x000000000800efdc        0x0 linker stubs

.iplt           0x000000000800efdc        0x0
 .iplt          0x000000000800efdc        0x0 D:/ST/STM32CubeIDE_1.14.0/STM32CubeIDE/plugins/com.st.stm32cube.ide.mcu.externaltools.gnu-tools-for-stm32.11.3.rel1.win32_1.1.100.202309141235/tools/bin/../lib/gcc/arm-none-eabi/11.3.1/thumb/v7e-m+fp/hard/crtbegin.o

.rodata         0x000000000800efe0     0x11b4
                0x000000000800efe0                . = ALIGN (0x4)
 *(.rodata)
 .rodata        0x000000000800efe0       0x18 ./Drivers/CMSIS/system_stm32f4xx.o
                0x000000000800efe0                AHBPrescTable
                0x000000000800eff0                APBPrescTable