Archive member included to satisfy reference by file (symbol)

D:/ST/STM32CubeIDE_1.14.0/STM32CubeIDE/plugins/com.st.stm32cube.ide.mcu.externaltools.gnu-tools-for-stm32.11.3.rel1.win32_1.1.100.202309141235/tools/bin/../lib/gcc/arm-none-eabi/11.3.1/../../../../arm-none-eabi/lib/thumb/v7e-m+fp/hard\libc.a(libc_a-atof.o)
                              ./Example/User/main.o (atof)
D:/ST/STM32CubeIDE_1.14.0/STM32CubeIDE/plugins/com.st.stm32cube.ide.mcu.externaltools.gnu-tools-for-stm32.11.3.rel1.win32_1.1.100.202309141235/tools/bin/../lib/gcc/arm-none-eabi/11.3.1/../../../../arm-none-eabi/lib/thumb/v7e-m+fp/hard\libc.a(libc_a-atoi.o)
                              ./Example/User/main.o (atoi)
D:/ST/STM32CubeIDE_1.14.0/STM32CubeIDE/plugins/com.st.stm32cube.ide.mcu.externaltools.gnu-tools-for-stm32.11.3.rel1.win32_1.1.100.202309141235/tools/bin/../lib/gcc/arm-none-eabi/11.3.1/../../../../arm-none-eabi/lib/thumb/v7e-m+fp/hard\libc.a(libc_a-exit.o)
                              D:/ST/STM32CubeIDE_1.14.0/STM32CubeIDE/plugins/com.st.stm32cube.ide.mcu.externaltools.gnu-tools-for-stm32.11.3.rel1.win32_1.1.100.202309141235/tools/bin/../lib/gcc/arm-none-eabi/11.3.1/../../../../arm-none-eabi/lib/thumb/v7e-m+fp/hard/crt0.o (exit)
D:/ST/STM32CubeIDE_1.14.0/STM32CubeIDE/plugins/com.st.stm32cube.ide.mcu.externaltools.gnu-tools-for-stm32.11.3.rel1.win32_1.1.100.202309141235/tools/bin/../lib/gcc/arm-none-eabi/11.3.1/../../../../arm-none-eabi/lib/thumb/v7e-m+fp/hard\libc.a(libc_a-strtod.o)
                              D:/ST/STM32CubeIDE_1.14.0/STM32CubeIDE/plugins/com.st.stm32cube.ide.mcu.externaltools.gnu-tools-for-stm32.11.3.rel1.win32_1.1.100.202309141235/tools/bin/../lib/gcc/arm-none-eabi/11.3.1/../../../../arm-none-eabi/lib/thumb/v7e-m+fp/hard\libc.a(libc_a-atof.o) (strtod)
D:/ST/STM32CubeIDE_1.14.0/STM32CubeIDE/plugins/com.st.stm32cube.ide.mcu.externaltools.gnu-tools-for-stm32.11.3.rel1.win32_1.1.100.202309141235/tools/bin/../lib/gcc/arm-none-eabi/11.3.1/../../../../arm-none-eabi/lib/thumb/v7e-m+fp/hard\libc.a(libc_a-strtol.o)
                              D:/ST/STM32CubeIDE_1.14.0/STM32CubeIDE/plugins/com.st.stm32cube.ide.mcu.externaltools.gnu-tools-for-stm32.11.3.rel1.win32_1.1.100.202309141235/tools/bin/../lib/gcc/arm-none-eabi/11.3.1/../../../../arm-none-eabi/lib/thumb/v7e-m+fp/hard\libc.a(libc_a-atoi.o) (_strtol_r)
D:/ST/STM32CubeIDE_1.14.0/STM32CubeIDE/plugins/com.st.stm32cube.ide.mcu.externaltools.gnu-tools-for-stm32.11.3.rel1.win32_1.1.100.202309141235/tools/bin/../lib/gcc/arm-none-eabi/11.3.1/../../../../arm-none-eabi/lib/thumb/v7e-m+fp/hard\libc.a(libc_a-ctype_.o)
                              D:/ST/STM32CubeIDE_1.14.0/STM32CubeIDE/plugins/com.st.stm32cube.ide.mcu.externaltools.gnu-tools-for-stm32.11.3.rel1.win32_1.1.100.202309141235/tools/bin/../lib/gcc/arm-none-eabi/11.3.1/../../../../arm-none-eabi/lib/thumb/v7e-m+fp/hard\libc.a(libc_a-strtol.o) (_ctype_)
D:/ST/STM32CubeIDE_1.14.0/STM32CubeIDE/plugins/com.st.stm32cube.ide.mcu.externaltools.gnu-tools-for-stm32.11.3.rel1.win32_1.1.100.202309141235/tools/bin/../lib/gcc/arm-none-eabi/11.3.1/../../../../arm-none-eabi/lib/thumb/v7e-m+fp/hard\libc.a(libc_a-findfp.o)
                              D:/ST/STM32CubeIDE_1.14.0/STM32CubeIDE/plugins/com.st.stm32cube.ide.mcu.externaltools.gnu-tools-for-stm32.11.3.rel1.win32_1.1.100.202309141235/tools/bin/../lib/gcc/arm-none-eabi/11.3.1/../../../../arm-none-eabi/lib/thumb/v7e-m+fp/hard\libc.a(libc_a-exit.o) (__stdio_exit_handler)
D:/ST/STM32CubeIDE_1.14.0/STM32CubeIDE/plugins/com.st.stm32cube.ide.mcu.externaltools.gnu-tools-for-stm32.11.3.rel1.win32_1.1.100.202309141235/tools/bin/../lib/gcc/arm-none-eabi/11.3.1/../../../../arm-none-eabi/lib/thumb/v7e-m+fp/hard\libc.a(libc_a-fwalk.o)
                              D:/ST/STM32CubeIDE_1.14.0/STM32CubeIDE/plugins/com.st.stm32cube.ide.mcu.externaltools.gnu-tools-for-stm32.11.3.rel1.win32_1.1.100.202309141235/tools/bin/../lib/gcc/arm-none-eabi/11.3.1/../../../../arm-none-eabi/lib/thumb/v7e-m+fp/hard\libc.a(libc_a-findfp.o) (_fwalk_sglue)
D:/ST/STM32CubeIDE_1.14.0/STM32CubeIDE/plugins/com.st.stm32cube.ide.mcu.externaltools.gnu-tools-for-stm32.11.3.rel1.win32_1.1.100.202309141235/tools/bin/../lib/gcc/arm-none-eabi/11.3.1/../../../../arm-none-eabi/lib/thumb/v7e-m+fp/hard\libc.a(libc_a-sprintf.o)
                              ./Example/User/main.o (sprintf)
D:/ST/STM32CubeIDE_1.14.0/STM32CubeIDE/plugins/com.st.stm32cube.ide.mcu.externaltools.gnu-tools-for-stm32.11.3.rel1.win32_1.1.100.202309141235/tools/bin/../lib/gcc/arm-none-eabi/11.3.1/../../../../arm-none-eabi/lib/thumb/v7e-m+fp/hard\libc.a(libc_a-stdio.o)
                              D:/ST/STM32CubeIDE_1.14.0/STM32CubeIDE/plugins/com.st.stm32cube.ide.mcu.externaltools.gnu-tools-for-stm32.11.3.rel1.win32_1.1.100.202309141235/tools/bin/../lib/gcc/arm-none-eabi/11.3.1/../../../../arm-none-eabi/lib/thumb/v7e-m+fp/hard\libc.a(libc_a-findfp.o) (__sread)
[...]
Memory Configuration

Name             Origin             Length             Attributes
FLASH            0x0000000008000000 0x0000000000080000 xr
RAM              0x0000000020000000 0x0000000000018000 xrw
*default*        0x0000000000000000 0xffffffffffffffff

Linker script and memory map

LOAD D:/ST/STM32CubeIDE_1.14.0/STM32CubeIDE/plugins/com.st.stm32cube.ide.mcu.externaltools.gnu-tools-for-stm32.11.3.rel1.win32_1.1.100.202309141235/tools/bin/../lib/gcc/arm-none-eabi/11.3.1/thumb/v7e-m+fp/hard/crti.o
LOAD D:/ST/STM32CubeIDE_1.14.0/STM32CubeIDE/plugins/com.st.stm32cube.ide.mcu.externaltools.gnu-tools-for-stm32.11.3.rel1.win32_1.1.100.202309141235/tools/bin/../lib/gcc/arm-none-eabi/11.3.1/thumb/v7e-m+fp/hard/crtbegin.o
LOAD D:/ST/STM32CubeIDE_1.14.0/STM32CubeIDE/plugins/com.st.stm32cube.ide.mcu.externaltools.gnu-tools-for-stm32.11.3.rel1.win32_1.1.100.202309141235/tools/bin/../lib/gcc/arm-none-eabi/11.3.1/../../../../arm-none-eabi/lib/thumb/v7e-m+fp/hard/crt0.o
LOAD ./Drivers/BSP/Components/l6474/l6474.o
LOAD ./Drivers/BSP/STM32F4xx-Nucleo/stm32f4xx_nucleo.o
LOAD ./Drivers/BSP/STM32F4xx-Nucleo/x_nucleo_ihm01a1_stm32f4xx.o
LOAD ./Drivers/BSP/X-NUCLEO-IHMxx/x_nucleo_ihmxx.o
LOAD ./Drivers/CMSIS/system_stm32f4xx.o
LOAD ./Drivers/STM32F4xx_HAL_Driver/stm32f4xx_hal.o
LOAD ./Drivers/STM32F4xx_HAL_Driver/stm32f4xx_hal_cortex.o
LOAD ./Drivers/STM32F4xx_HAL_Driver/stm32f4xx_hal_dma.o
LOAD ./Drivers/STM32F4xx_HAL_Driver/stm32f4xx_hal_flash.o
LOAD ./Drivers/STM32F4xx_HAL_Driver/stm32f4xx_hal_flash_ex.o
LOAD ./Drivers/STM32F4xx_HAL_Driver/stm32f4xx_hal_gpio.o
LOAD ./Drivers/STM32F4xx_HAL_Driver/stm32f4xx_hal_rcc.o
LOAD ./Drivers/STM32F4xx_HAL_Driver/stm32f4xx_hal_rcc_ex.o
LOAD ./Drivers/STM32F4xx_HAL_Driver/stm32f4xx_hal_spi.o
LOAD ./Drivers/STM32F4xx_HAL_Driver/stm32f4xx_hal_tim.o
LOAD ./Drivers/STM32F4xx_HAL_Driver/stm32f4xx_hal_tim_ex.o
LOAD ./Drivers/STM32F4xx_HAL_Driver/stm32f4xx_hal_uart.o
LOAD ./Example/User/clock_f4.o
LOAD ./Example/User/edukit_system.o
LOAD ./Example/User/main.o
LOAD ./Example/User/stm32f4xx_hal_msp.o
LOAD ./Example/User/stm32f4xx_it.o
LOAD ./startup/startup_stm32f401xe.o
START GROUP
LOAD D:/ST/STM32CubeIDE_1.14.0/STM32CubeIDE/plugins/com.st.stm32cube.ide.mcu.externaltools.gnu-tools-for-stm32.11.3.rel1.win32_1.1.100.202309141235/tools/bin/../lib/gcc/arm-none-eabi/11.3.1/../../../../arm-none-eabi/lib/thumb/v7e-m+fp/hard\libc.a
LOAD D:/ST/STM32CubeIDE_1.14.0/STM32CubeIDE/plugins/com.st.stm32cube.ide.mcu.externaltools.gnu-tools-for-stm32.11.3.rel1.win32_1.1.100.202309141235/tools/bin/../lib/gcc/arm-none-eabi/11.3.1/../../../../arm-none-eabi/lib/thumb/v7e-m+fp/hard\libm.a
END GROUP
START GROUP
LOAD D:/ST/STM32CubeIDE_1.14.0/STM32CubeIDE/plugins/com.st.stm32cube.ide.mcu.externaltools.gnu-tools-for-stm32.11.3.rel1.win32_1.1.100.202309141235/tools/bin/../lib/gcc/arm-none-eabi/11.3.1/thumb/v7e-m+fp/hard\libgcc.a
LOAD D:/ST/STM32CubeIDE_1.14.0/STM32CubeIDE/plugins/com.st.stm32cube.ide.mcu.externaltools.gnu-tools-for-stm32.11.3.rel1.win32_1.1.100.202309141235/tools/bin/../lib/gcc/arm-none-eabi/11.3.1/../../../../arm-none-eabi/lib/thumb/v7e-m+fp/hard\libc.a
END GROUP
START GROUP
LOAD D:/ST/STM32CubeIDE_1.14.0/STM32CubeIDE/plugins/com.st.stm32cube.ide.mcu.externaltools.gnu-tools-for-stm32.11.3.rel1.win32_1.1.100.202309141235/tools/bin/../lib/gcc/arm-none-eabi/11.3.1/thumb/v7e-m+fp/hard\libgcc.a
LOAD D:/ST/STM32CubeIDE_1.14.0/STM32CubeIDE/plugins/com.st.stm32cube.ide.mcu.externaltools.gnu-tools-for-stm32.11.3.rel1.win32_1.1.100.202309141235/tools/bin/../lib/gcc/arm-none-eabi/11.3.1/../../../../arm-none-eabi/lib/thumb/v7e-m+fp/hard\libc.a
LOAD D:/ST/STM32CubeIDE_1.14.0/STM32CubeIDE/plugins/com.st.stm32cube.ide.mcu.externaltools.gnu-tools-for-stm32.11.3.rel1.win32_1.1.100.202309141235/tools/bin/../lib/gcc/arm-none-eabi/11.3.1/../../../../arm-none-eabi/lib/thumb/v7e-m+fp/hard\libnosys.a
END GROUP
LOAD D:/ST/STM32CubeIDE_1.14.0/STM32CubeIDE/plugins/com.st.stm32cube.ide.mcu.externaltools.gnu-tools-for-stm32.11.3.rel1.win32_1.1.100.202309141235/tools/bin/../lib/gcc/arm-none-eabi/11.3.1/thumb/v7e-m+fp/hard/crtend.o
LOAD D:/ST/STM32CubeIDE_1.14.0/STM32CubeIDE/plugins/com.st.stm32cube.ide.mcu.externaltools.gnu-tools-for-stm32.11.3.rel1.win32_1.1.100.202309141235/tools/bin/../lib/gcc/arm-none-eabi/11.3.1/thumb/v7e-m+fp/hard/crtn.o
                0x0000000020018000                _estack = 0x20018000
                0x0000000000000200                _Min_Heap_Size = 0x200
                0x0000000000000400                _Min_Stack_Size = 0x400

.isr_vector     0x0000000008000000      0x194
                0x0000000008000000                . = ALIGN (0x4)
 *(.isr_vector)
 .isr_vector    0x0000000008000000      0x194 ./startup/startup_stm32f401xe.o
                0x0000000008000000                g_pfnVectors
                0x0000000008000194                . = ALIGN (0x4)

.text           0x00000000080001a0    0x11298
                0x00000000080001a0                . = ALIGN (0x4)
 *(.text)
 .text          0x00000000080001a0       0x40 D:/ST/STM32CubeIDE_1.14.0/STM32CubeIDE/plugins/com.st.stm32cube.ide.mcu.externaltools.gnu-tools-for-stm32.11.3.rel1.win32_1.1.100.202309141235/tools/bin/../lib/gcc/arm-none-eabi/11.3.1/thumb/v7e-m+fp/hard/crtbegin.o
 .text          0x00000000080001e0       0x14 D:/ST/STM32CubeIDE_1.14.0/STM32CubeIDE/plugins/com.st.stm32cube.ide.mcu.externaltools.gnu-tools-for-stm32.11.3.rel1.win32_1.1.100.202309141235/tools/bin/../lib/gcc/arm-none-eabi/11.3.1/../../../../arm-none-eabi/lib/thumb/v7e-m+fp/hard\libc.a(libc_a-strcmp.o)
                0x00000000080001e0                strcmp
 .text          0x00000000080001f4       0x10 D:/ST/STM32CubeIDE_1.14.0/STM32CubeIDE/plugins/com.st.stm32cube.ide.mcu.externaltools.gnu-tools-for-stm32.11.3.rel1.win32_1.1.100.202309141235/tools/bin/../lib/gcc/arm-none-eabi/11.3.1/../../../../arm-none-eabi/lib/thumb/v7e-m+fp/hard\libc.a(libc_a-strlen.o)
                0x00000000080001f4                strlen
 *fill*         0x0000000008000204        0xc 
 .text          0x0000000008000210       0xa0 D:/ST/STM32CubeIDE_1.14.0/STM32CubeIDE/plugins/com.st.stm32cube.ide.mcu.externaltools.gnu-tools-for-stm32.11.3.rel1.win32_1.1.100.202309141235/tools/bin/../lib/gcc/arm-none-eabi/11.3.1/../../../../arm-none-eabi/lib/thumb/v7e-m+fp/hard\libc.a(libc_a-memchr.o)
                0x0000000008000210                memchr
 .text          0x00000000080002b0      0x378 D:/ST/STM32CubeIDE_1.14.0/STM32CubeIDE/plugins/com.st.stm32cube.ide.mcu.externaltools.gnu-tools-for-stm32.11.3.rel1.win32_1.1.100.202309141235/tools/bin/../lib/gcc/arm-none-eabi/11.3.1/thumb/v7e-m+fp/hard\libgcc.a(_arm_addsubdf3.o)
                0x00000000080002b0                __aeabi_drsub
                0x00000000080002b8                __aeabi_dsub
                0x00000000080002b8                __subdf3
                0x00000000080002bc                __aeabi_dadd
                0x00000000080002bc                __adddf3
                0x0000000008000534                __floatunsidf
                0x0000000008000534                __aeabi_ui2d
                0x0000000008000554                __floatsidf
                0x0000000008000554                __aeabi_i2d
                0x0000000008000578                __aeabi_f2d
                0x0000000008000578                __extendsfdf2
                0x00000000080005bc                __floatundidf
                0x00000000080005bc                __aeabi_ul2d
                0x00000000080005cc                __floatdidf
                0x00000000080005cc                __aeabi_l2d
 .text          0x0000000008000628      0x424 D:/ST/STM32CubeIDE_1.14.0/STM32CubeIDE/plugins/com.st.stm32cube.ide.mcu.externaltools.gnu-tools-for-stm32.11.3.rel1.win32_1.1.100.202309141235/tools/bin/../lib/gcc/arm-none-eabi/11.3.1/thumb/v7e-m+fp/hard\libgcc.a(_arm_muldivdf3.o)
                0x0000000008000628                __aeabi_dmul
                0x0000000008000628                __muldf3
                0x000000000800087c                __divdf3
                0x000000000800087c                __aeabi_ddiv
 .text          0x0000000008000a4c      0x110 D:/ST/STM32CubeIDE_1.14.0/STM32CubeIDE/plugins/com.st.stm32cube.ide.mcu.externaltools.gnu-tools-for-stm32.11.3.rel1.win32_1.1.100.202309141235/tools/bin/../lib/gcc/arm-none-eabi/11.3.1/thumb/v7e-m+fp/hard\libgcc.a(_arm_cmpdf2.o)
                0x0000000008000a4c                __gtdf2
                0x0000000008000a4c                __gedf2
                0x0000000008000a54                __ltdf2
                0x0000000008000a54                __ledf2
                0x0000000008000a5c                __nedf2
                0x0000000008000a5c                __eqdf2
                0x0000000008000a5c                __cmpdf2
                0x0000000008000ad8                __aeabi_cdrcmple
                0x0000000008000ae8                __aeabi_cdcmpeq
                0x0000000008000ae8                __aeabi_cdcmple
                0x0000000008000af8                __aeabi_dcmpeq
                0x0000000008000b0c                __aeabi_dcmplt
                0x0000000008000b20                __aeabi_dcmple
                0x0000000008000b34                __aeabi_dcmpge
                0x0000000008000b48                __aeabi_dcmpgt
 .text          0x0000000008000b5c       0x2c D:/ST/STM32CubeIDE_1.14.0/STM32CubeIDE/plugins/com.st.stm32cube.ide.mcu.externaltools.gnu-tools-for-stm32.11.3.rel1.win32_1.1.100.202309141235/tools/bin/../lib/gcc/arm-none-eabi/11.3.1/thumb/v7e-m+fp/hard\libgcc.a(_arm_unorddf2.o)
                0x0000000008000b5c                __unorddf2
                0x0000000008000b5c                __aeabi_dcmpun
 .text          0x0000000008000b88       0x50 D:/ST/STM32CubeIDE_1.14.0/STM32CubeIDE/plugins/com.st.stm32cube.ide.mcu.externaltools.gnu-tools-for-stm32.11.3.rel1.win32_1.1.100.202309141235/tools/bin/../lib/gcc/arm-none-eabi/11.3.1/thumb/v7e-m+fp/hard\libgcc.a(_arm_fixdfsi.o)
                0x0000000008000b88                __aeabi_d2iz
                0x0000000008000b88                __fixdfsi
 .text          0x0000000008000bd8       0x40 D:/ST/STM32CubeIDE_1.14.0/STM32CubeIDE/plugins/com.st.stm32cube.ide.mcu.externaltools.gnu-tools-for-stm32.11.3.rel1.win32_1.1.100.202309141235/tools/bin/../lib/gcc/arm-none-eabi/11.3.1/thumb/v7e-m+fp/hard\libgcc.a(_arm_fixunsdfsi.o)
                0x0000000008000bd8                __aeabi_d2uiz
                0x0000000008000bd8                __fixunsdfsi
 .text          0x0000000008000c18       0xa0 D:/ST/STM32CubeIDE_1.14.0/STM32CubeIDE/plugins/com.st.stm32cube.ide.mcu.externaltools.gnu-tools-for-stm32.11.3.rel1.win32_1.1.100.202309141235/tools/bin/../lib/gcc/arm-none-eabi/11.3.1/thumb/v7e-m+fp/hard\libgcc.a(_arm_truncdfsf2.o)
                0x0000000008000c18                __truncdfsf2
                0x0000000008000c18                __aeabi_d2f
 .text          0x0000000008000cb8       0x30 D:/ST/STM32CubeIDE_1.14.0/STM32CubeIDE/plugins/com.st.stm32cube.ide.mcu.externaltools.gnu-tools-for-stm32.11.3.rel1.win32_1.1.100.202309141235/tools/bin/../lib/gcc/arm-none-eabi/11.3.1/thumb/v7e-m+fp/hard\libgcc.a(_aeabi_uldivmod.o)
                0x0000000008000cb8                __aeabi_uldivmod
 .text          0x0000000008000ce8       0x30 D:/ST/STM32CubeIDE_1.14.0/STM32CubeIDE/plugins/com.st.stm32cube.ide.mcu.externaltools.gnu-tools-for-stm32.11.3.rel1.win32_1.1.100.202309141235/tools/bin/../lib/gcc/arm-none-eabi/11.3.1/thumb/v7e-m+fp/hard\libgcc.a(_fixdfdi.o)
                0x0000000008000ce8                __fixdfdi
                0x0000000008000ce8                __aeabi_d2lz
 .text          0x0000000008000d18       0x3c D:/ST/STM32CubeIDE_1.14.0/STM32CubeIDE/plugins/com.st.stm32cube.ide.mcu.externaltools.gnu-tools-for-stm32.11.3.rel1.win32_1.1.100.202309141235/tools/bin/../lib/gcc/arm-none-eabi/11.3.1/thumb/v7e-m+fp/hard\libgcc.a(_fixunsdfdi.o)
                0x0000000008000d18                __fixunsdfdi
                0x0000000008000d18                __aeabi_d2ulz
 .text          0x0000000008000d54      0x2c8 D:/ST/STM32CubeIDE_1.14.0/STM32CubeIDE/plugins/com.st.stm32cube.ide.mcu.externaltools.gnu-tools-for-stm32.11.3.rel1.win32_1.1.100.202309141235/tools/bin/../lib/gcc/arm-none-eabi/11.3.1/thumb/v7e-m+fp/hard\libgcc.a(_udivmoddi4.o)
                0x0000000008000d54                __udivmoddi4
 .text          0x000000000800101c        0x4 D:/ST/STM32CubeIDE_1.14.0/STM32CubeIDE/plugins/com.st.stm32cube.ide.mcu.externaltools.gnu-tools-for-stm32.11.3.rel1.win32_1.1.100.202309141235/tools/bin/../lib/gcc/arm-none-eabi/11.3.1/thumb/v7e-m+fp/hard\libgcc.a(_dvmd_tls.o)
                0x000000000800101c                __aeabi_idiv0
                0x000000000800101c                __aeabi_ldiv0
 *(.text*)
 .text.L6474_AttachErrorHandler
                0x0000000008001020       0x20 ./Drivers/BSP/Components/l6474/l6474.o
                0x0000000008001020                L6474_AttachErrorHandler
 .text.L6474_AttachFlagInterrupt
                0x0000000008001040       0x20 ./Drivers/BSP/Components/l6474/l6474.o
                0x0000000008001040                L6474_AttachFlagInterrupt
 .text.L6474_CmdDisable
                0x0000000008001060       0x1c ./Drivers/BSP/Components/l6474/l6474.o
                0x0000000008001060                L6474_CmdDisable
 .text.L6474_CmdEnable
                0x000000000800107c       0x1c ./Drivers/BSP/Components/l6474/l6474.o
                0x000000000800107c                L6474_CmdEnable
 .text.L6474_CmdGetParam
                0x0000000008001098      0x1e8 ./Drivers/BSP/Components/l6474/l6474.o
                0x0000000008001098                L6474_CmdGetParam
 .text.L6474_CmdGetStatus
                0x0000000008001280      0x10c ./Drivers/BSP/Components/l6474/l6474.o
                0x0000000008001280                L6474_CmdGetStatus
 .text.L6474_CmdNop
                0x000000000800138c       0x1c ./Drivers/BSP/Components/l6474/l6474.o
                0x000000000800138c                L6474_CmdNop
 .text.L6474_CmdSetParam
                0x00000000080013a8      0x1c8 ./Drivers/BSP/Components/l6474/l6474.o
                0x00000000080013a8                L6474_CmdSetParam
 .text.L6474_Init
                0x0000000008001570       0x98 ./Drivers/BSP/Components/l6474/l6474.o
                0x0000000008001570                L6474_Init
 .text.L6474_GetAcceleration
                0x0000000008001608       0x30 ./Drivers/BSP/Components/l6474/l6474.o
                0x0000000008001608                L6474_GetAcceleration
 .text.L6474_GetAnalogValue
                0x0000000008001638       0xd8 ./Drivers/BSP/Components/l6474/l6474.o
                0x0000000008001638                L6474_GetAnalogValue
 .text.L6474_GetCurrentSpeed
                0x0000000008001710       0x30 ./Drivers/BSP/Components/l6474/l6474.o
                0x0000000008001710                L6474_GetCurrentSpeed
 .text.L6474_GetDeceleration
                0x0000000008001740       0x30 ./Drivers/BSP/Components/l6474/l6474.o
                0x0000000008001740                L6474_GetDeceleration
 .text.L6474_GetDeviceState
                0x0000000008001770       0x30 ./Drivers/BSP/Components/l6474/l6474.o
                0x0000000008001770                L6474_GetDeviceState
 .text.L6474_GetDirection
                0x00000000080017a0       0x30 ./Drivers/BSP/Components/l6474/l6474.o
                0x00000000080017a0                L6474_GetDirection
 .text.L6474_GetFwVersion
                0x00000000080017d0       0x12 ./Drivers/BSP/Components/l6474/l6474.o
                0x00000000080017d0                L6474_GetFwVersion
 *fill*         0x00000000080017e2        0x2 
 .text.L6474_GetMotorHandle
                0x00000000080017e4       0x14 ./Drivers/BSP/Components/l6474/l6474.o
                0x00000000080017e4                L6474_GetMotorHandle
 .text.L6474_GetMark
                0x00000000080017f8       0x26 ./Drivers/BSP/Components/l6474/l6474.o
                0x00000000080017f8                L6474_GetMark
 *fill*         0x000000000800181e        0x2 
 .text.L6474_GetMaxSpeed
                0x0000000008001820       0x30 ./Drivers/BSP/Components/l6474/l6474.o
                0x0000000008001820                L6474_GetMaxSpeed
 .text.L6474_GetMinSpeed
                0x0000000008001850       0x30 ./Drivers/BSP/Components/l6474/l6474.o
                0x0000000008001850                L6474_GetMinSpeed
 .text.L6474_GetNbDevices
                0x0000000008001880       0x18 ./Drivers/BSP/Components/l6474/l6474.o
                0x0000000008001880                L6474_GetNbDevices
 .text.L6474_GetPosition
                0x0000000008001898       0x26 ./Drivers/BSP/Components/l6474/l6474.o
                0x0000000008001898                L6474_GetPosition
 *fill*         0x00000000080018be        0x2 
 .text.L6474_GetStepMode
                0x00000000080018c0       0x78 ./Drivers/BSP/Components/l6474/l6474.o
                0x00000000080018c0                L6474_GetStepMode
 .text.L6474_GetStopMode
                0x0000000008001938       0x30 ./Drivers/BSP/Components/l6474/l6474.o
                0x0000000008001938                L6474_GetStopMode
 .text.L6474_GoHome
                0x0000000008001968       0x1c ./Drivers/BSP/Components/l6474/l6474.o
                0x0000000008001968                L6474_GoHome
 .text.L6474_GoMark
                0x0000000008001984       0x34 ./Drivers/BSP/Components/l6474/l6474.o
                0x0000000008001984                L6474_GoMark
 .text.L6474_GoTo
                0x00000000080019b8       0xfc ./Drivers/BSP/Components/l6474/l6474.o
                0x00000000080019b8                L6474_GoTo
 .text.L6474_HardStop
                0x0000000008001ab4       0x94 ./Drivers/BSP/Components/l6474/l6474.o
                0x0000000008001ab4                L6474_HardStop
 .text.L6474_HizStop
                0x0000000008001b48       0x78 ./Drivers/BSP/Components/l6474/l6474.o
                0x0000000008001b48                L6474_HizStop
 .text.L6474_Move
                0x0000000008001bc0       0xb0 ./Drivers/BSP/Components/l6474/l6474.o
                0x0000000008001bc0                L6474_Move
 .text.L6474_ReadId
                0x0000000008001c70       0x18 ./Drivers/BSP/Components/l6474/l6474.o
                0x0000000008001c70                L6474_ReadId
 .text.L6474_ReadStatusRegister
                0x0000000008001c88       0x20 ./Drivers/BSP/Components/l6474/l6474.o
                0x0000000008001c88                L6474_ReadStatusRegister
 .text.L6474_ReleaseReset
                0x0000000008001ca8       0x1a ./Drivers/BSP/Components/l6474/l6474.o
                0x0000000008001ca8                L6474_ReleaseReset
 .text.L6474_Reset
                0x0000000008001cc2       0x1a ./Drivers/BSP/Components/l6474/l6474.o
                0x0000000008001cc2                L6474_Reset
 .text.L6474_ResetAllDevices
                0x0000000008001cdc       0x50 ./Drivers/BSP/Components/l6474/l6474.o
                0x0000000008001cdc                L6474_ResetAllDevices
 .text.L6474_Run
                0x0000000008001d2c       0x64 ./Drivers/BSP/Components/l6474/l6474.o
                0x0000000008001d2c                L6474_Run
 .text.L6474_SelectStepMode
                0x0000000008001d90       0x90 ./Drivers/BSP/Components/l6474/l6474.o
                0x0000000008001d90                L6474_SelectStepMode
 .text.L6474_SetAcceleration
                0x0000000008001e20       0x74 ./Drivers/BSP/Components/l6474/l6474.o
                0x0000000008001e20                L6474_SetAcceleration
 .text.L6474_SetAnalogValue
                0x0000000008001e94      0x20c ./Drivers/BSP/Components/l6474/l6474.o
                0x0000000008001e94                L6474_SetAnalogValue
 .text.L6474_SetDeceleration
                0x00000000080020a0       0x74 ./Drivers/BSP/Components/l6474/l6474.o
                0x00000000080020a0                L6474_SetDeceleration
 .text.L6474_SetDirection
                0x0000000008002114       0x54 ./Drivers/BSP/Components/l6474/l6474.o
                0x0000000008002114                L6474_SetDirection
 .text.L6474_SetHome
                0x0000000008002168       0x56 ./Drivers/BSP/Components/l6474/l6474.o
                0x0000000008002168                L6474_SetHome
 *fill*         0x00000000080021be        0x2 
 .text.L6474_SetNbDevices
                0x00000000080021c0       0x38 ./Drivers/BSP/Components/l6474/l6474.o
                0x00000000080021c0                L6474_SetNbDevices
 .text.L6474_SetMark
                0x00000000080021f8       0x3c ./Drivers/BSP/Components/l6474/l6474.o
                0x00000000080021f8                L6474_SetMark
 .text.L6474_SetMaxSpeed
                0x0000000008002234       0x98 ./Drivers/BSP/Components/l6474/l6474.o
                0x0000000008002234                L6474_SetMaxSpeed
 .text.L6474_SetMinSpeed
                0x00000000080022cc       0x98 ./Drivers/BSP/Components/l6474/l6474.o
                0x00000000080022cc                L6474_SetMinSpeed
 .text.L6474_SetStopMode
                0x0000000008002364       0x34 ./Drivers/BSP/Components/l6474/l6474.o
                0x0000000008002364                L6474_SetStopMode
 .text.L6474_SoftStop
                0x0000000008002398       0x50 ./Drivers/BSP/Components/l6474/l6474.o
                0x0000000008002398                L6474_SoftStop
 .text.L6474_WaitWhileActive
                0x00000000080023e8       0x24 ./Drivers/BSP/Components/l6474/l6474.o
                0x00000000080023e8                L6474_WaitWhileActive
 .text.L6474_ApplySpeed
                0x000000000800240c       0x80 ./Drivers/BSP/Components/l6474/l6474.o
                0x000000000800240c                L6474_ApplySpeed
 .text.L6474_ComputeSpeedProfile
                0x000000000800248c      0x17c ./Drivers/BSP/Components/l6474/l6474.o
                0x000000000800248c                L6474_ComputeSpeedProfile
 .text.L6474_ConvertPosition
                0x0000000008002608       0x40 ./Drivers/BSP/Components/l6474/l6474.o
                0x0000000008002608                L6474_ConvertPosition
 .text.L6474_ErrorHandler
                0x0000000008002648       0x2c ./Drivers/BSP/Components/l6474/l6474.o
                0x0000000008002648                L6474_ErrorHandler
 .text.L6474_FlagInterruptHandler
                0x0000000008002674       0x2c ./Drivers/BSP/Components/l6474/l6474.o
                0x0000000008002674                L6474_FlagInterruptHandler
 .text.L6474_SendCommand
                0x00000000080026a0       0xa4 ./Drivers/BSP/Components/l6474/l6474.o
                0x00000000080026a0                L6474_SendCommand
 .text.L6474_SetDeviceParamsToGivenValues
                0x0000000008002744      0x148 ./Drivers/BSP/Components/l6474/l6474.o
                0x0000000008002744                L6474_SetDeviceParamsToGivenValues
 .text.L6474_SetDeviceParamsToPredefinedValues
                0x000000000800288c      0x13c ./Drivers/BSP/Components/l6474/l6474.o
                0x000000000800288c                L6474_SetDeviceParamsToPredefinedValues
 .text.L6474_SetRegisterToGivenValues
                0x00000000080029c8       0xf6 ./Drivers/BSP/Components/l6474/l6474.o
                0x00000000080029c8                L6474_SetRegisterToGivenValues
 *fill*         0x0000000008002abe        0x2 
 .text.L6474_SetRegisterToPredefinedValues
                0x0000000008002ac0      0x1f8 ./Drivers/BSP/Components/l6474/l6474.o
                0x0000000008002ac0                L6474_SetRegisterToPredefinedValues
 .text.L6474_StartMovement
                0x0000000008002cb8       0xa4 ./Drivers/BSP/Components/l6474/l6474.o
                0x0000000008002cb8                L6474_StartMovement
 .text.L6474_StepClockHandler
                0x0000000008002d5c      0x5c0 ./Drivers/BSP/Components/l6474/l6474.o
                0x0000000008002d5c                L6474_StepClockHandler
 .text.L6474_Ocd_Th_to_Par
                0x000000000800331c       0x48 ./Drivers/BSP/Components/l6474/l6474.o
                0x000000000800331c                L6474_Ocd_Th_to_Par
 .text.L6474_Ocd_Par_to_Th
                0x0000000008003364       0x30 ./Drivers/BSP/Components/l6474/l6474.o
                0x0000000008003364                L6474_Ocd_Par_to_Th
 .text.L6474_Tval_Current_to_Par
                0x0000000008003394       0x48 ./Drivers/BSP/Components/l6474/l6474.o
                0x0000000008003394                L6474_Tval_Current_to_Par
 .text.L6474_Tval_Par_to_Current
                0x00000000080033dc       0x30 ./Drivers/BSP/Components/l6474/l6474.o
                0x00000000080033dc                L6474_Tval_Par_to_Current
 .text.L6474_Tmin_Par_to_Time
                0x000000000800340c       0x2c ./Drivers/BSP/Components/l6474/l6474.o
                0x000000000800340c                L6474_Tmin_Par_to_Time
 .text.L6474_Tmin_Time_to_Par
                0x0000000008003438       0x3a ./Drivers/BSP/Components/l6474/l6474.o
                0x0000000008003438                L6474_Tmin_Time_to_Par
 *fill*         0x0000000008003472        0x2 
 .text.L6474_WriteBytes
                0x0000000008003474       0x4c ./Drivers/BSP/Components/l6474/l6474.o
                0x0000000008003474                L6474_WriteBytes
 .text.L6474_Board_Delay
                0x00000000080034c0       0x16 ./Drivers/BSP/STM32F4xx-Nucleo/x_nucleo_ihm01a1_stm32f4xx.o
                0x00000000080034c0                L6474_Board_Delay
 .text.L6474_Board_DisableIrq
                0x00000000080034d6       0x12 ./Drivers/BSP/STM32F4xx-Nucleo/x_nucleo_ihm01a1_stm32f4xx.o
                0x00000000080034d6                L6474_Board_DisableIrq
 .text.L6474_Board_EnableIrq
                0x00000000080034e8       0x12 ./Drivers/BSP/STM32F4xx-Nucleo/x_nucleo_ihm01a1_stm32f4xx.o
                0x00000000080034e8                L6474_Board_EnableIrq
 *fill*         0x00000000080034fa        0x2 
 .text.L6474_Board_GpioInit
                0x00000000080034fc      0x164 ./Drivers/BSP/STM32F4xx-Nucleo/x_nucleo_ihm01a1_stm32f4xx.o
                0x00000000080034fc                L6474_Board_GpioInit
 .text.L6474_Board_Pwm1GetCounter
                0x0000000008003660       0x18 ./Drivers/BSP/STM32F4xx-Nucleo/x_nucleo_ihm01a1_stm32f4xx.o
                0x0000000008003660                L6474_Board_Pwm1GetCounter
 .text.L6474_Board_Pwm1SetPeriod
                0x0000000008003678       0x38 ./Drivers/BSP/STM32F4xx-Nucleo/x_nucleo_ihm01a1_stm32f4xx.o
                0x0000000008003678                L6474_Board_Pwm1SetPeriod
 .text.L6474_Board_Pwm1SetFreq
                0x00000000080036b0       0x4c ./Drivers/BSP/STM32F4xx-Nucleo/x_nucleo_ihm01a1_stm32f4xx.o
                0x00000000080036b0                L6474_Board_Pwm1SetFreq
 .text.L6474_Board_Pwm2SetFreq
                0x00000000080036fc       0x50 ./Drivers/BSP/STM32F4xx-Nucleo/x_nucleo_ihm01a1_stm32f4xx.o
                0x00000000080036fc                L6474_Board_Pwm2SetFreq
 .text.L6474_Board_Pwm3SetFreq
                0x000000000800374c       0x50 ./Drivers/BSP/STM32F4xx-Nucleo/x_nucleo_ihm01a1_stm32f4xx.o
                0x000000000800374c                L6474_Board_Pwm3SetFreq
 .text.L6474_Board_PwmInit
                0x000000000800379c       0xb0 ./Drivers/BSP/STM32F4xx-Nucleo/x_nucleo_ihm01a1_stm32f4xx.o
                0x000000000800379c                L6474_Board_PwmInit
 .text.L6474_Board_PwmStop
                0x000000000800384c       0x54 ./Drivers/BSP/STM32F4xx-Nucleo/x_nucleo_ihm01a1_stm32f4xx.o
                0x000000000800384c                L6474_Board_PwmStop
 .text.L6474_Board_ReleaseReset
                0x00000000080038a0       0x24 ./Drivers/BSP/STM32F4xx-Nucleo/x_nucleo_ihm01a1_stm32f4xx.o
                0x00000000080038a0                L6474_Board_ReleaseReset
 .text.L6474_Board_Reset
                0x00000000080038c4       0x24 ./Drivers/BSP/STM32F4xx-Nucleo/x_nucleo_ihm01a1_stm32f4xx.o
                0x00000000080038c4                L6474_Board_Reset
 .text.L6474_Board_SetDirectionGpio
                0x00000000080038e8       0x60 ./Drivers/BSP/STM32F4xx-Nucleo/x_nucleo_ihm01a1_stm32f4xx.o
                0x00000000080038e8                L6474_Board_SetDirectionGpio
 .text.L6474_Board_SpiInit
                0x0000000008003948       0x70 ./Drivers/BSP/STM32F4xx-Nucleo/x_nucleo_ihm01a1_stm32f4xx.o
                0x0000000008003948                L6474_Board_SpiInit
 .text.L6474_Board_SpiWriteBytes
                0x00000000080039b8       0x74 ./Drivers/BSP/STM32F4xx-Nucleo/x_nucleo_ihm01a1_stm32f4xx.o
                0x00000000080039b8                L6474_Board_SpiWriteBytes
 .text.l647x_GetMotorHandle
                0x0000000008003a2c       0x10 ./Drivers/BSP/X-NUCLEO-IHMxx/x_nucleo_ihmxx.o
                0x0000000008003a2c                l647x_GetMotorHandle
 .text.l648x_GetMotorHandle
                0x0000000008003a3c       0x10 ./Drivers/BSP/X-NUCLEO-IHMxx/x_nucleo_ihmxx.o
                0x0000000008003a3c                l648x_GetMotorHandle
 .text.Powerstep01_GetMotorHandle
                0x0000000008003a4c       0x10 ./Drivers/BSP/X-NUCLEO-IHMxx/x_nucleo_ihmxx.o
                0x0000000008003a4c                Powerstep01_GetMotorHandle
 .text.L6206_GetMotorHandle
                0x0000000008003a5c       0x10 ./Drivers/BSP/X-NUCLEO-IHMxx/x_nucleo_ihmxx.o
                0x0000000008003a5c                L6206_GetMotorHandle
 .text.L6208_GetMotorHandle
                0x0000000008003a6c       0x10 ./Drivers/BSP/X-NUCLEO-IHMxx/x_nucleo_ihmxx.o
                0x0000000008003a6c                L6208_GetMotorHandle
 .text.Stspin220_GetMotorHandle
                0x0000000008003a7c       0x10 ./Drivers/BSP/X-NUCLEO-IHMxx/x_nucleo_ihmxx.o
                0x0000000008003a7c                Stspin220_GetMotorHandle
 .text.Stspin240_250_GetMotorHandle
                0x0000000008003a8c       0x10 ./Drivers/BSP/X-NUCLEO-IHMxx/x_nucleo_ihmxx.o
                0x0000000008003a8c                Stspin240_250_GetMotorHandle
 .text.BSP_MotorControl_AttachErrorHandler
                0x0000000008003a9c       0x3c ./Drivers/BSP/X-NUCLEO-IHMxx/x_nucleo_ihmxx.o
                0x0000000008003a9c                BSP_MotorControl_AttachErrorHandler
 .text.BSP_MotorControl_AttachFlagInterrupt
                0x0000000008003ad8       0x3c ./Drivers/BSP/X-NUCLEO-IHMxx/x_nucleo_ihmxx.o
                0x0000000008003ad8                BSP_MotorControl_AttachFlagInterrupt
 .text.BSP_MotorControl_ErrorHandler
                0x0000000008003b14       0x3c ./Drivers/BSP/X-NUCLEO-IHMxx/x_nucleo_ihmxx.o
                0x0000000008003b14                BSP_MotorControl_ErrorHandler
 .text.BSP_MotorControl_Init
                0x0000000008003b50       0x40 ./Drivers/BSP/X-NUCLEO-IHMxx/x_nucleo_ihmxx.o
                0x0000000008003b50                BSP_MotorControl_Init
 .text.BSP_MotorControl_FlagInterruptHandler
                0x0000000008003b90       0x34 ./Drivers/BSP/X-NUCLEO-IHMxx/x_nucleo_ihmxx.o
                0x0000000008003b90                BSP_MotorControl_FlagInterruptHandler
 .text.BSP_MotorControl_GetAcceleration
                0x0000000008003bc4       0x48 ./Drivers/BSP/X-NUCLEO-IHMxx/x_nucleo_ihmxx.o
                0x0000000008003bc4                BSP_MotorControl_GetAcceleration
 .text.BSP_MotorControl_GetCurrentSpeed
                0x0000000008003c0c       0x48 ./Drivers/BSP/X-NUCLEO-IHMxx/x_nucleo_ihmxx.o
                0x0000000008003c0c                BSP_MotorControl_GetCurrentSpeed
 .text.BSP_MotorControl_GetDeceleration
                0x0000000008003c54       0x48 ./Drivers/BSP/X-NUCLEO-IHMxx/x_nucleo_ihmxx.o
                0x0000000008003c54                BSP_MotorControl_GetDeceleration
 .text.BSP_MotorControl_GetDeviceState
                0x0000000008003c9c       0x48 ./Drivers/BSP/X-NUCLEO-IHMxx/x_nucleo_ihmxx.o
                0x0000000008003c9c                BSP_MotorControl_GetDeviceState
 .text.BSP_MotorControl_GetPosition
                0x0000000008003ce4       0x48 ./Drivers/BSP/X-NUCLEO-IHMxx/x_nucleo_ihmxx.o
                0x0000000008003ce4                BSP_MotorControl_GetPosition
 .text.BSP_MotorControl_GoTo
                0x0000000008003d2c       0x44 ./Drivers/BSP/X-NUCLEO-IHMxx/x_nucleo_ihmxx.o
                0x0000000008003d2c                BSP_MotorControl_GoTo
 .text.BSP_MotorControl_HardStop
                0x0000000008003d70       0x40 ./Drivers/BSP/X-NUCLEO-IHMxx/x_nucleo_ihmxx.o
                0x0000000008003d70                BSP_MotorControl_HardStop
 .text.BSP_MotorControl_Move
                0x0000000008003db0       0x48 ./Drivers/BSP/X-NUCLEO-IHMxx/x_nucleo_ihmxx.o
                0x0000000008003db0                BSP_MotorControl_Move
 .text.BSP_MotorControl_SetAcceleration
                0x0000000008003df8       0x50 ./Drivers/BSP/X-NUCLEO-IHMxx/x_nucleo_ihmxx.o
                0x0000000008003df8                BSP_MotorControl_SetAcceleration
 .text.BSP_MotorControl_SetDeceleration
                0x0000000008003e48       0x50 ./Drivers/BSP/X-NUCLEO-IHMxx/x_nucleo_ihmxx.o
                0x0000000008003e48                BSP_MotorControl_SetDeceleration
 .text.BSP_MotorControl_SetHome
                0x0000000008003e98       0x44 ./Drivers/BSP/X-NUCLEO-IHMxx/x_nucleo_ihmxx.o
                0x0000000008003e98                BSP_MotorControl_SetHome
 .text.BSP_MotorControl_SetMaxSpeed
                0x0000000008003edc       0x50 ./Drivers/BSP/X-NUCLEO-IHMxx/x_nucleo_ihmxx.o
                0x0000000008003edc                BSP_MotorControl_SetMaxSpeed
 .text.BSP_MotorControl_SetMinSpeed
                0x0000000008003f2c       0x50 ./Drivers/BSP/X-NUCLEO-IHMxx/x_nucleo_ihmxx.o
                0x0000000008003f2c                BSP_MotorControl_SetMinSpeed
 .text.BSP_MotorControl_SoftStop
                0x0000000008003f7c       0x48 ./Drivers/BSP/X-NUCLEO-IHMxx/x_nucleo_ihmxx.o
                0x0000000008003f7c                BSP_MotorControl_SoftStop
 .text.BSP_MotorControl_StepClockHandler
                0x0000000008003fc4       0x40 ./Drivers/BSP/X-NUCLEO-IHMxx/x_nucleo_ihmxx.o
                0x0000000008003fc4                BSP_MotorControl_StepClockHandler
 .text.BSP_MotorControl_WaitWhileActive
                0x0000000008004004       0x40 ./Drivers/BSP/X-NUCLEO-IHMxx/x_nucleo_ihmxx.o
                0x0000000008004004                BSP_MotorControl_WaitWhileActive
 .text.BSP_MotorControl_CmdGetStatus
                0x0000000008004044       0x4c ./Drivers/BSP/X-NUCLEO-IHMxx/x_nucleo_ihmxx.o
                0x0000000008004044                BSP_MotorControl_CmdGetStatus
 .text.BSP_MotorControl_SetNbDevices
                0x0000000008004090      0x11c ./Drivers/BSP/X-NUCLEO-IHMxx/x_nucleo_ihmxx.o
                0x0000000008004090                BSP_MotorControl_SetNbDevices
 .text.SystemInit
                0x00000000080041ac       0x6c ./Drivers/CMSIS/system_stm32f4xx.o
                0x00000000080041ac                SystemInit
 .text.HAL_Init
                0x0000000008004218       0x44 ./Drivers/STM32F4xx_HAL_Driver/stm32f4xx_hal.o
                0x0000000008004218                HAL_Init
 .text.HAL_MspInit
                0x000000000800425c        0xe ./Drivers/STM32F4xx_HAL_Driver/stm32f4xx_hal.o
                0x000000000800425c                HAL_MspInit
 *fill*         0x000000000800426a        0x2 
 .text.HAL_InitTick
                0x000000000800426c       0x60 ./Drivers/STM32F4xx_HAL_Driver/stm32f4xx_hal.o
                0x000000000800426c                HAL_InitTick
 .text.HAL_IncTick
                0x00000000080042cc       0x28 ./Drivers/STM32F4xx_HAL_Driver/stm32f4xx_hal.o
                0x00000000080042cc                HAL_IncTick
 .text.HAL_GetTick
                0x00000000080042f4       0x18 ./Drivers/STM32F4xx_HAL_Driver/stm32f4xx_hal.o
                0x00000000080042f4                HAL_GetTick
 .text.HAL_Delay
                0x000000000800430c       0x48 ./Drivers/STM32F4xx_HAL_Driver/stm32f4xx_hal.o
                0x000000000800430c                HAL_Delay
 .text.NVIC_SetPriorityGrouping
                0x0000000008004354       0x48 ./Drivers/STM32F4xx_HAL_Driver/stm32f4xx_hal_cortex.o
 .text.NVIC_GetPriorityGrouping
                0x000000000800439c       0x1c ./Drivers/STM32F4xx_HAL_Driver/stm32f4xx_hal_cortex.o
 .text.NVIC_EnableIRQ
                0x00000000080043b8       0x34 ./Drivers/STM32F4xx_HAL_Driver/stm32f4xx_hal_cortex.o
 .text.NVIC_SetPriority
                0x00000000080043ec       0x54 ./Drivers/STM32F4xx_HAL_Driver/stm32f4xx_hal_cortex.o
 .text.NVIC_EncodePriority
                0x0000000008004440       0x66 ./Drivers/STM32F4xx_HAL_Driver/stm32f4xx_hal_cortex.o
 *fill*         0x00000000080044a6        0x2 
 .text.SysTick_Config
                0x00000000080044a8       0x44 ./Drivers/STM32F4xx_HAL_Driver/stm32f4xx_hal_cortex.o
 .text.HAL_NVIC_SetPriorityGrouping
                0x00000000080044ec       0x16 ./Drivers/STM32F4xx_HAL_Driver/stm32f4xx_hal_cortex.o
                0x00000000080044ec                HAL_NVIC_SetPriorityGrouping
 .text.HAL_NVIC_SetPriority
                0x0000000008004502       0x38 ./Drivers/STM32F4xx_HAL_Driver/stm32f4xx_hal_cortex.o
                0x0000000008004502                HAL_NVIC_SetPriority
 .text.HAL_NVIC_EnableIRQ
                0x000000000800453a       0x1c ./Drivers/STM32F4xx_HAL_Driver/stm32f4xx_hal_cortex.o
                0x000000000800453a                HAL_NVIC_EnableIRQ
 .text.HAL_SYSTICK_Config
                0x0000000008004556       0x18 ./Drivers/STM32F4xx_HAL_Driver/stm32f4xx_hal_cortex.o
                0x0000000008004556                HAL_SYSTICK_Config
 *fill*         0x000000000800456e        0x2 
 .text.HAL_DMA_Init
                0x0000000008004570      0x15c ./Drivers/STM32F4xx_HAL_Driver/stm32f4xx_hal_dma.o
                0x0000000008004570                HAL_DMA_Init
 .text.HAL_DMA_Start_IT
                0x00000000080046cc       0xc0 ./Drivers/STM32F4xx_HAL_Driver/stm32f4xx_hal_dma.o
                0x00000000080046cc                HAL_DMA_Start_IT
 .text.HAL_DMA_IRQHandler
                0x000000000800478c      0x314 ./Drivers/STM32F4xx_HAL_Driver/stm32f4xx_hal_dma.o
                0x000000000800478c                HAL_DMA_IRQHandler
 .text.DMA_SetConfig
                0x0000000008004aa0       0x5c ./Drivers/STM32F4xx_HAL_Driver/stm32f4xx_hal_dma.o
 .text.DMA_CalcBaseAndBitshift
                0x0000000008004afc       0x6c ./Drivers/STM32F4xx_HAL_Driver/stm32f4xx_hal_dma.o
 .text.DMA_CheckFifoParam
                0x0000000008004b68       0xf8 ./Drivers/STM32F4xx_HAL_Driver/stm32f4xx_hal_dma.o
 .text.HAL_GPIO_Init
                0x0000000008004c60      0x308 ./Drivers/STM32F4xx_HAL_Driver/stm32f4xx_hal_gpio.o
                0x0000000008004c60                HAL_GPIO_Init
 .text.HAL_GPIO_WritePin
                0x0000000008004f68       0x32 ./Drivers/STM32F4xx_HAL_Driver/stm32f4xx_hal_gpio.o
                0x0000000008004f68                HAL_GPIO_WritePin
 .text.HAL_GPIO_TogglePin
                0x0000000008004f9a       0x24 ./Drivers/STM32F4xx_HAL_Driver/stm32f4xx_hal_gpio.o
                0x0000000008004f9a                HAL_GPIO_TogglePin
 *fill*         0x0000000008004fbe        0x2 
 .text.HAL_GPIO_EXTI_IRQHandler
                0x0000000008004fc0       0x30 ./Drivers/STM32F4xx_HAL_Driver/stm32f4xx_hal_gpio.o
                0x0000000008004fc0                HAL_GPIO_EXTI_IRQHandler
 .text.HAL_RCC_OscConfig
                0x0000000008004ff0      0x47c ./Drivers/STM32F4xx_HAL_Driver/stm32f4xx_hal_rcc.o
                0x0000000008004ff0                HAL_RCC_OscConfig
 .text.HAL_RCC_ClockConfig
                0x000000000800546c      0x1c4 ./Drivers/STM32F4xx_HAL_Driver/stm32f4xx_hal_rcc.o
                0x000000000800546c                HAL_RCC_ClockConfig
 .text.HAL_RCC_GetSysClockFreq
                0x0000000008005630      0x18c ./Drivers/STM32F4xx_HAL_Driver/stm32f4xx_hal_rcc.o
                0x0000000008005630                HAL_RCC_GetSysClockFreq
 .text.HAL_RCC_GetHCLKFreq
                0x00000000080057bc       0x18 ./Drivers/STM32F4xx_HAL_Driver/stm32f4xx_hal_rcc.o
                0x00000000080057bc                HAL_RCC_GetHCLKFreq
 .text.HAL_RCC_GetPCLK1Freq
                0x00000000080057d4       0x28 ./Drivers/STM32F4xx_HAL_Driver/stm32f4xx_hal_rcc.o
                0x00000000080057d4                HAL_RCC_GetPCLK1Freq
 .text.HAL_RCC_GetPCLK2Freq
                0x00000000080057fc       0x28 ./Drivers/STM32F4xx_HAL_Driver/stm32f4xx_hal_rcc.o
                0x00000000080057fc                HAL_RCC_GetPCLK2Freq
 .text.HAL_SPI_Init
                0x0000000008005824       0xd6 ./Drivers/STM32F4xx_HAL_Driver/stm32f4xx_hal_spi.o
                0x0000000008005824                HAL_SPI_Init
 .text.HAL_SPI_TransmitReceive
                0x00000000080058fa      0x424 ./Drivers/STM32F4xx_HAL_Driver/stm32f4xx_hal_spi.o
                0x00000000080058fa                HAL_SPI_TransmitReceive
 .text.SPI_WaitFlagStateUntilTimeout
                0x0000000008005d1e       0xd2 ./Drivers/STM32F4xx_HAL_Driver/stm32f4xx_hal_spi.o
 .text.SPI_CheckFlag_BSY
                0x0000000008005df0       0x3c ./Drivers/STM32F4xx_HAL_Driver/stm32f4xx_hal_spi.o
 .text.HAL_TIM_PWM_Init
                0x0000000008005e2c       0x56 ./Drivers/STM32F4xx_HAL_Driver/stm32f4xx_hal_tim.o
                0x0000000008005e2c                HAL_TIM_PWM_Init
 *fill*         0x0000000008005e82        0x2 
 .text.HAL_TIM_PWM_Stop
                0x0000000008005e84       0x98 ./Drivers/STM32F4xx_HAL_Driver/stm32f4xx_hal_tim.o
                0x0000000008005e84                HAL_TIM_PWM_Stop
 .text.HAL_TIM_PWM_Start_IT
                0x0000000008005f1c       0xdc ./Drivers/STM32F4xx_HAL_Driver/stm32f4xx_hal_tim.o
                0x0000000008005f1c                HAL_TIM_PWM_Start_IT
 .text.HAL_TIM_Encoder_Init
                0x0000000008005ff8      0x12c ./Drivers/STM32F4xx_HAL_Driver/stm32f4xx_hal_tim.o
                0x0000000008005ff8                HAL_TIM_Encoder_Init
 .text.HAL_TIM_Encoder_Start
                0x0000000008006124       0x70 ./Drivers/STM32F4xx_HAL_Driver/stm32f4xx_hal_tim.o
                0x0000000008006124                HAL_TIM_Encoder_Start
 .text.HAL_TIM_IRQHandler
                0x0000000008006194      0x210 ./Drivers/STM32F4xx_HAL_Driver/stm32f4xx_hal_tim.o
                0x0000000008006194                HAL_TIM_IRQHandler
 .text.HAL_TIM_PWM_ConfigChannel
                0x00000000080063a4      0x18c ./Drivers/STM32F4xx_HAL_Driver/stm32f4xx_hal_tim.o
                0x00000000080063a4                HAL_TIM_PWM_ConfigChannel
 .text.HAL_TIM_PeriodElapsedCallback
                0x0000000008006530       0x14 ./Drivers/STM32F4xx_HAL_Driver/stm32f4xx_hal_tim.o
                0x0000000008006530                HAL_TIM_PeriodElapsedCallback
 .text.HAL_TIM_OC_DelayElapsedCallback
                0x0000000008006544       0x14 ./Drivers/STM32F4xx_HAL_Driver/stm32f4xx_hal_tim.o
                0x0000000008006544                HAL_TIM_OC_DelayElapsedCallback
 .text.HAL_TIM_IC_CaptureCallback
                0x0000000008006558       0x14 ./Drivers/STM32F4xx_HAL_Driver/stm32f4xx_hal_tim.o
                0x0000000008006558                HAL_TIM_IC_CaptureCallback
 .text.HAL_TIM_TriggerCallback
                0x000000000800656c       0x14 ./Drivers/STM32F4xx_HAL_Driver/stm32f4xx_hal_tim.o
                0x000000000800656c                HAL_TIM_TriggerCallback
 .text.TIM_Base_SetConfig
                0x0000000008006580      0x108 ./Drivers/STM32F4xx_HAL_Driver/stm32f4xx_hal_tim.o
                0x0000000008006580                TIM_Base_SetConfig
 .text.TIM_OC2_SetConfig
                0x0000000008006688       0xdc ./Drivers/STM32F4xx_HAL_Driver/stm32f4xx_hal_tim.o
                0x0000000008006688                TIM_OC2_SetConfig
 .text.TIM_CCxChannelCmd
                0x0000000008006764       0x46 ./Drivers/STM32F4xx_HAL_Driver/stm32f4xx_hal_tim.o
                0x0000000008006764                TIM_CCxChannelCmd
 *fill*         0x00000000080067aa        0x2 
 .text.TIM_OC1_SetConfig
                0x00000000080067ac       0xd0 ./Drivers/STM32F4xx_HAL_Driver/stm32f4xx_hal_tim.o
 .text.TIM_OC3_SetConfig
                0x000000000800687c       0xd8 ./Drivers/STM32F4xx_HAL_Driver/stm32f4xx_hal_tim.o
 .text.TIM_OC4_SetConfig
                0x0000000008006954       0xac ./Drivers/STM32F4xx_HAL_Driver/stm32f4xx_hal_tim.o
 .text.HAL_TIMEx_MasterConfigSynchronization
                0x0000000008006a00       0x8a ./Drivers/STM32F4xx_HAL_Driver/stm32f4xx_hal_tim_ex.o
                0x0000000008006a00                HAL_TIMEx_MasterConfigSynchronization
 .text.HAL_TIMEx_CommutationCallback
                0x0000000008006a8a       0x14 ./Drivers/STM32F4xx_HAL_Driver/stm32f4xx_hal_tim_ex.o
                0x0000000008006a8a                HAL_TIMEx_CommutationCallback
 .text.HAL_TIMEx_BreakCallback
                0x0000000008006a9e       0x14 ./Drivers/STM32F4xx_HAL_Driver/stm32f4xx_hal_tim_ex.o
                0x0000000008006a9e                HAL_TIMEx_BreakCallback
 .text.HAL_UART_Init
                0x0000000008006ab2       0x9a ./Drivers/STM32F4xx_HAL_Driver/stm32f4xx_hal_uart.o
                0x0000000008006ab2                HAL_UART_Init
 .text.HAL_UART_Transmit
                0x0000000008006b4c      0x132 ./Drivers/STM32F4xx_HAL_Driver/stm32f4xx_hal_uart.o
                0x0000000008006b4c                HAL_UART_Transmit
 *fill*         0x0000000008006c7e        0x2 
 .text.HAL_UART_Receive_DMA
                0x0000000008006c80      0x100 ./Drivers/STM32F4xx_HAL_Driver/stm32f4xx_hal_uart.o
                0x0000000008006c80                HAL_UART_Receive_DMA
 .text.HAL_UART_RxCpltCallback
                0x0000000008006d80       0x14 ./Drivers/STM32F4xx_HAL_Driver/stm32f4xx_hal_uart.o
                0x0000000008006d80                HAL_UART_RxCpltCallback
 .text.HAL_UART_RxHalfCpltCallback
                0x0000000008006d94       0x14 ./Drivers/STM32F4xx_HAL_Driver/stm32f4xx_hal_uart.o
                0x0000000008006d94                HAL_UART_RxHalfCpltCallback
 .text.HAL_UART_ErrorCallback
                0x0000000008006da8       0x14 ./Drivers/STM32F4xx_HAL_Driver/stm32f4xx_hal_uart.o
                0x0000000008006da8                HAL_UART_ErrorCallback
 .text.UART_DMAReceiveCplt
                0x0000000008006dbc       0x68 ./Drivers/STM32F4xx_HAL_Driver/stm32f4xx_hal_uart.o
 .text.UART_DMARxHalfCplt
                0x0000000008006e24       0x1c ./Drivers/STM32F4xx_HAL_Driver/stm32f4xx_hal_uart.o
 .text.UART_DMAError
                0x0000000008006e40       0x94 ./Drivers/STM32F4xx_HAL_Driver/stm32f4xx_hal_uart.o
 .text.UART_WaitOnFlagUntilTimeout
                0x0000000008006ed4       0x94 ./Drivers/STM32F4xx_HAL_Driver/stm32f4xx_hal_uart.o
 .text.UART_EndTxTransfer
                0x0000000008006f68       0x2c ./Drivers/STM32F4xx_HAL_Driver/stm32f4xx_hal_uart.o
 .text.UART_EndRxTransfer
                0x0000000008006f94       0x3c ./Drivers/STM32F4xx_HAL_Driver/stm32f4xx_hal_uart.o
 .text.UART_SetConfig
                0x0000000008006fd0      0x438 ./Drivers/STM32F4xx_HAL_Driver/stm32f4xx_hal_uart.o
 .text.SystemClock_Config
                0x0000000008007408       0xbc ./Example/User/clock_f4.o
                0x0000000008007408                SystemClock_Config
 .text.NVIC_SystemReset
                0x00000000080074c4       0x30 ./Example/User/main.o
 .text.Delay_Pulse
                0x00000000080074f4       0x24 ./Example/User/main.o
                0x00000000080074f4                Delay_Pulse
 .text.Main_StepClockHandler
                0x0000000008007518       0x40 ./Example/User/main.o
                0x0000000008007518                Main_StepClockHandler
 .text.DWT_Delay_until_cycle
                0x0000000008007558       0x28 ./Example/User/main.o
 .text.initialize
                0x0000000008007580      0x498 ./Example/User/main.o
                0x0000000008007580                initialize
 .text.initialize_main_loop
                0x0000000008007a18      0x8f8 ./Example/User/main.o
                0x0000000008007a18                initialize_main_loop
 .text.setControlCycle
                0x0000000008008310      0x1dc ./Example/User/main.o
                0x0000000008008310                setControlCycle
 *fill*         0x00000000080084ec        0x4 
 .text.main     0x00000000080084f0       0xd4 ./Example/User/main.o
                0x00000000080084f0                main
 .text.Extract_Msg
                0x00000000080085c4       0x9e ./Example/User/main.o
                0x00000000080085c4                Extract_Msg
 *fill*         0x0000000008008662        0x2 
 .text.MX_TIM3_Init
                0x0000000008008664       0x90 ./Example/User/main.o
                0x0000000008008664                MX_TIM3_Init
 .text.MX_USART2_UART_Init
                0x00000000080086f4       0xe4 ./Example/User/main.o
                0x00000000080086f4                MX_USART2_UART_Init
 .text.MyFlagInterruptHandler
                0x00000000080087d8       0x18 ./Example/User/main.o
                0x00000000080087d8                MyFlagInterruptHandler
 .text.Error_Handler
                0x00000000080087f0       0x18 ./Example/User/main.o
                0x00000000080087f0                Error_Handler
 .text.encoder_position_read
                0x0000000008008808      0x13c ./Example/User/main.o
                0x0000000008008808                encoder_position_read
 .text.oppositeSigns
                0x0000000008008944       0x20 ./Example/User/main.o
                0x0000000008008944                oppositeSigns
 .text.rotor_position_set
                0x0000000008008964       0x22 ./Example/User/main.o
                0x0000000008008964                rotor_position_set
 .text.rotor_position_read
                0x0000000008008986       0x66 ./Example/User/main.o
                0x0000000008008986                rotor_position_read
 .text.read_float
                0x00000000080089ec       0xc4 ./Example/User/main.o
                0x00000000080089ec                read_float
 .text.read_int
                0x0000000008008ab0       0xb8 ./Example/User/main.o
                0x0000000008008ab0                read_int
 .text.user_configuration_default
                0x0000000008008b68       0xe4 ./Example/User/main.o
                0x0000000008008b68                user_configuration_default
 .text.user_configuration
                0x0000000008008c4c       0x7c ./Example/User/main.o
                0x0000000008008c4c                user_configuration
 .text.motor_actuator_characterization_mode
                0x0000000008008cc8      0xaa0 ./Example/User/main.o
                0x0000000008008cc8                motor_actuator_characterization_mode
 .text.interactive_rotor_actuator_control
                0x0000000008009768      0x3f0 ./Example/User/main.o
                0x0000000008009768                interactive_rotor_actuator_control
 .text.SendGAMInput
                0x0000000008009b58        0xe ./Example/User/main.o
                0x0000000008009b58                SendGAMInput
 *fill*         0x0000000008009b66        0x2 
 .text.SendGAMInputMain
                0x0000000008009b68       0xac ./Example/User/main.o
                0x0000000008009b68                SendGAMInputMain
 .text.STATE_Swinp_Up_Postprocessing
                0x0000000008009c14       0x70 ./Example/User/main.o
                0x0000000008009c14                STATE_Swinp_Up_Postprocessing
 .text.read_Frame
                0x0000000008009c84       0xac ./Example/User/main.o
                0x0000000008009c84                read_Frame
 .text.ProcessGAMOutput
                0x0000000008009d30       0xac ./Example/User/main.o
                0x0000000008009d30                ProcessGAMOutput
 .text.HAL_SPI_MspInit
                0x0000000008009ddc       0xe0 ./Example/User/stm32f4xx_hal_msp.o
                0x0000000008009ddc                HAL_SPI_MspInit
 .text.HAL_TIM_PWM_MspInit
                0x0000000008009ebc       0x6c ./Example/User/stm32f4xx_hal_msp.o
                0x0000000008009ebc                HAL_TIM_PWM_MspInit
 .text.HAL_TIM_PWM_PulseFinishedCallback
                0x0000000008009f28       0x58 ./Example/User/stm32f4xx_hal_msp.o
                0x0000000008009f28                HAL_TIM_PWM_PulseFinishedCallback
 .text.HAL_TIM_Encoder_MspInit
                0x0000000008009f80       0x64 ./Example/User/stm32f4xx_hal_msp.o
                0x0000000008009f80                HAL_TIM_Encoder_MspInit
 .text.HAL_UART_MspInit
                0x0000000008009fe4       0x74 ./Example/User/stm32f4xx_hal_msp.o
                0x0000000008009fe4                HAL_UART_MspInit
 .text.HAL_GPIO_EXTI_Callback
                0x000000000800a058       0x1e ./Example/User/stm32f4xx_hal_msp.o
                0x000000000800a058                HAL_GPIO_EXTI_Callback
 .text.NMI_Handler
                0x000000000800a076        0xe ./Example/User/stm32f4xx_it.o
                0x000000000800a076                NMI_Handler
 .text.HardFault_Handler
                0x000000000800a084        0x6 ./Example/User/stm32f4xx_it.o
                0x000000000800a084                HardFault_Handler
 .text.MemManage_Handler
                0x000000000800a08a        0x6 ./Example/User/stm32f4xx_it.o
                0x000000000800a08a                MemManage_Handler
 .text.BusFault_Handler
                0x000000000800a090        0x6 ./Example/User/stm32f4xx_it.o
                0x000000000800a090                BusFault_Handler
 .text.UsageFault_Handler
                0x000000000800a096        0x6 ./Example/User/stm32f4xx_it.o
                0x000000000800a096                UsageFault_Handler
 .text.SVC_Handler
                0x000000000800a09c        0xe ./Example/User/stm32f4xx_it.o
                0x000000000800a09c                SVC_Handler
 .text.DebugMon_Handler
                0x000000000800a0aa        0xe ./Example/User/stm32f4xx_it.o
                0x000000000800a0aa                DebugMon_Handler
 .text.PendSV_Handler
                0x000000000800a0b8        0xe ./Example/User/stm32f4xx_it.o
                0x000000000800a0b8                PendSV_Handler
 .text.SysTick_Handler
                0x000000000800a0c6        0xc ./Example/User/stm32f4xx_it.o
                0x000000000800a0c6                SysTick_Handler
 .text.EXTI15_10_IRQHandler
                0x000000000800a0d2       0x10 ./Example/User/stm32f4xx_it.o
                0x000000000800a0d2                EXTI15_10_IRQHandler
 *fill*         0x000000000800a0e2        0x2 
 .text.TIM2_IRQHandler
                0x000000000800a0e4       0x14 ./Example/User/stm32f4xx_it.o
                0x000000000800a0e4                TIM2_IRQHandler
 .text.TIM3_IRQHandler
                0x000000000800a0f8       0x14 ./Example/User/stm32f4xx_it.o
                0x000000000800a0f8                TIM3_IRQHandler
 .text.TIM4_IRQHandler
                0x000000000800a10c       0x14 ./Example/User/stm32f4xx_it.o
                0x000000000800a10c                TIM4_IRQHandler
 .text.DMA1_Stream5_IRQHandler
                0x000000000800a120       0x14 ./Example/User/stm32f4xx_it.o
                0x000000000800a120                DMA1_Stream5_IRQHandler
 .text.Reset_Handler
                0x000000000800a134       0x50 ./startup/startup_stm32f401xe.o
                0x000000000800a134                Reset_Handler
 .text.Default_Handler
                0x000000000800a184        0x2 ./startup/startup_stm32f401xe.o
                0x000000000800a184                RTC_Alarm_IRQHandler
                0x000000000800a184                EXTI2_IRQHandler
                0x000000000800a184                SPI4_IRQHandler
                0x000000000800a184                TIM1_CC_IRQHandler
                0x000000000800a184                DMA2_Stream5_IRQHandler
                0x000000000800a184                PVD_IRQHandler
                0x000000000800a184                SDIO_IRQHandler
                0x000000000800a184                TAMP_STAMP_IRQHandler
                0x000000000800a184                EXTI3_IRQHandler
                0x000000000800a184                TIM1_UP_TIM10_IRQHandler
                0x000000000800a184                I2C3_ER_IRQHandler
                0x000000000800a184                EXTI0_IRQHandler
                0x000000000800a184                I2C2_EV_IRQHandler
                0x000000000800a184                DMA1_Stream2_IRQHandler
                0x000000000800a184                FPU_IRQHandler
                0x000000000800a184                DMA2_Stream2_IRQHandler
                0x000000000800a184                SPI1_IRQHandler
                0x000000000800a184                TIM1_BRK_TIM9_IRQHandler
                0x000000000800a184                DMA2_Stream3_IRQHandler
                0x000000000800a184                USART6_IRQHandler
                0x000000000800a184                DMA2_Stream0_IRQHandler
                0x000000000800a184                I2C1_EV_IRQHandler
                0x000000000800a184                DMA1_Stream6_IRQHandler
                0x000000000800a184                DMA1_Stream1_IRQHandler
                0x000000000800a184                RCC_IRQHandler
                0x000000000800a184                Default_Handler
                0x000000000800a184                ADC_IRQHandler
                0x000000000800a184                DMA1_Stream7_IRQHandler
                0x000000000800a184                TIM5_IRQHandler
                0x000000000800a184                DMA2_Stream7_IRQHandler
                0x000000000800a184                I2C3_EV_IRQHandler
                0x000000000800a184                EXTI9_5_IRQHandler
                0x000000000800a184                RTC_WKUP_IRQHandler
                0x000000000800a184                SPI2_IRQHandler
                0x000000000800a184                DMA1_Stream0_IRQHandler
                0x000000000800a184                EXTI4_IRQHandler
                0x000000000800a184                WWDG_IRQHandler
                0x000000000800a184                OTG_FS_WKUP_IRQHandler
                0x000000000800a184                TIM1_TRG_COM_TIM11_IRQHandler
                0x000000000800a184                EXTI1_IRQHandler
                0x000000000800a184                USART2_IRQHandler
                0x000000000800a184                I2C2_ER_IRQHandler
                0x000000000800a184                DMA2_Stream1_IRQHandler
                0x000000000800a184                FLASH_IRQHandler
                0x000000000800a184                DMA2_Stream4_IRQHandler
                0x000000000800a184                USART1_IRQHandler
                0x000000000800a184                OTG_FS_IRQHandler
                0x000000000800a184                SPI3_IRQHandler
                0x000000000800a184                DMA1_Stream4_IRQHandler
                0x000000000800a184                I2C1_ER_IRQHandler
                0x000000000800a184                DMA2_Stream6_IRQHandler
                0x000000000800a184                DMA1_Stream3_IRQHandler
 .text.atof     0x000000000800a186        0x6 D:/ST/STM32CubeIDE_1.14.0/STM32CubeIDE/plugins/com.st.stm32cube.ide.mcu.externaltools.gnu-tools-for-stm32.11.3.rel1.win32_1.1.100.202309141235/tools/bin/../lib/gcc/arm-none-eabi/11.3.1/../../../../arm-none-eabi/lib/thumb/v7e-m+fp/hard\libc.a(libc_a-atof.o)
                0x000000000800a186                atof
 .text.atoi     0x000000000800a18c        0x8 D:/ST/STM32CubeIDE_1.14.0/STM32CubeIDE/plugins/com.st.stm32cube.ide.mcu.externaltools.gnu-tools-for-stm32.11.3.rel1.win32_1.1.100.202309141235/tools/bin/../lib/gcc/arm-none-eabi/11.3.1/../../../../arm-none-eabi/lib/thumb/v7e-m+fp/hard\libc.a(libc_a-atoi.o)
                0x000000000800a18c                atoi
 .text.sulp     0x000000000800a194       0x38 D:/ST/STM32CubeIDE_1.14.0/STM32CubeIDE/plugins/com.st.stm32cube.ide.mcu.externaltools.gnu-tools-for-stm32.11.3.rel1.win32_1.1.100.202309141235/tools/bin/../lib/gcc/arm-none-eabi/11.3.1/../../../../arm-none-eabi/lib/thumb/v7e-m+fp/hard\libc.a(libc_a-strtod.o)
 *fill*         0x000000000800a1cc        0x4 
 .text._strtod_l
                0x000000000800a1d0      0xbe0 D:/ST/STM32CubeIDE_1.14.0/STM32CubeIDE/plugins/com.st.stm32cube.ide.mcu.externaltools.gnu-tools-for-stm32.11.3.rel1.win32_1.1.100.202309141235/tools/bin/../lib/gcc/arm-none-eabi/11.3.1/../../../../arm-none-eabi/lib/thumb/v7e-m+fp/hard\libc.a(libc_a-strtod.o)
                0x000000000800a1d0                _strtod_l
 .text.strtod   0x000000000800adb0       0x18 D:/ST/STM32CubeIDE_1.14.0/STM32CubeIDE/plugins/com.st.stm32cube.ide.mcu.externaltools.gnu-tools-for-stm32.11.3.rel1.win32_1.1.100.202309141235/tools/bin/../lib/gcc/arm-none-eabi/11.3.1/../../../../arm-none-eabi/lib/thumb/v7e-m+fp/hard\libc.a(libc_a-strtod.o)
                0x000000000800adb0                strtod
 .text._strtol_l.constprop.0
                0x000000000800adc8      0x104 D:/ST/STM32CubeIDE_1.14.0/STM32CubeIDE/plugins/com.st.stm32cube.ide.mcu.externaltools.gnu-tools-for-stm32.11.3.rel1.win32_1.1.100.202309141235/tools/bin/../lib/gcc/arm-none-eabi/11.3.1/../../../../arm-none-eabi/lib/thumb/v7e-m+fp/hard\libc.a(libc_a-strtol.o)
 .text.strtol   0x000000000800aecc       0x14 D:/ST/STM32CubeIDE_1.14.0/STM32CubeIDE/plugins/com.st.stm32cube.ide.mcu.externaltools.gnu-tools-for-stm32.11.3.rel1.win32_1.1.100.202309141235/tools/bin/../lib/gcc/arm-none-eabi/11.3.1/../../../../arm-none-eabi/lib/thumb/v7e-m+fp/hard\libc.a(libc_a-strtol.o)
                0x000000000800aecc                strtol
 .text.std      0x000000000800aee0       0x6c D:/ST/STM32CubeIDE_1.14.0/STM32CubeIDE/plugins/com.st.stm32cube.ide.mcu.externaltools.gnu-tools-for-stm32.11.3.rel1.win32_1.1.100.202309141235/tools/bin/../lib/gcc/arm-none-eabi/11.3.1/../../../../arm-none-eabi/lib/thumb/v7e-m+fp/hard\libc.a(libc_a-findfp.o)
 .text.stdio_exit_handler
                0x000000000800af4c       0x18 D:/ST/STM32CubeIDE_1.14.0/STM32CubeIDE/plugins/com.st.stm32cube.ide.mcu.externaltools.gnu-tools-for-stm32.11.3.rel1.win32_1.1.100.202309141235/tools/bin/../lib/gcc/arm-none-eabi/11.3.1/../../../../arm-none-eabi/lib/thumb/v7e-m+fp/hard\libc.a(libc_a-findfp.o)
 .text.cleanup_stdio
                0x000000000800af64       0x40 D:/ST/STM32CubeIDE_1.14.0/STM32CubeIDE/plugins/com.st.stm32cube.ide.mcu.externaltools.gnu-tools-for-stm32.11.3.rel1.win32_1.1.100.202309141235/tools/bin/../lib/gcc/arm-none-eabi/11.3.1/../../../../arm-none-eabi/lib/thumb/v7e-m+fp/hard\libc.a(libc_a-findfp.o)
 .text.global_stdio_init.part.0
                0x000000000800afa4       0x3c D:/ST/STM32CubeIDE_1.14.0/STM32CubeIDE/plugins/com.st.stm32cube.ide.mcu.externaltools.gnu-tools-for-stm32.11.3.rel1.win32_1.1.100.202309141235/tools/bin/../lib/gcc/arm-none-eabi/11.3.1/../../../../arm-none-eabi/lib/thumb/v7e-m+fp/hard\libc.a(libc_a-findfp.o)
 .text.__sfp_lock_acquire
                0x000000000800afe0        0xc D:/ST/STM32CubeIDE_1.14.0/STM32CubeIDE/plugins/com.st.stm32cube.ide.mcu.externaltools.gnu-tools-for-stm32.11.3.rel1.win32_1.1.100.202309141235/tools/bin/../lib/gcc/arm-none-eabi/11.3.1/../../../../arm-none-eabi/lib/thumb/v7e-m+fp/hard\libc.a(libc_a-findfp.o)
                0x000000000800afe0                __sfp_lock_acquire
 .text.__sfp_lock_release
                0x000000000800afec        0xc D:/ST/STM32CubeIDE_1.14.0/STM32CubeIDE/plugins/com.st.stm32cube.ide.mcu.externaltools.gnu-tools-for-stm32.11.3.rel1.win32_1.1.100.202309141235/tools/bin/../lib/gcc/arm-none-eabi/11.3.1/../../../../arm-none-eabi/lib/thumb/v7e-m+fp/hard\libc.a(libc_a-findfp.o)
                0x000000000800afec                __sfp_lock_release
 .text.__sinit  0x000000000800aff8       0x30 D:/ST/STM32CubeIDE_1.14.0/STM32CubeIDE/plugins/com.st.stm32cube.ide.mcu.externaltools.gnu-tools-for-stm32.11.3.rel1.win32_1.1.100.202309141235/tools/bin/../lib/gcc/arm-none-eabi/11.3.1/../../../../arm-none-eabi/lib/thumb/v7e-m+fp/hard\libc.a(libc_a-findfp.o)
                0x000000000800aff8                __sinit
 .text._fwalk_sglue
                0x000000000800b028       0x3c D:/ST/STM32CubeIDE_1.14.0/STM32CubeIDE/plugins/com.st.stm32cube.ide.mcu.externaltools.gnu-tools-for-stm32.11.3.rel1.win32_1.1.100.202309141235/tools/bin/../lib/gcc/arm-none-eabi/11.3.1/../../../../arm-none-eabi/lib/thumb/v7e-m+fp/hard\libc.a(libc_a-fwalk.o)
                0x000000000800b028                _fwalk_sglue
 .text.sprintf  0x000000000800b064       0x40 D:/ST/STM32CubeIDE_1.14.0/STM32CubeIDE/plugins/com.st.stm32cube.ide.mcu.externaltools.gnu-tools-for-stm32.11.3.rel1.win32_1.1.100.202309141235/tools/bin/../lib/gcc/arm-none-eabi/11.3.1/../../../../arm-none-eabi/lib/thumb/v7e-m+fp/hard\libc.a(libc_a-sprintf.o)
                0x000000000800b064                sprintf
 .text.__sread  0x000000000800b0a4       0x22 D:/ST/STM32CubeIDE_1.14.0/STM32CubeIDE/plugins/com.st.stm32cube.ide.mcu.externaltools.gnu-tools-for-stm32.11.3.rel1.win32_1.1.100.202309141235/tools/bin/../lib/gcc/arm-none-eabi/11.3.1/../../../../arm-none-eabi/lib/thumb/v7e-m+fp/hard\libc.a(libc_a-stdio.o)
                0x000000000800b0a4                __sread
 .text.__swrite
                0x000000000800b0c6       0x38 D:/ST/STM32CubeIDE_1.14.0/STM32CubeIDE/plugins/com.st.stm32cube.ide.mcu.externaltools.gnu-tools-for-stm32.11.3.rel1.win32_1.1.100.202309141235/tools/bin/../lib/gcc/arm-none-eabi/11.3.1/../../../../arm-none-eabi/lib/thumb/v7e-m+fp/hard\libc.a(libc_a-stdio.o)
                0x000000000800b0c6                __swrite
 .text.__sseek  0x000000000800b0fe       0x24 D:/ST/STM32CubeIDE_1.14.0/STM32CubeIDE/plugins/com.st.stm32cube.ide.mcu.externaltools.gnu-tools-for-stm32.11.3.rel1.win32_1.1.100.202309141235/tools/bin/../lib/gcc/arm-none-eabi/11.3.1/../../../../arm-none-eabi/lib/thumb/v7e-m+fp/hard\libc.a(libc_a-stdio.o)
                0x000000000800b0fe                __sseek
 .text.__sclose
                0x000000000800b122        0x8 D:/ST/STM32CubeIDE_1.14.0/STM32CubeIDE/plugins/com.st.stm32cube.ide.mcu.externaltools.gnu-tools-for-stm32.11.3.rel1.win32_1.1.100.202309141235/tools/bin/../lib/gcc/arm-none-eabi/11.3.1/../../../../arm-none-eabi/lib/thumb/v7e-m+fp/hard\libc.a(libc_a-stdio.o)
                0x000000000800b122                __sclose
 .text.memset   0x000000000800b12a       0x10 D:/ST/STM32CubeIDE_1.14.0/STM32CubeIDE/plugins/com.st.stm32cube.ide.mcu.externaltools.gnu-tools-for-stm32.11.3.rel1.win32_1.1.100.202309141235/tools/bin/../lib/gcc/arm-none-eabi/11.3.1/../../../../arm-none-eabi/lib/thumb/v7e-m+fp/hard\libc.a(libc_a-memset.o)
                0x000000000800b12a                memset
 .text.strncmp  0x000000000800b13a       0x24 D:/ST/STM32CubeIDE_1.14.0/STM32CubeIDE/plugins/com.st.stm32cube.ide.mcu.externaltools.gnu-tools-for-stm32.11.3.rel1.win32_1.1.100.202309141235/tools/bin/../lib/gcc/arm-none-eabi/11.3.1/../../../../arm-none-eabi/lib/thumb/v7e-m+fp/hard\libc.a(libc_a-strncmp.o)
                0x000000000800b13a                strncmp
 *fill*         0x000000000800b15e        0x2 
 .text.__locale_mb_cur_max
                0x000000000800b160        0xc D:/ST/STM32CubeIDE_1.14.0/STM32CubeIDE/plugins/com.st.stm32cube.ide.mcu.externaltools.gnu-tools-for-stm32.11.3.rel1.win32_1.1.100.202309141235/tools/bin/../lib/gcc/arm-none-eabi/11.3.1/../../../../arm-none-eabi/lib/thumb/v7e-m+fp/hard\libc.a(libc_a-locale.o)
                0x000000000800b160                __locale_mb_cur_max
 .text._close_r
                0x000000000800b16c       0x20 D:/ST/STM32CubeIDE_1.14.0/STM32CubeIDE/plugins/com.st.stm32cube.ide.mcu.externaltools.gnu-tools-for-stm32.11.3.rel1.win32_1.1.100.202309141235/tools/bin/../lib/gcc/arm-none-eabi/11.3.1/../../../../arm-none-eabi/lib/thumb/v7e-m+fp/hard\libc.a(libc_a-closer.o)
                0x000000000800b16c                _close_r
 .text._lseek_r
                0x000000000800b18c       0x24 D:/ST/STM32CubeIDE_1.14.0/STM32CubeIDE/plugins/com.st.stm32cube.ide.mcu.externaltools.gnu-tools-for-stm32.11.3.rel1.win32_1.1.100.202309141235/tools/bin/../lib/gcc/arm-none-eabi/11.3.1/../../../../arm-none-eabi/lib/thumb/v7e-m+fp/hard\libc.a(libc_a-lseekr.o)
                0x000000000800b18c                _lseek_r
 .text._read_r  0x000000000800b1b0       0x24 D:/ST/STM32CubeIDE_1.14.0/STM32CubeIDE/plugins/com.st.stm32cube.ide.mcu.externaltools.gnu-tools-for-stm32.11.3.rel1.win32_1.1.100.202309141235/tools/bin/../lib/gcc/arm-none-eabi/11.3.1/../../../../arm-none-eabi/lib/thumb/v7e-m+fp/hard\libc.a(libc_a-readr.o)
                0x000000000800b1b0                _read_r
 .text._write_r
                0x000000000800b1d4       0x24 D:/ST/STM32CubeIDE_1.14.0/STM32CubeIDE/plugins/com.st.stm32cube.ide.mcu.externaltools.gnu-tools-for-stm32.11.3.rel1.win32_1.1.100.202309141235/tools/bin/../lib/gcc/arm-none-eabi/11.3.1/../../../../arm-none-eabi/lib/thumb/v7e-m+fp/hard\libc.a(libc_a-writer.o)
                0x000000000800b1d4                _write_r
 .text.__errno  0x000000000800b1f8        0xc D:/ST/STM32CubeIDE_1.14.0/STM32CubeIDE/plugins/com.st.stm32cube.ide.mcu.externaltools.gnu-tools-for-stm32.11.3.rel1.win32_1.1.100.202309141235/tools/bin/../lib/gcc/arm-none-eabi/11.3.1/../../../../arm-none-eabi/lib/thumb/v7e-m+fp/hard\libc.a(libc_a-errno.o)
                0x000000000800b1f8                __errno
 .text.__libc_init_array
                0x000000000800b204       0x48 D:/ST/STM32CubeIDE_1.14.0/STM32CubeIDE/plugins/com.st.stm32cube.ide.mcu.externaltools.gnu-tools-for-stm32.11.3.rel1.win32_1.1.100.202309141235/tools/bin/../lib/gcc/arm-none-eabi/11.3.1/../../../../arm-none-eabi/lib/thumb/v7e-m+fp/hard\libc.a(libc_a-init.o)
                0x000000000800b204                __libc_init_array
 .text.__retarget_lock_init_recursive
                0x000000000800b24c        0x2 D:/ST/STM32CubeIDE_1.14.0/STM32CubeIDE/plugins/com.st.stm32cube.ide.mcu.externaltools.gnu-tools-for-stm32.11.3.rel1.win32_1.1.100.202309141235/tools/bin/../lib/gcc/arm-none-eabi/11.3.1/../../../../arm-none-eabi/lib/thumb/v7e-m+fp/hard\libc.a(libc_a-lock.o)
                0x000000000800b24c                __retarget_lock_init_recursive
 .text.__retarget_lock_close_recursive
                0x000000000800b24e        0x2 D:/ST/STM32CubeIDE_1.14.0/STM32CubeIDE/plugins/com.st.stm32cube.ide.mcu.externaltools.gnu-tools-for-stm32.11.3.rel1.win32_1.1.100.202309141235/tools/bin/../lib/gcc/arm-none-eabi/11.3.1/../../../../arm-none-eabi/lib/thumb/v7e-m+fp/hard\libc.a(libc_a-lock.o)
                0x000000000800b24e                __retarget_lock_close_recursive
 .text.__retarget_lock_acquire_recursive
                0x000000000800b250        0x2 D:/ST/STM32CubeIDE_1.14.0/STM32CubeIDE/plugins/com.st.stm32cube.ide.mcu.externaltools.gnu-tools-for-stm32.11.3.rel1.win32_1.1.100.202309141235/tools/bin/../lib/gcc/arm-none-eabi/11.3.1/../../../../arm-none-eabi/lib/thumb/v7e-m+fp/hard\libc.a(libc_a-lock.o)
                0x000000000800b250                __retarget_lock_acquire_recursive
 .text.__retarget_lock_release_recursive
                0x000000000800b252        0x2 D:/ST/STM32CubeIDE_1.14.0/STM32CubeIDE/plugins/com.st.stm32cube.ide.mcu.externaltools.gnu-tools-for-stm32.11.3.rel1.win32_1.1.100.202309141235/tools/bin/../lib/gcc/arm-none-eabi/11.3.1/../../../../arm-none-eabi/lib/thumb/v7e-m+fp/hard\libc.a(libc_a-lock.o)
                0x000000000800b252                __retarget_lock_release_recursive
 .text.memcpy   0x000000000800b254       0x1c D:/ST/STM32CubeIDE_1.14.0/STM32CubeIDE/plugins/com.st.stm32cube.ide.mcu.externaltools.gnu-tools-for-stm32.11.3.rel1.win32_1.1.100.202309141235/tools/bin/../lib/gcc/arm-none-eabi/11.3.1/../../../../arm-none-eabi/lib/thumb/v7e-m+fp/hard\libc.a(libc_a-memcpy-stub.o)
                0x000000000800b254                memcpy
 .text.nan      0x000000000800b270       0x10 D:/ST/STM32CubeIDE_1.14.0/STM32CubeIDE/plugins/com.st.stm32cube.ide.mcu.externaltools.gnu-tools-for-stm32.11.3.rel1.win32_1.1.100.202309141235/tools/bin/../lib/gcc/arm-none-eabi/11.3.1/../../../../arm-none-eabi/lib/thumb/v7e-m+fp/hard\libc.a(libm_a-s_nan.o)
                0x000000000800b270                nan
 .text.startup.register_fini
                0x000000000800b280       0x14 D:/ST/STM32CubeIDE_1.14.0/STM32CubeIDE/plugins/com.st.stm32cube.ide.mcu.externaltools.gnu-tools-for-stm32.11.3.rel1.win32_1.1.100.202309141235/tools/bin/../lib/gcc/arm-none-eabi/11.3.1/../../../../arm-none-eabi/lib/thumb/v7e-m+fp/hard\libc.a(libc_a-__call_atexit.o)
 .text.atexit   0x000000000800b294        0xc D:/ST/STM32CubeIDE_1.14.0/STM32CubeIDE/plugins/com.st.stm32cube.ide.mcu.externaltools.gnu-tools-for-stm32.11.3.rel1.win32_1.1.100.202309141235/tools/bin/../lib/gcc/arm-none-eabi/11.3.1/../../../../arm-none-eabi/lib/thumb/v7e-m+fp/hard\libc.a(libc_a-atexit.o)
                0x000000000800b294                atexit
 .text._malloc_trim_r
                0x000000000800b2a0       0xa8 D:/ST/STM32CubeIDE_1.14.0/STM32CubeIDE/plugins/com.st.stm32cube.ide.mcu.externaltools.gnu-tools-for-stm32.11.3.rel1.win32_1.1.100.202309141235/tools/bin/../lib/gcc/arm-none-eabi/11.3.1/../../../../arm-none-eabi/lib/thumb/v7e-m+fp/hard\libc.a(libc_a-freer.o)
                0x000000000800b2a0                _malloc_trim_r
 .text._free_r  0x000000000800b348      0x180 D:/ST/STM32CubeIDE_1.14.0/STM32CubeIDE/plugins/com.st.stm32cube.ide.mcu.externaltools.gnu-tools-for-stm32.11.3.rel1.win32_1.1.100.202309141235/tools/bin/../lib/gcc/arm-none-eabi/11.3.1/../../../../arm-none-eabi/lib/thumb/v7e-m+fp/hard\libc.a(libc_a-freer.o)
                0x000000000800b348                _free_r
 .text.rshift   0x000000000800b4c8       0xa4 D:/ST/STM32CubeIDE_1.14.0/STM32CubeIDE/plugins/com.st.stm32cube.ide.mcu.externaltools.gnu-tools-for-stm32.11.3.rel1.win32_1.1.100.202309141235/tools/bin/../lib/gcc/arm-none-eabi/11.3.1/../../../../arm-none-eabi/lib/thumb/v7e-m+fp/hard\libc.a(libc_a-gdtoa-gethex.o)
 .text.__hexdig_fun
                0x000000000800b56c       0x2a D:/ST/STM32CubeIDE_1.14.0/STM32CubeIDE/plugins/com.st.stm32cube.ide.mcu.externaltools.gnu-tools-for-stm32.11.3.rel1.win32_1.1.100.202309141235/tools/bin/../lib/gcc/arm-none-eabi/11.3.1/../../../../arm-none-eabi/lib/thumb/v7e-m+fp/hard\libc.a(libc_a-gdtoa-gethex.o)
                0x000000000800b56c                __hexdig_fun
 *fill*         0x000000000800b596        0x2 
 .text.__gethex
                0x000000000800b598      0x45c D:/ST/STM32CubeIDE_1.14.0/STM32CubeIDE/plugins/com.st.stm32cube.ide.mcu.externaltools.gnu-tools-for-stm32.11.3.rel1.win32_1.1.100.202309141235/tools/bin/../lib/gcc/arm-none-eabi/11.3.1/../../../../arm-none-eabi/lib/thumb/v7e-m+fp/hard\libc.a(libc_a-gdtoa-gethex.o)
                0x000000000800b598                __gethex
 .text.L_shift  0x000000000800b9f4       0x24 D:/ST/STM32CubeIDE_1.14.0/STM32CubeIDE/plugins/com.st.stm32cube.ide.mcu.externaltools.gnu-tools-for-stm32.11.3.rel1.win32_1.1.100.202309141235/tools/bin/../lib/gcc/arm-none-eabi/11.3.1/../../../../arm-none-eabi/lib/thumb/v7e-m+fp/hard\libc.a(libc_a-gdtoa-hexnan.o)
 .text.__match  0x000000000800ba18       0x28 D:/ST/STM32CubeIDE_1.14.0/STM32CubeIDE/plugins/com.st.stm32cube.ide.mcu.externaltools.gnu-tools-for-stm32.11.3.rel1.win32_1.1.100.202309141235/tools/bin/../lib/gcc/arm-none-eabi/11.3.1/../../../../arm-none-eabi/lib/thumb/v7e-m+fp/hard\libc.a(libc_a-gdtoa-hexnan.o)
                0x000000000800ba18                __match
 .text.__hexnan
                0x000000000800ba40      0x136 D:/ST/STM32CubeIDE_1.14.0/STM32CubeIDE/plugins/com.st.stm32cube.ide.mcu.externaltools.gnu-tools-for-stm32.11.3.rel1.win32_1.1.100.202309141235/tools/bin/../lib/gcc/arm-none-eabi/11.3.1/../../../../arm-none-eabi/lib/thumb/v7e-m+fp/hard\libc.a(libc_a-gdtoa-hexnan.o)
                0x000000000800ba40                __hexnan
 *fill*         0x000000000800bb76        0x2 
 .text._malloc_r
                0x000000000800bb78      0x474 D:/ST/STM32CubeIDE_1.14.0/STM32CubeIDE/plugins/com.st.stm32cube.ide.mcu.externaltools.gnu-tools-for-stm32.11.3.rel1.win32_1.1.100.202309141235/tools/bin/../lib/gcc/arm-none-eabi/11.3.1/../../../../arm-none-eabi/lib/thumb/v7e-m+fp/hard\libc.a(libc_a-mallocr.o)
                0x000000000800bb78                _malloc_r
 .text.__ascii_mbtowc
                0x000000000800bfec       0x24 D:/ST/STM32CubeIDE_1.14.0/STM32CubeIDE/plugins/com.st.stm32cube.ide.mcu.externaltools.gnu-tools-for-stm32.11.3.rel1.win32_1.1.100.202309141235/tools/bin/../lib/gcc/arm-none-eabi/11.3.1/../../../../arm-none-eabi/lib/thumb/v7e-m+fp/hard\libc.a(libc_a-mbtowc_r.o)
                0x000000000800bfec                __ascii_mbtowc
 .text.__malloc_lock
                0x000000000800c010        0xc D:/ST/STM32CubeIDE_1.14.0/STM32CubeIDE/plugins/com.st.stm32cube.ide.mcu.externaltools.gnu-tools-for-stm32.11.3.rel1.win32_1.1.100.202309141235/tools/bin/../lib/gcc/arm-none-eabi/11.3.1/../../../../arm-none-eabi/lib/thumb/v7e-m+fp/hard\libc.a(libc_a-mlock.o)
                0x000000000800c010                __malloc_lock
 .text.__malloc_unlock
                0x000000000800c01c        0xc D:/ST/STM32CubeIDE_1.14.0/STM32CubeIDE/plugins/com.st.stm32cube.ide.mcu.externaltools.gnu-tools-for-stm32.11.3.rel1.win32_1.1.100.202309141235/tools/bin/../lib/gcc/arm-none-eabi/11.3.1/../../../../arm-none-eabi/lib/thumb/v7e-m+fp/hard\libc.a(libc_a-mlock.o)
                0x000000000800c01c                __malloc_unlock
 .text._Balloc  0x000000000800c028       0x4a D:/ST/STM32CubeIDE_1.14.0/STM32CubeIDE/plugins/com.st.stm32cube.ide.mcu.externaltools.gnu-tools-for-stm32.11.3.rel1.win32_1.1.100.202309141235/tools/bin/../lib/gcc/arm-none-eabi/11.3.1/../../../../arm-none-eabi/lib/thumb/v7e-m+fp/hard\libc.a(libc_a-mprec.o)
                0x000000000800c028                _Balloc
 .text._Bfree   0x000000000800c072       0x12 D:/ST/STM32CubeIDE_1.14.0/STM32CubeIDE/plugins/com.st.stm32cube.ide.mcu.externaltools.gnu-tools-for-stm32.11.3.rel1.win32_1.1.100.202309141235/tools/bin/../lib/gcc/arm-none-eabi/11.3.1/../../../../arm-none-eabi/lib/thumb/v7e-m+fp/hard\libc.a(libc_a-mprec.o)
                0x000000000800c072                _Bfree
 .text.__multadd
                0x000000000800c084       0x8c D:/ST/STM32CubeIDE_1.14.0/STM32CubeIDE/plugins/com.st.stm32cube.ide.mcu.externaltools.gnu-tools-for-stm32.11.3.rel1.win32_1.1.100.202309141235/tools/bin/../lib/gcc/arm-none-eabi/11.3.1/../../../../arm-none-eabi/lib/thumb/v7e-m+fp/hard\libc.a(libc_a-mprec.o)
                0x000000000800c084                __multadd
 .text.__s2b    0x000000000800c110       0x94 D:/ST/STM32CubeIDE_1.14.0/STM32CubeIDE/plugins/com.st.stm32cube.ide.mcu.externaltools.gnu-tools-for-stm32.11.3.rel1.win32_1.1.100.202309141235/tools/bin/../lib/gcc/arm-none-eabi/11.3.1/../../../../arm-none-eabi/lib/thumb/v7e-m+fp/hard\libc.a(libc_a-mprec.o)
                0x000000000800c110                __s2b
 .text.__hi0bits
                0x000000000800c1a4       0x40 D:/ST/STM32CubeIDE_1.14.0/STM32CubeIDE/plugins/com.st.stm32cube.ide.mcu.externaltools.gnu-tools-for-stm32.11.3.rel1.win32_1.1.100.202309141235/tools/bin/../lib/gcc/arm-none-eabi/11.3.1/../../../../arm-none-eabi/lib/thumb/v7e-m+fp/hard\libc.a(libc_a-mprec.o)
                0x000000000800c1a4                __hi0bits
 .text.__lo0bits
                0x000000000800c1e4       0x5a D:/ST/STM32CubeIDE_1.14.0/STM32CubeIDE/plugins/com.st.stm32cube.ide.mcu.externaltools.gnu-tools-for-stm32.11.3.rel1.win32_1.1.100.202309141235/tools/bin/../lib/gcc/arm-none-eabi/11.3.1/../../../../arm-none-eabi/lib/thumb/v7e-m+fp/hard\libc.a(libc_a-mprec.o)
                0x000000000800c1e4                __lo0bits
 *fill*         0x000000000800c23e        0x2 
 .text.__i2b    0x000000000800c240       0x2c D:/ST/STM32CubeIDE_1.14.0/STM32CubeIDE/plugins/com.st.stm32cube.ide.mcu.externaltools.gnu-tools-for-stm32.11.3.rel1.win32_1.1.100.202309141235/tools/bin/../lib/gcc/arm-none-eabi/11.3.1/../../../../arm-none-eabi/lib/thumb/v7e-m+fp/hard\libc.a(libc_a-mprec.o)
                0x000000000800c240                __i2b
 .text.__multiply
                0x000000000800c26c      0x154 D:/ST/STM32CubeIDE_1.14.0/STM32CubeIDE/plugins/com.st.stm32cube.ide.mcu.externaltools.gnu-tools-for-stm32.11.3.rel1.win32_1.1.100.202309141235/tools/bin/../lib/gcc/arm-none-eabi/11.3.1/../../../../arm-none-eabi/lib/thumb/v7e-m+fp/hard\libc.a(libc_a-mprec.o)
                0x000000000800c26c                __multiply
 .text.__pow5mult
                0x000000000800c3c0       0x80 D:/ST/STM32CubeIDE_1.14.0/STM32CubeIDE/plugins/com.st.stm32cube.ide.mcu.externaltools.gnu-tools-for-stm32.11.3.rel1.win32_1.1.100.202309141235/tools/bin/../lib/gcc/arm-none-eabi/11.3.1/../../../../arm-none-eabi/lib/thumb/v7e-m+fp/hard\libc.a(libc_a-mprec.o)
                0x000000000800c3c0                __pow5mult
 .text.__lshift
                0x000000000800c440       0xd8 D:/ST/STM32CubeIDE_1.14.0/STM32CubeIDE/plugins/com.st.stm32cube.ide.mcu.externaltools.gnu-tools-for-stm32.11.3.rel1.win32_1.1.100.202309141235/tools/bin/../lib/gcc/arm-none-eabi/11.3.1/../../../../arm-none-eabi/lib/thumb/v7e-m+fp/hard\libc.a(libc_a-mprec.o)
                0x000000000800c440                __lshift
 .text.__mcmp   0x000000000800c518       0x38 D:/ST/STM32CubeIDE_1.14.0/STM32CubeIDE/plugins/com.st.stm32cube.ide.mcu.externaltools.gnu-tools-for-stm32.11.3.rel1.win32_1.1.100.202309141235/tools/bin/../lib/gcc/arm-none-eabi/11.3.1/../../../../arm-none-eabi/lib/thumb/v7e-m+fp/hard\libc.a(libc_a-mprec.o)
                0x000000000800c518                __mcmp
 .text.__mdiff  0x000000000800c550      0x114 D:/ST/STM32CubeIDE_1.14.0/STM32CubeIDE/plugins/com.st.stm32cube.ide.mcu.externaltools.gnu-tools-for-stm32.11.3.rel1.win32_1.1.100.202309141235/tools/bin/../lib/gcc/arm-none-eabi/11.3.1/../../../../arm-none-eabi/lib/thumb/v7e-m+fp/hard\libc.a(libc_a-mprec.o)
                0x000000000800c550                __mdiff
 .text.__ulp    0x000000000800c664       0x4c D:/ST/STM32CubeIDE_1.14.0/STM32CubeIDE/plugins/com.st.stm32cube.ide.mcu.externaltools.gnu-tools-for-stm32.11.3.rel1.win32_1.1.100.202309141235/tools/bin/../lib/gcc/arm-none-eabi/11.3.1/../../../../arm-none-eabi/lib/thumb/v7e-m+fp/hard\libc.a(libc_a-mprec.o)
                0x000000000800c664                __ulp
 .text.__b2d    0x000000000800c6b0       0x94 D:/ST/STM32CubeIDE_1.14.0/STM32CubeIDE/plugins/com.st.stm32cube.ide.mcu.externaltools.gnu-tools-for-stm32.11.3.rel1.win32_1.1.100.202309141235/tools/bin/../lib/gcc/arm-none-eabi/11.3.1/../../../../arm-none-eabi/lib/thumb/v7e-m+fp/hard\libc.a(libc_a-mprec.o)
                0x000000000800c6b0                __b2d
 .text.__d2b    0x000000000800c744       0xb4 D:/ST/STM32CubeIDE_1.14.0/STM32CubeIDE/plugins/com.st.stm32cube.ide.mcu.externaltools.gnu-tools-for-stm32.11.3.rel1.win32_1.1.100.202309141235/tools/bin/../lib/gcc/arm-none-eabi/11.3.1/../../../../arm-none-eabi/lib/thumb/v7e-m+fp/hard\libc.a(libc_a-mprec.o)
                0x000000000800c744                __d2b
 .text.__ratio  0x000000000800c7f8       0x66 D:/ST/STM32CubeIDE_1.14.0/STM32CubeIDE/plugins/com.st.stm32cube.ide.mcu.externaltools.gnu-tools-for-stm32.11.3.rel1.win32_1.1.100.202309141235/tools/bin/../lib/gcc/arm-none-eabi/11.3.1/../../../../arm-none-eabi/lib/thumb/v7e-m+fp/hard\libc.a(libc_a-mprec.o)
                0x000000000800c7f8                __ratio
 .text.__copybits
                0x000000000800c85e       0x46 D:/ST/STM32CubeIDE_1.14.0/STM32CubeIDE/plugins/com.st.stm32cube.ide.mcu.externaltools.gnu-tools-for-stm32.11.3.rel1.win32_1.1.100.202309141235/tools/bin/../lib/gcc/arm-none-eabi/11.3.1/../../../../arm-none-eabi/lib/thumb/v7e-m+fp/hard\libc.a(libc_a-mprec.o)
                0x000000000800c85e                __copybits
 .text.__any_on
                0x000000000800c8a4       0x42 D:/ST/STM32CubeIDE_1.14.0/STM32CubeIDE/plugins/com.st.stm32cube.ide.mcu.externaltools.gnu-tools-for-stm32.11.3.rel1.win32_1.1.100.202309141235/tools/bin/../lib/gcc/arm-none-eabi/11.3.1/../../../../arm-none-eabi/lib/thumb/v7e-m+fp/hard\libc.a(libc_a-mprec.o)
                0x000000000800c8a4                __any_on
 .text.__ascii_wctomb
                0x000000000800c8e6       0x1a D:/ST/STM32CubeIDE_1.14.0/STM32CubeIDE/plugins/com.st.stm32cube.ide.mcu.externaltools.gnu-tools-for-stm32.11.3.rel1.win32_1.1.100.202309141235/tools/bin/../lib/gcc/arm-none-eabi/11.3.1/../../../../arm-none-eabi/lib/thumb/v7e-m+fp/hard\libc.a(libc_a-wctomb_r.o)
                0x000000000800c8e6                __ascii_wctomb
 .text._svfprintf_r
                0x000000000800c900     0x13dc D:/ST/STM32CubeIDE_1.14.0/STM32CubeIDE/plugins/com.st.stm32cube.ide.mcu.externaltools.gnu-tools-for-stm32.11.3.rel1.win32_1.1.100.202309141235/tools/bin/../lib/gcc/arm-none-eabi/11.3.1/../../../../arm-none-eabi/lib/thumb/v7e-m+fp/hard\libc.a(libc_a-svfprintf.o)
                0x000000000800c900                _svfprintf_r
 .text._fclose_r
                0x000000000800dcdc       0xae D:/ST/STM32CubeIDE_1.14.0/STM32CubeIDE/plugins/com.st.stm32cube.ide.mcu.externaltools.gnu-tools-for-stm32.11.3.rel1.win32_1.1.100.202309141235/tools/bin/../lib/gcc/arm-none-eabi/11.3.1/../../../../arm-none-eabi/lib/thumb/v7e-m+fp/hard\libc.a(libc_a-fclose.o)
                0x000000000800dcdc                _fclose_r
 *fill*         0x000000000800dd8a        0x2 
 .text.__sflush_r
                0x000000000800dd8c      0x11c D:/ST/STM32CubeIDE_1.14.0/STM32CubeIDE/plugins/com.st.stm32cube.ide.mcu.externaltools.gnu-tools-for-stm32.11.3.rel1.win32_1.1.100.202309141235/tools/bin/../lib/gcc/arm-none-eabi/11.3.1/../../../../arm-none-eabi/lib/thumb/v7e-m+fp/hard\libc.a(libc_a-fflush.o)
                0x000000000800dd8c                __sflush_r
 .text._fflush_r
                0x000000000800dea8       0x4a D:/ST/STM32CubeIDE_1.14.0/STM32CubeIDE/plugins/com.st.stm32cube.ide.mcu.externaltools.gnu-tools-for-stm32.11.3.rel1.win32_1.1.100.202309141235/tools/bin/../lib/gcc/arm-none-eabi/11.3.1/../../../../arm-none-eabi/lib/thumb/v7e-m+fp/hard\libc.a(libc_a-fflush.o)
                0x000000000800dea8                _fflush_r
 .text.strncpy  0x000000000800def2       0x26 D:/ST/STM32CubeIDE_1.14.0/STM32CubeIDE/plugins/com.st.stm32cube.ide.mcu.externaltools.gnu-tools-for-stm32.11.3.rel1.win32_1.1.100.202309141235/tools/bin/../lib/gcc/arm-none-eabi/11.3.1/../../../../arm-none-eabi/lib/thumb/v7e-m+fp/hard\libc.a(libc_a-strncpy.o)
                0x000000000800def2                strncpy
 .text._localeconv_r
                0x000000000800df18        0x8 D:/ST/STM32CubeIDE_1.14.0/STM32CubeIDE/plugins/com.st.stm32cube.ide.mcu.externaltools.gnu-tools-for-stm32.11.3.rel1.win32_1.1.100.202309141235/tools/bin/../lib/gcc/arm-none-eabi/11.3.1/../../../../arm-none-eabi/lib/thumb/v7e-m+fp/hard\libc.a(libc_a-localeconv.o)
                0x000000000800df18                _localeconv_r
 .text._sbrk_r  0x000000000800df20       0x20 D:/ST/STM32CubeIDE_1.14.0/STM32CubeIDE/plugins/com.st.stm32cube.ide.mcu.externaltools.gnu-tools-for-stm32.11.3.rel1.win32_1.1.100.202309141235/tools/bin/../lib/gcc/arm-none-eabi/11.3.1/../../../../arm-none-eabi/lib/thumb/v7e-m+fp/hard\libc.a(libc_a-sbrkr.o)
                0x000000000800df20                _sbrk_r
 .text.__libc_fini_array
                0x000000000800df40       0x28 D:/ST/STM32CubeIDE_1.14.0/STM32CubeIDE/plugins/com.st.stm32cube.ide.mcu.externaltools.gnu-tools-for-stm32.11.3.rel1.win32_1.1.100.202309141235/tools/bin/../lib/gcc/arm-none-eabi/11.3.1/../../../../arm-none-eabi/lib/thumb/v7e-m+fp/hard\libc.a(libc_a-fini.o)
                0x000000000800df40                __libc_fini_array
 .text.sysconf  0x000000000800df68       0x18 D:/ST/STM32CubeIDE_1.14.0/STM32CubeIDE/plugins/com.st.stm32cube.ide.mcu.externaltools.gnu-tools-for-stm32.11.3.rel1.win32_1.1.100.202309141235/tools/bin/../lib/gcc/arm-none-eabi/11.3.1/../../../../arm-none-eabi/lib/thumb/v7e-m+fp/hard\libc.a(libc_a-sysconf.o)
                0x000000000800df68                sysconf
 .text.frexp    0x000000000800df80       0x70 D:/ST/STM32CubeIDE_1.14.0/STM32CubeIDE/plugins/com.st.stm32cube.ide.mcu.externaltools.gnu-tools-for-stm32.11.3.rel1.win32_1.1.100.202309141235/tools/bin/../lib/gcc/arm-none-eabi/11.3.1/../../../../arm-none-eabi/lib/thumb/v7e-m+fp/hard\libc.a(libm_a-s_frexp.o)
                0x000000000800df80                frexp
 .text.__register_exitproc
                0x000000000800dff0       0x80 D:/ST/STM32CubeIDE_1.14.0/STM32CubeIDE/plugins/com.st.stm32cube.ide.mcu.externaltools.gnu-tools-for-stm32.11.3.rel1.win32_1.1.100.202309141235/tools/bin/../lib/gcc/arm-none-eabi/11.3.1/../../../../arm-none-eabi/lib/thumb/v7e-m+fp/hard\libc.a(libc_a-__atexit.o)
                0x000000000800dff0                __register_exitproc
 .text.__assert_func
                0x000000000800e070       0x3c D:/ST/STM32CubeIDE_1.14.0/STM32CubeIDE/plugins/com.st.stm32cube.ide.mcu.externaltools.gnu-tools-for-stm32.11.3.rel1.win32_1.1.100.202309141235/tools/bin/../lib/gcc/arm-none-eabi/11.3.1/../../../../arm-none-eabi/lib/thumb/v7e-m+fp/hard\libc.a(libc_a-assert.o)
                0x000000000800e070                __assert_func
 .text._calloc_r
                0x000000000800e0ac       0x6a D:/ST/STM32CubeIDE_1.14.0/STM32CubeIDE/plugins/com.st.stm32cube.ide.mcu.externaltools.gnu-tools-for-stm32.11.3.rel1.win32_1.1.100.202309141235/tools/bin/../lib/gcc/arm-none-eabi/11.3.1/../../../../arm-none-eabi/lib/thumb/v7e-m+fp/hard\libc.a(libc_a-callocr.o)
                0x000000000800e0ac                _calloc_r
 .text.quorem   0x000000000800e116      0x110 D:/ST/STM32CubeIDE_1.14.0/STM32CubeIDE/plugins/com.st.stm32cube.ide.mcu.externaltools.gnu-tools-for-stm32.11.3.rel1.win32_1.1.100.202309141235/tools/bin/../lib/gcc/arm-none-eabi/11.3.1/../../../../arm-none-eabi/lib/thumb/v7e-m+fp/hard\libc.a(libc_a-dtoa.o)
 *fill*         0x000000000800e226        0x2 
 .text._dtoa_r  0x000000000800e228      0xbac D:/ST/STM32CubeIDE_1.14.0/STM32CubeIDE/plugins/com.st.stm32cube.ide.mcu.externaltools.gnu-tools-for-stm32.11.3.rel1.win32_1.1.100.202309141235/tools/bin/../lib/gcc/arm-none-eabi/11.3.1/../../../../arm-none-eabi/lib/thumb/v7e-m+fp/hard\libc.a(libc_a-dtoa.o)
                0x000000000800e228                _dtoa_r
 .text.fiprintf
                0x000000000800edd4       0x24 D:/ST/STM32CubeIDE_1.14.0/STM32CubeIDE/plugins/com.st.stm32cube.ide.mcu.externaltools.gnu-tools-for-stm32.11.3.rel1.win32_1.1.100.202309141235/tools/bin/../lib/gcc/arm-none-eabi/11.3.1/../../../../arm-none-eabi/lib/thumb/v7e-m+fp/hard\libc.a(libc_a-fiprintf.o)
                0x000000000800edd4                fiprintf
 .text.__ssprint_r
                0x000000000800edf8       0xfa D:/ST/STM32CubeIDE_1.14.0/STM32CubeIDE/plugins/com.st.stm32cube.ide.mcu.externaltools.gnu-tools-for-stm32.11.3.rel1.win32_1.1.100.202309141235/tools/bin/../lib/gcc/arm-none-eabi/11.3.1/../../../../arm-none-eabi/lib/thumb/v7e-m+fp/hard\libc.a(libc_a-svfiprintf.o)
                0x000000000800edf8                __ssprint_r
 .text.__sprint_r
                0x000000000800eef2       0x64 D:/ST/STM32CubeIDE_1.14.0/STM32CubeIDE/plugins/com.st.stm32cube.ide.mcu.externaltools.gnu-tools-for-stm32.11.3.rel1.win32_1.1.100.202309141235/tools/bin/../lib/gcc/arm-none-eabi/11.3.1/../../../../arm-none-eabi/lib/thumb/v7e-m+fp/hard\libc.a(libc_a-vfiprintf.o)
                0x000000000800eef2                __sprint_r
 *fill*         0x000000000800ef56        0x2 
 .text._vfiprintf_r
                0x000000000800ef58      0x924 D:/ST/STM32CubeIDE_1.14.0/STM32CubeIDE/plugins/com.st.stm32cube.ide.mcu.externaltools.gnu-tools-for-stm32.11.3.rel1.win32_1.1.100.202309141235/tools/bin/../lib/gcc/arm-none-eabi/11.3.1/../../../../arm-none-eabi/lib/thumb/v7e-m+fp/hard\libc.a(libc_a-vfiprintf.o)
                0x000000000800ef58                _vfiprintf_r
 .text.__sbprintf
                0x000000000800f87c       0x80 D:/ST/STM32CubeIDE_1.14.0/STM32CubeIDE/plugins/com.st.stm32cube.ide.mcu.externaltools.gnu-tools-for-stm32.11.3.rel1.win32_1.1.100.202309141235/tools/bin/../lib/gcc/arm-none-eabi/11.3.1/../../../../arm-none-eabi/lib/thumb/v7e-m+fp/hard\libc.a(libc_a-vfiprintf.o)
 .text.__sfvwrite_r
                0x000000000800f8fc      0x294 D:/ST/STM32CubeIDE_1.14.0/STM32CubeIDE/plugins/com.st.stm32cube.ide.mcu.externaltools.gnu-tools-for-stm32.11.3.rel1.win32_1.1.100.202309141235/tools/bin/../lib/gcc/arm-none-eabi/11.3.1/../../../../arm-none-eabi/lib/thumb/v7e-m+fp/hard\libc.a(libc_a-fvwrite.o)
                0x000000000800f8fc                __sfvwrite_r
 .text.__swsetup_r
                0x000000000800fb90       0xb0 D:/ST/STM32CubeIDE_1.14.0/STM32CubeIDE/plugins/com.st.stm32cube.ide.mcu.externaltools.gnu-tools-for-stm32.11.3.rel1.win32_1.1.100.202309141235/tools/bin/../lib/gcc/arm-none-eabi/11.3.1/../../../../arm-none-eabi/lib/thumb/v7e-m+fp/hard\libc.a(libc_a-wsetup.o)
                0x000000000800fb90                __swsetup_r
 .text.__fputwc
                0x000000000800fc40       0x82 D:/ST/STM32CubeIDE_1.14.0/STM32CubeIDE/plugins/com.st.stm32cube.ide.mcu.externaltools.gnu-tools-for-stm32.11.3.rel1.win32_1.1.100.202309141235/tools/bin/../lib/gcc/arm-none-eabi/11.3.1/../../../../arm-none-eabi/lib/thumb/v7e-m+fp/hard\libc.a(libc_a-fputwc.o)
                0x000000000800fc40                __fputwc
 .text._fputwc_r
                0x000000000800fcc2       0x54 D:/ST/STM32CubeIDE_1.14.0/STM32CubeIDE/plugins/com.st.stm32cube.ide.mcu.externaltools.gnu-tools-for-stm32.11.3.rel1.win32_1.1.100.202309141235/tools/bin/../lib/gcc/arm-none-eabi/11.3.1/../../../../arm-none-eabi/lib/thumb/v7e-m+fp/hard\libc.a(libc_a-fputwc.o)
                0x000000000800fcc2                _fputwc_r
 .text.memmove  0x000000000800fd16       0x34 D:/ST/STM32CubeIDE_1.14.0/STM32CubeIDE/plugins/com.st.stm32cube.ide.mcu.externaltools.gnu-tools-for-stm32.11.3.rel1.win32_1.1.100.202309141235/tools/bin/../lib/gcc/arm-none-eabi/11.3.1/../../../../arm-none-eabi/lib/thumb/v7e-m+fp/hard\libc.a(libc_a-memmove.o)
                0x000000000800fd16                memmove
 .text.abort    0x000000000800fd4a        0xe D:/ST/STM32CubeIDE_1.14.0/STM32CubeIDE/plugins/com.st.stm32cube.ide.mcu.externaltools.gnu-tools-for-stm32.11.3.rel1.win32_1.1.100.202309141235/tools/bin/../lib/gcc/arm-none-eabi/11.3.1/../../../../arm-none-eabi/lib/thumb/v7e-m+fp/hard\libc.a(libc_a-abort.o)
                0x000000000800fd4a                abort
 .text._realloc_r