D:/EduKit/Edukit_Rotary_Inverted_Pendulum_Project/Edukit_Rotary_Inverted_Pendulum_Project/Drivers/BSP/X-NUCLEO-IHMxx/x_nucleo_ihm01a1_stm32f4xx.c:115:6:L6474_Board_Delay	16	static
D:/EduKit/Edukit_Rotary_Inverted_Pendulum_Project/Edukit_Rotary_Inverted_Pendulum_Project/Drivers/BSP/X-NUCLEO-IHMxx/x_nucleo_ihm01a1_stm32f4xx.c:124:6:L6474_Board_DisableIrq	4	static,ignoring_inline_asm
D:/EduKit/Edukit_Rotary_Inverted_Pendulum_Project/Edukit_Rotary_Inverted_Pendulum_Project/Drivers/BSP/X-NUCLEO-IHMxx/x_nucleo_ihm01a1_stm32f4xx.c:133:6:L6474_Board_EnableIrq	4	static,ignoring_inline_asm
D:/EduKit/Edukit_Rotary_Inverted_Pendulum_Project/Edukit_Rotary_Inverted_Pendulum_Project/Drivers/BSP/X-NUCLEO-IHMxx/x_nucleo_ihm01a1_stm32f4xx.c:143:6:L6474_Board_GpioInit	48	static
D:/EduKit/Edukit_Rotary_Inverted_Pendulum_Project/Edukit_Rotary_Inverted_Pendulum_Project/Drivers/BSP/X-NUCLEO-IHMxx/x_nucleo_ihm01a1_stm32f4xx.c:219:10:L6474_Board_Pwm1GetCounter	4	static
D:/EduKit/Edukit_Rotary_Inverted_Pendulum_Project/Edukit_Rotary_Inverted_Pendulum_Project/Drivers/BSP/X-NUCLEO-IHMxx/x_nucleo_ihm01a1_stm32f4xx.c:229:6:L6474_Board_Pwm1SetPeriod	16	static
D:/EduKit/Edukit_Rotary_Inverted_Pendulum_Project/Edukit_Rotary_Inverted_Pendulum_Project/Drivers/BSP/X-NUCLEO-IHMxx/x_nucleo_ihm01a1_stm32f4xx.c:244:6:L6474_Board_Pwm1SetFreq	24	static
D:/EduKit/Edukit_Rotary_Inverted_Pendulum_Project/Edukit_Rotary_Inverted_Pendulum_Project/Drivers/BSP/X-NUCLEO-IHMxx/x_nucleo_ihm01a1_stm32f4xx.c:262:6:L6474_Board_Pwm2SetFreq	24	static
D:/EduKit/Edukit_Rotary_Inverted_Pendulum_Project/Edukit_Rotary_Inverted_Pendulum_Project/Drivers/BSP/X-NUCLEO-IHMxx/x_nucleo_ihm01a1_stm32f4xx.c:277:6:L6474_Board_Pwm3SetFreq	24	static
D:/EduKit/Edukit_Rotary_Inverted_Pendulum_Project/Edukit_Rotary_Inverted_Pendulum_Project/Drivers/BSP/X-NUCLEO-IHMxx/x_nucleo_ihm01a1_stm32f4xx.c:296:6:L6474_Board_PwmInit	64	static
D:/EduKit/Edukit_Rotary_Inverted_Pendulum_Project/Edukit_Rotary_Inverted_Pendulum_Project/Drivers/BSP/X-NUCLEO-IHMxx/x_nucleo_ihm01a1_stm32f4xx.c:348:6:L6474_Board_PwmStop	16	static
D:/EduKit/Edukit_Rotary_Inverted_Pendulum_Project/Edukit_Rotary_Inverted_Pendulum_Project/Drivers/BSP/X-NUCLEO-IHMxx/x_nucleo_ihm01a1_stm32f4xx.c:374:6:L6474_Board_ReleaseReset	16	static
D:/EduKit/Edukit_Rotary_Inverted_Pendulum_Project/Edukit_Rotary_Inverted_Pendulum_Project/Drivers/BSP/X-NUCLEO-IHMxx/x_nucleo_ihm01a1_stm32f4xx.c:384:6:L6474_Board_Reset	16	static
D:/EduKit/Edukit_Rotary_Inverted_Pendulum_Project/Edukit_Rotary_Inverted_Pendulum_Project/Drivers/BSP/X-NUCLEO-IHMxx/x_nucleo_ihm01a1_stm32f4xx.c:395:6:L6474_Board_SetDirectionGpio	16	static
D:/EduKit/Edukit_Rotary_Inverted_Pendulum_Project/Edukit_Rotary_Inverted_Pendulum_Project/Drivers/BSP/X-NUCLEO-IHMxx/x_nucleo_ihm01a1_stm32f4xx.c:417:9:L6474_Board_SpiInit	16	static
D:/EduKit/Edukit_Rotary_Inverted_Pendulum_Project/Edukit_Rotary_Inverted_Pendulum_Project/Drivers/BSP/X-NUCLEO-IHMxx/x_nucleo_ihm01a1_stm32f4xx.c:447:9:L6474_Board_SpiWriteBytes	40	static
